Component: ARM Compiler 5.06 update 7 (build 960) Tool: armlink [4d3601]

==============================================================================

Section Cross References

    startup_stm32f103xb.o(STACK) refers (Special) to heapauxi.o(.text) for __use_two_region_memory
    startup_stm32f103xb.o(HEAP) refers (Special) to heapauxi.o(.text) for __use_two_region_memory
    startup_stm32f103xb.o(RESET) refers (Special) to heapauxi.o(.text) for __use_two_region_memory
    startup_stm32f103xb.o(RESET) refers to startup_stm32f103xb.o(STACK) for __initial_sp
    startup_stm32f103xb.o(RESET) refers to startup_stm32f103xb.o(.text) for Reset_Handler
    startup_stm32f103xb.o(RESET) refers to stm32f1xx_it.o(i.NMI_Handler) for NMI_Handler
    startup_stm32f103xb.o(RESET) refers to stm32f1xx_it.o(i.HardFault_Handler) for HardFault_Handler
    startup_stm32f103xb.o(RESET) refers to stm32f1xx_it.o(i.MemManage_Handler) for MemManage_Handler
    startup_stm32f103xb.o(RESET) refers to stm32f1xx_it.o(i.BusFault_Handler) for BusFault_Handler
    startup_stm32f103xb.o(RESET) refers to stm32f1xx_it.o(i.UsageFault_Handler) for UsageFault_Handler
    startup_stm32f103xb.o(RESET) refers to stm32f1xx_it.o(i.SVC_Handler) for SVC_Handler
    startup_stm32f103xb.o(RESET) refers to stm32f1xx_it.o(i.DebugMon_Handler) for DebugMon_Handler
    startup_stm32f103xb.o(RESET) refers to stm32f1xx_it.o(i.PendSV_Handler) for PendSV_Handler
    startup_stm32f103xb.o(RESET) refers to stm32f1xx_it.o(i.SysTick_Handler) for SysTick_Handler
    startup_stm32f103xb.o(RESET) refers to stm32f1xx_it.o(i.DMA1_Channel6_IRQHandler) for DMA1_Channel6_IRQHandler
    startup_stm32f103xb.o(RESET) refers to stm32f1xx_it.o(i.DMA1_Channel7_IRQHandler) for DMA1_Channel7_IRQHandler
    startup_stm32f103xb.o(RESET) refers to stm32f1xx_it.o(i.ADC1_2_IRQHandler) for ADC1_2_IRQHandler
    startup_stm32f103xb.o(RESET) refers to stm32f1xx_it.o(i.TIM1_UP_IRQHandler) for TIM1_UP_IRQHandler
    startup_stm32f103xb.o(RESET) refers to stm32f1xx_it.o(i.TIM2_IRQHandler) for TIM2_IRQHandler
    startup_stm32f103xb.o(RESET) refers to stm32f1xx_it.o(i.I2C1_EV_IRQHandler) for I2C1_EV_IRQHandler
    startup_stm32f103xb.o(RESET) refers to stm32f1xx_it.o(i.I2C1_ER_IRQHandler) for I2C1_ER_IRQHandler
    startup_stm32f103xb.o(.text) refers (Special) to heapauxi.o(.text) for __use_two_region_memory
    startup_stm32f103xb.o(.text) refers to system_stm32f1xx.o(i.SystemInit) for SystemInit
    startup_stm32f103xb.o(.text) refers to __main.o(!!!main) for __main
    startup_stm32f103xb.o(.text) refers to startup_stm32f103xb.o(HEAP) for Heap_Mem
    startup_stm32f103xb.o(.text) refers to startup_stm32f103xb.o(STACK) for Stack_Mem
    main.o(i.SystemClock_Config) refers to rt_memclr_w.o(.text) for __aeabi_memclr4
    main.o(i.SystemClock_Config) refers to stm32f1xx_hal_rcc.o(i.HAL_RCC_OscConfig) for HAL_RCC_OscConfig
    main.o(i.SystemClock_Config) refers to main.o(i.Error_Handler) for Error_Handler
    main.o(i.SystemClock_Config) refers to stm32f1xx_hal_rcc.o(i.HAL_RCC_ClockConfig) for HAL_RCC_ClockConfig
    main.o(i.SystemClock_Config) refers to stm32f1xx_hal_rcc_ex.o(i.HAL_RCCEx_PeriphCLKConfig) for HAL_RCCEx_PeriphCLKConfig
    main.o(i.main) refers to stm32f1xx_hal.o(i.HAL_Init) for HAL_Init
    main.o(i.main) refers to main.o(i.SystemClock_Config) for SystemClock_Config
    main.o(i.main) refers to gpio.o(i.MX_GPIO_Init) for MX_GPIO_Init
    main.o(i.main) refers to dma.o(i.MX_DMA_Init) for MX_DMA_Init
    main.o(i.main) refers to adc.o(i.MX_ADC1_Init) for MX_ADC1_Init
    main.o(i.main) refers to adc.o(i.MX_ADC2_Init) for MX_ADC2_Init
    main.o(i.main) refers to tim.o(i.MX_TIM1_Init) for MX_TIM1_Init
    main.o(i.main) refers to tim.o(i.MX_TIM2_Init) for MX_TIM2_Init
    main.o(i.main) refers to i2c.o(i.MX_I2C1_Init) for MX_I2C1_Init
    main.o(i.main) refers to foc_math.o(i.FOC_Init) for FOC_Init
    main.o(i.main) refers to foc_math.o(i.FOCSetCurrent) for FOCSetCurrent
    main.o(i.main) refers to main.o(.data) for current
    gpio.o(i.MX_GPIO_Init) refers to stm32f1xx_hal_gpio.o(i.HAL_GPIO_WritePin) for HAL_GPIO_WritePin
    gpio.o(i.MX_GPIO_Init) refers to stm32f1xx_hal_gpio.o(i.HAL_GPIO_Init) for HAL_GPIO_Init
    adc.o(i.HAL_ADC_MspDeInit) refers to stm32f1xx_hal_gpio.o(i.HAL_GPIO_DeInit) for HAL_GPIO_DeInit
    adc.o(i.HAL_ADC_MspInit) refers to stm32f1xx_hal_gpio.o(i.HAL_GPIO_Init) for HAL_GPIO_Init
    adc.o(i.HAL_ADC_MspInit) refers to stm32f1xx_hal_cortex.o(i.HAL_NVIC_SetPriority) for HAL_NVIC_SetPriority
    adc.o(i.HAL_ADC_MspInit) refers to stm32f1xx_hal_cortex.o(i.HAL_NVIC_EnableIRQ) for HAL_NVIC_EnableIRQ
    adc.o(i.MX_ADC1_Init) refers to rt_memclr_w.o(.text) for __aeabi_memclr4
    adc.o(i.MX_ADC1_Init) refers to stm32f1xx_hal_adc.o(i.HAL_ADC_Init) for HAL_ADC_Init
    adc.o(i.MX_ADC1_Init) refers to main.o(i.Error_Handler) for Error_Handler
[...]
    i.HAL_TIMEx_BreakCallback                0x0800324c   Section        0  stm32f1xx_hal_tim_ex.o(i.HAL_TIMEx_BreakCallback)
    i.HAL_TIMEx_CommutCallback               0x0800324e   Section        0  stm32f1xx_hal_tim_ex.o(i.HAL_TIMEx_CommutCallback)
    i.HAL_TIMEx_ConfigBreakDeadTime          0x08003250   Section        0  stm32f1xx_hal_tim_ex.o(i.HAL_TIMEx_ConfigBreakDeadTime)
    i.HAL_TIMEx_MasterConfigSynchronization  0x080032c4   Section        0  stm32f1xx_hal_tim_ex.o(i.HAL_TIMEx_MasterConfigSynchronization)
    i.HAL_TIMEx_PWMN_Start                   0x08003348   Section        0  stm32f1xx_hal_tim_ex.o(i.HAL_TIMEx_PWMN_Start)
    i.HAL_TIM_Base_Init                      0x0800340c   Section        0  stm32f1xx_hal_tim.o(i.HAL_TIM_Base_Init)
    i.HAL_TIM_Base_MspInit                   0x08003474   Section        0  tim.o(i.HAL_TIM_Base_MspInit)
    i.HAL_TIM_Base_Start                     0x080034b8   Section        0  stm32f1xx_hal_tim.o(i.HAL_TIM_Base_Start)
    i.HAL_TIM_Base_Start_IT                  0x08003524   Section        0  stm32f1xx_hal_tim.o(i.HAL_TIM_Base_Start_IT)
    i.HAL_TIM_ConfigClockSource              0x0800359c   Section        0  stm32f1xx_hal_tim.o(i.HAL_TIM_ConfigClockSource)
    i.HAL_TIM_IC_CaptureCallback             0x080036a8   Section        0  stm32f1xx_hal_tim.o(i.HAL_TIM_IC_CaptureCallback)
    i.HAL_TIM_IRQHandler                     0x080036aa   Section        0  stm32f1xx_hal_tim.o(i.HAL_TIM_IRQHandler)
    i.HAL_TIM_MspPostInit                    0x08003818   Section        0  tim.o(i.HAL_TIM_MspPostInit)
    i.HAL_TIM_OC_DelayElapsedCallback        0x080038a8   Section        0  stm32f1xx_hal_tim.o(i.HAL_TIM_OC_DelayElapsedCallback)
    i.HAL_TIM_PWM_ConfigChannel              0x080038aa   Section        0  stm32f1xx_hal_tim.o(i.HAL_TIM_PWM_ConfigChannel)
    i.HAL_TIM_PWM_Init                       0x080039ae   Section        0  stm32f1xx_hal_tim.o(i.HAL_TIM_PWM_Init)
    i.HAL_TIM_PWM_MspInit                    0x08003a14   Section        0  tim.o(i.HAL_TIM_PWM_MspInit)
    i.HAL_TIM_PWM_PulseFinishedCallback      0x08003a54   Section        0  stm32f1xx_hal_tim.o(i.HAL_TIM_PWM_PulseFinishedCallback)
    i.HAL_TIM_PWM_Start                      0x08003a58   Section        0  stm32f1xx_hal_tim.o(i.HAL_TIM_PWM_Start)
    i.HAL_TIM_PeriodElapsedCallback          0x08003b2c   Section        0  stm32f1xx_hal_tim.o(i.HAL_TIM_PeriodElapsedCallback)
    i.HAL_TIM_TriggerCallback                0x08003b2e   Section        0  stm32f1xx_hal_tim.o(i.HAL_TIM_TriggerCallback)
    i.HardFault_Handler                      0x08003b30   Section        0  stm32f1xx_it.o(i.HardFault_Handler)
    i.I2C1_ER_IRQHandler                     0x08003b34   Section        0  stm32f1xx_it.o(i.I2C1_ER_IRQHandler)
    i.I2C1_EV_IRQHandler                     0x08003b44   Section        0  stm32f1xx_it.o(i.I2C1_EV_IRQHandler)
    i.I2C_ConvertOtherXferOptions            0x08003b54   Section        0  stm32f1xx_hal_i2c.o(i.I2C_ConvertOtherXferOptions)
    I2C_ConvertOtherXferOptions              0x08003b55   Thumb Code    28  stm32f1xx_hal_i2c.o(i.I2C_ConvertOtherXferOptions)
    i.I2C_DMAAbort                           0x08003b70   Section        0  stm32f1xx_hal_i2c.o(i.I2C_DMAAbort)
    I2C_DMAAbort                             0x08003b71   Thumb Code   242  stm32f1xx_hal_i2c.o(i.I2C_DMAAbort)
    i.I2C_DMAError                           0x08003c68   Section        0  stm32f1xx_hal_i2c.o(i.I2C_DMAError)
    I2C_DMAError                             0x08003c69   Thumb Code    70  stm32f1xx_hal_i2c.o(i.I2C_DMAError)
    i.I2C_DMAXferCplt                        0x08003cae   Section        0  stm32f1xx_hal_i2c.o(i.I2C_DMAXferCplt)
    I2C_DMAXferCplt                          0x08003caf   Thumb Code   318  stm32f1xx_hal_i2c.o(i.I2C_DMAXferCplt)
    i.I2C_Flush_DR                           0x08003dec   Section        0  stm32f1xx_hal_i2c.o(i.I2C_Flush_DR)
    I2C_Flush_DR                             0x08003ded   Thumb Code    18  stm32f1xx_hal_i2c.o(i.I2C_Flush_DR)
    i.I2C_ITError                            0x08003e00   Section        0  stm32f1xx_hal_i2c.o(i.I2C_ITError)
    I2C_ITError                              0x08003e01   Thumb Code   420  stm32f1xx_hal_i2c.o(i.I2C_ITError)
    i.I2C_IsAcknowledgeFailed                0x08003fac   Section        0  stm32f1xx_hal_i2c.o(i.I2C_IsAcknowledgeFailed)
    I2C_IsAcknowledgeFailed                  0x08003fad   Thumb Code    62  stm32f1xx_hal_i2c.o(i.I2C_IsAcknowledgeFailed)
    i.I2C_MasterReceive_BTF                  0x08003fea   Section        0  stm32f1xx_hal_i2c.o(i.I2C_MasterReceive_BTF)
    I2C_MasterReceive_BTF                    0x08003feb   Thumb Code   304  stm32f1xx_hal_i2c.o(i.I2C_MasterReceive_BTF)
    i.I2C_MasterReceive_RXNE                 0x0800411a   Section        0  stm32f1xx_hal_i2c.o(i.I2C_MasterReceive_RXNE)
    I2C_MasterReceive_RXNE                   0x0800411b   Thumb Code   260  stm32f1xx_hal_i2c.o(i.I2C_MasterReceive_RXNE)
    i.I2C_MasterTransmit_BTF                 0x0800421e   Section        0  stm32f1xx_hal_i2c.o(i.I2C_MasterTransmit_BTF)
    I2C_MasterTransmit_BTF                   0x0800421f   Thumb Code   160  stm32f1xx_hal_i2c.o(i.I2C_MasterTransmit_BTF)
    i.I2C_MasterTransmit_TXE                 0x080042be   Section        0  stm32f1xx_hal_i2c.o(i.I2C_MasterTransmit_TXE)
    I2C_MasterTransmit_TXE                   0x080042bf   Thumb Code   216  stm32f1xx_hal_i2c.o(i.I2C_MasterTransmit_TXE)
    i.I2C_Master_ADD10                       0x08004396   Section        0  stm32f1xx_hal_i2c.o(i.I2C_Master_ADD10)
    I2C_Master_ADD10                         0x08004397   Thumb Code    42  stm32f1xx_hal_i2c.o(i.I2C_Master_ADD10)
    i.I2C_Master_ADDR                        0x080043c0   Section        0  stm32f1xx_hal_i2c.o(i.I2C_Master_ADDR)
    I2C_Master_ADDR                          0x080043c1   Thumb Code   640  stm32f1xx_hal_i2c.o(i.I2C_Master_ADDR)
    i.I2C_Master_SB                          0x08004640   Section        0  stm32f1xx_hal_i2c.o(i.I2C_Master_SB)
    I2C_Master_SB                            0x08004641   Thumb Code   158  stm32f1xx_hal_i2c.o(i.I2C_Master_SB)
    i.I2C_MemoryTransmit_TXE_BTF             0x080046de   Section        0  stm32f1xx_hal_i2c.o(i.I2C_MemoryTransmit_TXE_BTF)
    I2C_MemoryTransmit_TXE_BTF               0x080046df   Thumb Code   198  stm32f1xx_hal_i2c.o(i.I2C_MemoryTransmit_TXE_BTF)
    i.I2C_RequestMemoryRead                  0x080047a4   Section        0  stm32f1xx_hal_i2c.o(i.I2C_RequestMemoryRead)
    I2C_RequestMemoryRead                    0x080047a5   Thumb Code   348  stm32f1xx_hal_i2c.o(i.I2C_RequestMemoryRead)
    i.I2C_SlaveReceive_BTF                   0x08004904   Section        0  stm32f1xx_hal_i2c.o(i.I2C_SlaveReceive_BTF)
    I2C_SlaveReceive_BTF                     0x08004905   Thumb Code    26  stm32f1xx_hal_i2c.o(i.I2C_SlaveReceive_BTF)
    i.I2C_SlaveReceive_RXNE                  0x0800491e   Section        0  stm32f1xx_hal_i2c.o(i.I2C_SlaveReceive_RXNE)
    I2C_SlaveReceive_RXNE                    0x0800491f   Thumb Code    70  stm32f1xx_hal_i2c.o(i.I2C_SlaveReceive_RXNE)
    i.I2C_SlaveTransmit_BTF                  0x08004964   Section        0  stm32f1xx_hal_i2c.o(i.I2C_SlaveTransmit_BTF)
    I2C_SlaveTransmit_BTF                    0x08004965   Thumb Code    26  stm32f1xx_hal_i2c.o(i.I2C_SlaveTransmit_BTF)
    i.I2C_SlaveTransmit_TXE                  0x0800497e   Section        0  stm32f1xx_hal_i2c.o(i.I2C_SlaveTransmit_TXE)
    I2C_SlaveTransmit_TXE                    0x0800497f   Thumb Code    70  stm32f1xx_hal_i2c.o(i.I2C_SlaveTransmit_TXE)
    i.I2C_Slave_ADDR                         0x080049c4   Section        0  stm32f1xx_hal_i2c.o(i.I2C_Slave_ADDR)
    I2C_Slave_ADDR                           0x080049c5   Thumb Code   112  stm32f1xx_hal_i2c.o(i.I2C_Slave_ADDR)
    i.I2C_Slave_AF                           0x08004a34   Section        0  stm32f1xx_hal_i2c.o(i.I2C_Slave_AF)
    I2C_Slave_AF                             0x08004a35   Thumb Code   162  stm32f1xx_hal_i2c.o(i.I2C_Slave_AF)
    i.I2C_Slave_STOPF                        0x08004adc   Section        0  stm32f1xx_hal_i2c.o(i.I2C_Slave_STOPF)
    I2C_Slave_STOPF                          0x08004add   Thumb Code   386  stm32f1xx_hal_i2c.o(i.I2C_Slave_STOPF)
    i.I2C_WaitOnFlagUntilTimeout             0x08004c68   Section        0  stm32f1xx_hal_i2c.o(i.I2C_WaitOnFlagUntilTimeout)
    I2C_WaitOnFlagUntilTimeout               0x08004c69   Thumb Code   190  stm32f1xx_hal_i2c.o(i.I2C_WaitOnFlagUntilTimeout)
    i.I2C_WaitOnMasterAddressFlagUntilTimeout 0x08004d26   Section        0  stm32f1xx_hal_i2c.o(i.I2C_WaitOnMasterAddressFlagUntilTimeout)
    I2C_WaitOnMasterAddressFlagUntilTimeout  0x08004d27   Thumb Code   250  stm32f1xx_hal_i2c.o(i.I2C_WaitOnMasterAddressFlagUntilTimeout)
    i.I2C_WaitOnSTOPRequestThroughIT         0x08004e20   Section        0  stm32f1xx_hal_i2c.o(i.I2C_WaitOnSTOPRequestThroughIT)
    I2C_WaitOnSTOPRequestThroughIT           0x08004e21   Thumb Code    74  stm32f1xx_hal_i2c.o(i.I2C_WaitOnSTOPRequestThroughIT)
    i.I2C_WaitOnTXEFlagUntilTimeout          0x08004e70   Section        0  stm32f1xx_hal_i2c.o(i.I2C_WaitOnTXEFlagUntilTimeout)
    I2C_WaitOnTXEFlagUntilTimeout            0x08004e71   Thumb Code   102  stm32f1xx_hal_i2c.o(i.I2C_WaitOnTXEFlagUntilTimeout)
    i.MX_ADC1_Init                           0x08004ed8   Section        0  adc.o(i.MX_ADC1_Init)
    i.MX_ADC2_Init                           0x08004f44   Section        0  adc.o(i.MX_ADC2_Init)
    i.MX_DMA_Init                            0x08004fb0   Section        0  dma.o(i.MX_DMA_Init)
    i.MX_GPIO_Init                           0x08004ff4   Section        0  gpio.o(i.MX_GPIO_Init)
    i.MX_I2C1_Init                           0x08005094   Section        0  i2c.o(i.MX_I2C1_Init)
    i.MX_TIM1_Init                           0x080050d0   Section        0  tim.o(i.MX_TIM1_Init)
    i.MX_TIM2_Init                           0x080051e8   Section        0  tim.o(i.MX_TIM2_Init)
    i.MemManage_Handler                      0x08005258   Section        0  stm32f1xx_it.o(i.MemManage_Handler)
    i.NMI_Handler                            0x0800525c   Section        0  stm32f1xx_it.o(i.NMI_Handler)
    i.PendSV_Handler                         0x08005260   Section        0  stm32f1xx_it.o(i.PendSV_Handler)
    i.Phase_to_AlphaBeta                     0x08005264   Section        0  foc_math.o(i.Phase_to_AlphaBeta)
    i.PidCalc                                0x080052bc   Section        0  pid.o(i.PidCalc)
    i.PidInit                                0x08005330   Section        0  pid.o(i.PidInit)
    i.RCC_Delay                              0x08005354   Section        0  stm32f1xx_hal_rcc.o(i.RCC_Delay)
    RCC_Delay                                0x08005355   Thumb Code    36  stm32f1xx_hal_rcc.o(i.RCC_Delay)
    i.SVC_Handler                            0x0800537c   Section        0  stm32f1xx_it.o(i.SVC_Handler)
    i.SetPhashPwm                            0x08005380   Section        0  mid.o(i.SetPhashPwm)
    i.SetSamplingPhash                       0x080053c4   Section        0  mid.o(i.SetSamplingPhash)
    i.Set_Zero                               0x08005440   Section        0  as5600.o(i.Set_Zero)
    i.StartPhashPwm                          0x08005454   Section        0  mid.o(i.StartPhashPwm)
    i.SysTick_Handler                        0x080055ec   Section        0  stm32f1xx_it.o(i.SysTick_Handler)
    i.SystemClock_Config                     0x080055f4   Section        0  main.o(i.SystemClock_Config)
    i.SystemInit                             0x08005678   Section        0  system_stm32f1xx.o(i.SystemInit)
    i.TIM1_UP_IRQHandler                     0x0800567c   Section        0  stm32f1xx_it.o(i.TIM1_UP_IRQHandler)
    i.TIM2_IRQHandler                        0x0800568c   Section        0  stm32f1xx_it.o(i.TIM2_IRQHandler)
    i.TIM_Base_SetConfig                     0x08005724   Section        0  stm32f1xx_hal_tim.o(i.TIM_Base_SetConfig)
    i.TIM_CCxChannelCmd                      0x080057a8   Section        0  stm32f1xx_hal_tim.o(i.TIM_CCxChannelCmd)
    i.TIM_CCxNChannelCmd                     0x080057ca   Section        0  stm32f1xx_hal_tim_ex.o(i.TIM_CCxNChannelCmd)
    TIM_CCxNChannelCmd                       0x080057cb   Thumb Code    34  stm32f1xx_hal_tim_ex.o(i.TIM_CCxNChannelCmd)
    i.TIM_ETR_SetConfig                      0x080057ec   Section        0  stm32f1xx_hal_tim.o(i.TIM_ETR_SetConfig)
    i.TIM_ITRx_SetConfig                     0x08005802   Section        0  stm32f1xx_hal_tim.o(i.TIM_ITRx_SetConfig)
    TIM_ITRx_SetConfig                       0x08005803   Thumb Code    18  stm32f1xx_hal_tim.o(i.TIM_ITRx_SetConfig)
    i.TIM_OC1_SetConfig                      0x08005814   Section        0  stm32f1xx_hal_tim.o(i.TIM_OC1_SetConfig)
    TIM_OC1_SetConfig                        0x08005815   Thumb Code    90  stm32f1xx_hal_tim.o(i.TIM_OC1_SetConfig)
    i.TIM_OC2_SetConfig                      0x08005874   Section        0  stm32f1xx_hal_tim.o(i.TIM_OC2_SetConfig)
    i.TIM_OC3_SetConfig                      0x080058dc   Section        0  stm32f1xx_hal_tim.o(i.TIM_OC3_SetConfig)
    TIM_OC3_SetConfig                        0x080058dd   Thumb Code    98  stm32f1xx_hal_tim.o(i.TIM_OC3_SetConfig)
    i.TIM_OC4_SetConfig                      0x08005944   Section        0  stm32f1xx_hal_tim.o(i.TIM_OC4_SetConfig)
    TIM_OC4_SetConfig                        0x08005945   Thumb Code    68  stm32f1xx_hal_tim.o(i.TIM_OC4_SetConfig)
    i.TIM_TI1_ConfigInputStage               0x0800598c   Section        0  stm32f1xx_hal_tim.o(i.TIM_TI1_ConfigInputStage)
    TIM_TI1_ConfigInputStage                 0x0800598d   Thumb Code    38  stm32f1xx_hal_tim.o(i.TIM_TI1_ConfigInputStage)
    i.TIM_TI2_ConfigInputStage               0x080059b2   Section        0  stm32f1xx_hal_tim.o(i.TIM_TI2_ConfigInputStage)
    TIM_TI2_ConfigInputStage                 0x080059b3   Thumb Code    40  stm32f1xx_hal_tim.o(i.TIM_TI2_ConfigInputStage)
    i.UsageFault_Handler                     0x080059da   Section        0  stm32f1xx_it.o(i.UsageFault_Handler)
    i.__NVIC_GetPriorityGrouping             0x080059e0   Section        0  stm32f1xx_hal_cortex.o(i.__NVIC_GetPriorityGrouping)
    __NVIC_GetPriorityGrouping               0x080059e1   Thumb Code    10  stm32f1xx_hal_cortex.o(i.__NVIC_GetPriorityGrouping)
    i.__NVIC_SetPriority                     0x080059f0   Section        0  stm32f1xx_hal_cortex.o(i.__NVIC_SetPriority)
    __NVIC_SetPriority                       0x080059f1   Thumb Code    32  stm32f1xx_hal_cortex.o(i.__NVIC_SetPriority)
    i.angle_limiting_int16                   0x08005a18   Section        0  as5600.o(i.angle_limiting_int16)
    i.cos_calculate                          0x08005a3c   Section        0  foc_math.o(i.cos_calculate)
    i.main                                   0x08005b3c   Section        0  main.o(i.main)
    i.qd_to_AlphaBeta                        0x08005b74   Section        0  foc_math.o(i.qd_to_AlphaBeta)
    i.sin_calculate                          0x08005bf0   Section        0  foc_math.o(i.sin_calculate)
    x$fpl$d2f                                0x08005d9c   Section       98  d2f.o(x$fpl$d2f)
    x$fpl$dadd                               0x08005e00   Section      336  daddsub_clz.o(x$fpl$dadd)
    _dadd1                                   0x08005e11   Thumb Code     0  daddsub_clz.o(x$fpl$dadd)
    x$fpl$dmul                               0x08005f50   Section      340  dmul.o(x$fpl$dmul)
    x$fpl$dnaninf                            0x080060a4   Section      156  dnaninf.o(x$fpl$dnaninf)
    x$fpl$dretinf                            0x08006140   Section       12  dretinf.o(x$fpl$dretinf)
    x$fpl$dsub                               0x0800614c   Section      468  daddsub_clz.o(x$fpl$dsub)
    _dsub1                                   0x0800615d   Thumb Code     0  daddsub_clz.o(x$fpl$dsub)
    x$fpl$f2d                                0x08006320   Section       86  f2d.o(x$fpl$f2d)
    x$fpl$fadd                               0x08006378   Section      196  faddsub_clz.o(x$fpl$fadd)
    _fadd1                                   0x08006387   Thumb Code     0  faddsub_clz.o(x$fpl$fadd)
    x$fpl$fcmpinf                            0x0800643c   Section       24  fcmpi.o(x$fpl$fcmpinf)
    x$fpl$fdiv                               0x08006454   Section      388  fdiv.o(x$fpl$fdiv)
    _fdiv1                                   0x08006455   Thumb Code     0  fdiv.o(x$fpl$fdiv)
    x$fpl$feqf                               0x080065d8   Section      104  feqf.o(x$fpl$feqf)
    x$fpl$ffix                               0x08006640   Section       54  ffix.o(x$fpl$ffix)
    x$fpl$ffixu                              0x08006678   Section       62  ffixu.o(x$fpl$ffixu)
    x$fpl$fflt                               0x080066b8   Section       48  fflt_clz.o(x$fpl$fflt)
    x$fpl$fleqf                              0x080066e8   Section      104  fleqf.o(x$fpl$fleqf)
    x$fpl$fmul                               0x08006750   Section      258  fmul.o(x$fpl$fmul)
    x$fpl$fnaninf                            0x08006852   Section      140  fnaninf.o(x$fpl$fnaninf)
    x$fpl$fretinf                            0x080068de   Section       10  fretinf.o(x$fpl$fretinf)
    x$fpl$frleqf                             0x080068e8   Section       98  frleqf.o(x$fpl$frleqf)
    x$fpl$frsb                               0x0800694a   Section       20  faddsub_clz.o(x$fpl$frsb)
    x$fpl$fsub                               0x08006960   Section      234  faddsub_clz.o(x$fpl$fsub)
    _fsub1                                   0x0800696f   Thumb Code     0  faddsub_clz.o(x$fpl$fsub)
    .constdata                               0x08006a4a   Section       18  stm32f1xx_hal_rcc.o(.constdata)
    x$fpl$usenofp                            0x08006a4a   Section        0  usenofp.o(x$fpl$usenofp)
    aPLLMULFactorTable                       0x08006a4a   Data          16  stm32f1xx_hal_rcc.o(.constdata)
    aPredivFactorTable                       0x08006a5a   Data           2  stm32f1xx_hal_rcc.o(.constdata)
    .constdata                               0x08006a5c   Section       24  system_stm32f1xx.o(.constdata)
    .constdata                               0x08006a74   Section     3604  foc_math.o(.constdata)
    .data                                    0x20000000   Section       16  main.o(.data)
    .data                                    0x20000010   Section       40  stm32f1xx_it.o(.data)
    .data                                    0x20000038   Section        9  stm32f1xx_hal.o(.data)
    .data                                    0x20000044   Section        4  system_stm32f1xx.o(.data)
    .data                                    0x20000048   Section       40  foc_math.o(.data)
    .data                                    0x20000070   Section       52  mid.o(.data)
    .data                                    0x200000a8   Section       50  as5600.o(.data)
    .bss                                     0x200000dc   Section       96  adc.o(.bss)
    .bss                                     0x2000013c   Section      220  i2c.o(.bss)
    .bss                                     0x20000218   Section      144  tim.o(.bss)
    .bss                                     0x200002a8   Section      800  stm32f1xx_it.o(.bss)
    .bss                                     0x200005c8   Section      160  foc_math.o(.bss)
    .bss                                     0x20000668   Section       96  libspace.o(.bss)
    HEAP                                     0x200006c8   Section      512  startup_stm32f103xb.o(HEAP)
    Heap_Mem                                 0x200006c8   Data         512  startup_stm32f103xb.o(HEAP)
    STACK                                    0x200008c8   Section     1024  startup_stm32f103xb.o(STACK)
    Stack_Mem                                0x200008c8   Data        1024  startup_stm32f103xb.o(STACK)
    __initial_sp                             0x20000cc8   Data           0  startup_stm32f103xb.o(STACK)

    Global Symbols

    Symbol Name                              Value     Ov Type        Size  Object(Section)

    BuildAttributes$$THM_ISAv4$P$D$K$B$S$PE$A:L22UL41UL21$X:L11$S22US41US21$IEEE1$IW$USESV6$~STKCKD$USESV7$~SHL$OTIME$ROPI$IEEEX$EBA8$UX$STANDARDLIB$REQ8$PRES8$EABIv2 0x00000000   Number         0  anon$$obj.o ABSOLUTE
    __ARM_use_no_argv                        0x00000000   Number         0  main.o ABSOLUTE
    __ARM_exceptions_init                     - Undefined Weak Reference
    __alloca_initialize                       - Undefined Weak Reference
    __arm_fini_                               - Undefined Weak Reference
    __arm_preinit_                            - Undefined Weak Reference
    __cpp_initialize__aeabi_                  - Undefined Weak Reference
    __cxa_finalize                            - Undefined Weak Reference
    __rt_locale                               - Undefined Weak Reference
    __sigvec_lookup                           - Undefined Weak Reference
    _atexit_init                              - Undefined Weak Reference
    _call_atexit_fns                          - Undefined Weak Reference
    _clock_init                               - Undefined Weak Reference
    _fp_trap_init                             - Undefined Weak Reference
    _fp_trap_shutdown                         - Undefined Weak Reference
    _get_lc_collate                           - Undefined Weak Reference
    _get_lc_ctype                             - Undefined Weak Reference
    _get_lc_monetary                          - Undefined Weak Reference
    _get_lc_numeric                           - Undefined Weak Reference
    _get_lc_time                              - Undefined Weak Reference
    _getenv_init                              - Undefined Weak Reference
    _handle_redirection                       - Undefined Weak Reference
    _init_alloc                               - Undefined Weak Reference
    _init_user_alloc                          - Undefined Weak Reference
    _initio                                   - Undefined Weak Reference
    _rand_init                                - Undefined Weak Reference
    _signal_finish                            - Undefined Weak Reference
    _signal_init                              - Undefined Weak Reference
    _terminate_alloc                          - Undefined Weak Reference
    _terminate_user_alloc                     - Undefined Weak Reference
    _terminateio                              - Undefined Weak Reference
    __Vectors_Size                           0x000000ec   Number         0  startup_stm32f103xb.o ABSOLUTE
    __Vectors                                0x08000000   Data           4  startup_stm32f103xb.o(RESET)
    __Vectors_End                            0x080000ec   Data           0  startup_stm32f103xb.o(RESET)
    __main                                   0x080000ed   Thumb Code     8  __main.o(!!!main)
    __scatterload                            0x080000f5   Thumb Code     0  __scatter.o(!!!scatter)
    __scatterload_rt2                        0x080000f5   Thumb Code    44  __scatter.o(!!!scatter)
    __scatterload_rt2_thumb_only             0x080000f5   Thumb Code     0  __scatter.o(!!!scatter)
    __scatterload_null                       0x08000103   Thumb Code     0  __scatter.o(!!!scatter)
    __scatterload_copy                       0x08000129   Thumb Code    26  __scatter_copy.o(!!handler_copy)
    __scatterload_zeroinit                   0x08000145   Thumb Code    28  __scatter_zi.o(!!handler_zi)
    __rt_lib_init                            0x08000161   Thumb Code     0  libinit.o(.ARM.Collect$$libinit$$00000000)
    __rt_lib_init_alloca_1                   0x08000163   Thumb Code     0  libinit2.o(.ARM.Collect$$libinit$$0000002E)
    __rt_lib_init_argv_1                     0x08000163   Thumb Code     0  libinit2.o(.ARM.Collect$$libinit$$0000002C)
    __rt_lib_init_atexit_1                   0x08000163   Thumb Code     0  libinit2.o(.ARM.Collect$$libinit$$0000001B)
    __rt_lib_init_clock_1                    0x08000163   Thumb Code     0  libinit2.o(.ARM.Collect$$libinit$$00000021)
    __rt_lib_init_cpp_1                      0x08000163   Thumb Code     0  libinit2.o(.ARM.Collect$$libinit$$00000032)
    __rt_lib_init_exceptions_1               0x08000163   Thumb Code     0  libinit2.o(.ARM.Collect$$libinit$$00000030)
    __rt_lib_init_fp_1                       0x08000163   Thumb Code     0  libinit2.o(.ARM.Collect$$libinit$$00000002)
    __rt_lib_init_fp_trap_1                  0x08000163   Thumb Code     0  libinit2.o(.ARM.Collect$$libinit$$0000001F)
    __rt_lib_init_getenv_1                   0x08000163   Thumb Code     0  libinit2.o(.ARM.Collect$$libinit$$00000023)
    __rt_lib_init_heap_1                     0x08000163   Thumb Code     0  libinit2.o(.ARM.Collect$$libinit$$0000000A)
    __rt_lib_init_lc_collate_1               0x08000163   Thumb Code     0  libinit2.o(.ARM.Collect$$libinit$$00000011)
    __rt_lib_init_lc_ctype_1                 0x08000163   Thumb Code     0  libinit2.o(.ARM.Collect$$libinit$$00000013)
    __rt_lib_init_lc_monetary_1              0x08000163   Thumb Code     0  libinit2.o(.ARM.Collect$$libinit$$00000015)
    __rt_lib_init_lc_numeric_1               0x08000163   Thumb Code     0  libinit2.o(.ARM.Collect$$libinit$$00000017)
    __rt_lib_init_lc_time_1                  0x08000163   Thumb Code     0  libinit2.o(.ARM.Collect$$libinit$$00000019)
    __rt_lib_init_preinit_1                  0x08000163   Thumb Code     0  libinit2.o(.ARM.Collect$$libinit$$00000004)
    __rt_lib_init_rand_1                     0x08000163   Thumb Code     0  libinit2.o(.ARM.Collect$$libinit$$0000000E)
    __rt_lib_init_return                     0x08000163   Thumb Code     0  libinit2.o(.ARM.Collect$$libinit$$00000033)
    __rt_lib_init_signal_1                   0x08000163   Thumb Code     0  libinit2.o(.ARM.Collect$$libinit$$0000001D)
    __rt_lib_init_stdio_1                    0x08000163   Thumb Code     0  libinit2.o(.ARM.Collect$$libinit$$00000025)
    __rt_lib_init_user_alloc_1               0x08000163   Thumb Code     0  libinit2.o(.ARM.Collect$$libinit$$0000000C)
    __rt_lib_shutdown                        0x08000165   Thumb Code     0  libshutdown.o(.ARM.Collect$$libshutdown$$00000000)
    __rt_lib_shutdown_cpp_1                  0x08000167   Thumb Code     0  libshutdown2.o(.ARM.Collect$$libshutdown$$00000004)
    __rt_lib_shutdown_fini_1                 0x08000167   Thumb Code     0  libshutdown2.o(.ARM.Collect$$libshutdown$$00000002)
    __rt_lib_shutdown_fp_trap_1              0x08000167   Thumb Code     0  libshutdown2.o(.ARM.Collect$$libshutdown$$00000009)
    __rt_lib_shutdown_heap_1                 0x08000167   Thumb Code     0  libshutdown2.o(.ARM.Collect$$libshutdown$$00000011)
    __rt_lib_shutdown_return                 0x08000167   Thumb Code     0  libshutdown2.o(.ARM.Collect$$libshutdown$$00000012)
    __rt_lib_shutdown_signal_1               0x08000167   Thumb Code     0  libshutdown2.o(.ARM.Collect$$libshutdown$$0000000C)
    __rt_lib_shutdown_stdio_1                0x08000167   Thumb Code     0  libshutdown2.o(.ARM.Collect$$libshutdown$$00000006)
    __rt_lib_shutdown_user_alloc_1           0x08000167   Thumb Code     0  libshutdown2.o(.ARM.Collect$$libshutdown$$0000000E)
    __rt_entry                               0x08000169   Thumb Code     0  __rtentry.o(.ARM.Collect$$rtentry$$00000000)
    __rt_entry_presh_1                       0x08000169   Thumb Code     0  __rtentry2.o(.ARM.Collect$$rtentry$$00000002)
    __rt_entry_sh                            0x08000169   Thumb Code     0  __rtentry4.o(.ARM.Collect$$rtentry$$00000004)
    __rt_entry_li                            0x0800016f   Thumb Code     0  __rtentry2.o(.ARM.Collect$$rtentry$$0000000A)
    __rt_entry_postsh_1                      0x0800016f   Thumb Code     0  __rtentry2.o(.ARM.Collect$$rtentry$$00000009)
    __rt_entry_main                          0x08000173   Thumb Code     0  __rtentry2.o(.ARM.Collect$$rtentry$$0000000D)
    __rt_entry_postli_1                      0x08000173   Thumb Code     0  __rtentry2.o(.ARM.Collect$$rtentry$$0000000C)
    __rt_exit                                0x0800017b   Thumb Code     0  rtexit.o(.ARM.Collect$$rtexit$$00000000)
    __rt_exit_ls                             0x0800017d   Thumb Code     0  rtexit2.o(.ARM.Collect$$rtexit$$00000003)
    __rt_exit_prels_1                        0x0800017d   Thumb Code     0  rtexit2.o(.ARM.Collect$$rtexit$$00000002)
    __rt_exit_exit                           0x08000181   Thumb Code     0  rtexit2.o(.ARM.Collect$$rtexit$$00000004)
    Reset_Handler                            0x08000189   Thumb Code     8  startup_stm32f103xb.o(.text)
    CAN1_RX1_IRQHandler                      0x080001a3   Thumb Code     0  startup_stm32f103xb.o(.text)
    CAN1_SCE_IRQHandler                      0x080001a3   Thumb Code     0  startup_stm32f103xb.o(.text)
    DMA1_Channel1_IRQHandler                 0x080001a3   Thumb Code     0  startup_stm32f103xb.o(.text)
    DMA1_Channel2_IRQHandler                 0x080001a3   Thumb Code     0  startup_stm32f103xb.o(.text)
    DMA1_Channel3_IRQHandler                 0x080001a3   Thumb Code     0  startup_stm32f103xb.o(.text)
    DMA1_Channel4_IRQHandler                 0x080001a3   Thumb Code     0  startup_stm32f103xb.o(.text)
    DMA1_Channel5_IRQHandler                 0x080001a3   Thumb Code     0  startup_stm32f103xb.o(.text)
    EXTI0_IRQHandler                         0x080001a3   Thumb Code     0  startup_stm32f103xb.o(.text)
    EXTI15_10_IRQHandler                     0x080001a3   Thumb Code     0  startup_stm32f103xb.o(.text)
    EXTI1_IRQHandler                         0x080001a3   Thumb Code     0  startup_stm32f103xb.o(.text)
    EXTI2_IRQHandler                         0x080001a3   Thumb Code     0  startup_stm32f103xb.o(.text)
    EXTI3_IRQHandler                         0x080001a3   Thumb Code     0  startup_stm32f103xb.o(.text)
    EXTI4_IRQHandler                         0x080001a3   Thumb Code     0  startup_stm32f103xb.o(.text)
    EXTI9_5_IRQHandler                       0x080001a3   Thumb Code     0  startup_stm32f103xb.o(.text)
    FLASH_IRQHandler                         0x080001a3   Thumb Code     0  startup_stm32f103xb.o(.text)
    I2C2_ER_IRQHandler                       0x080001a3   Thumb Code     0  startup_stm32f103xb.o(.text)
    I2C2_EV_IRQHandler                       0x080001a3   Thumb Code     0  startup_stm32f103xb.o(.text)
    PVD_IRQHandler                           0x080001a3   Thumb Code     0  startup_stm32f103xb.o(.text)
    RCC_IRQHandler                           0x080001a3   Thumb Code     0  startup_stm32f103xb.o(.text)
    RTC_Alarm_IRQHandler                     0x080001a3   Thumb Code     0  startup_stm32f103xb.o(.text)
    RTC_IRQHandler                           0x080001a3   Thumb Code     0  startup_stm32f103xb.o(.text)
    SPI1_IRQHandler                          0x080001a3   Thumb Code     0  startup_stm32f103xb.o(.text)
    SPI2_IRQHandler                          0x080001a3   Thumb Code     0  startup_stm32f103xb.o(.text)
    TAMPER_IRQHandler                        0x080001a3   Thumb Code     0  startup_stm32f103xb.o(.text)
    TIM1_BRK_IRQHandler                      0x080001a3   Thumb Code     0  startup_stm32f103xb.o(.text)
    TIM1_CC_IRQHandler                       0x080001a3   Thumb Code     0  startup_stm32f103xb.o(.text)
    TIM1_TRG_COM_IRQHandler                  0x080001a3   Thumb Code     0  startup_stm32f103xb.o(.text)
    TIM3_IRQHandler                          0x080001a3   Thumb Code     0  startup_stm32f103xb.o(.text)
    TIM4_IRQHandler                          0x080001a3   Thumb Code     0  startup_stm32f103xb.o(.text)
    USART1_IRQHandler                        0x080001a3   Thumb Code     0  startup_stm32f103xb.o(.text)
    USART2_IRQHandler                        0x080001a3   Thumb Code     0  startup_stm32f103xb.o(.text)
    USART3_IRQHandler                        0x080001a3   Thumb Code     0  startup_stm32f103xb.o(.text)
    USBWakeUp_IRQHandler                     0x080001a3   Thumb Code     0  startup_stm32f103xb.o(.text)
    USB_HP_CAN1_TX_IRQHandler                0x080001a3   Thumb Code     0  startup_stm32f103xb.o(.text)
    USB_LP_CAN1_RX0_IRQHandler               0x080001a3   Thumb Code     0  startup_stm32f103xb.o(.text)
    WWDG_IRQHandler                          0x080001a3   Thumb Code     0  startup_stm32f103xb.o(.text)
    __user_initial_stackheap                 0x080001a5   Thumb Code     0  startup_stm32f103xb.o(.text)
    __aeabi_uldivmod                         0x080001c9   Thumb Code     0  lludivv7m.o(.text)
    _ll_udiv                                 0x080001c9   Thumb Code   238  lludivv7m.o(.text)
    __aeabi_memclr4                          0x080002b7   Thumb Code     0  rt_memclr_w.o(.text)
    __aeabi_memclr8                          0x080002b7   Thumb Code     0  rt_memclr_w.o(.text)
    __rt_memclr_w                            0x080002b7   Thumb Code    78  rt_memclr_w.o(.text)
    _memset_w                                0x080002bb   Thumb Code     0  rt_memclr_w.o(.text)
    __use_two_region_memory                  0x08000305   Thumb Code     2  heapauxi.o(.text)
    __rt_heap_escrow$2region                 0x08000307   Thumb Code     2  heapauxi.o(.text)
    __rt_heap_expand$2region                 0x08000309   Thumb Code     2  heapauxi.o(.text)
    __user_libspace                          0x0800030d   Thumb Code     8  libspace.o(.text)
    __user_perproc_libspace                  0x0800030d   Thumb Code     0  libspace.o(.text)
    __user_perthread_libspace                0x0800030d   Thumb Code     0  libspace.o(.text)
    __user_setup_stackheap                   0x08000315   Thumb Code    74  sys_stackheap_outer.o(.text)
    exit                                     0x0800035f   Thumb Code    18  exit.o(.text)
    _sys_exit                                0x08000371   Thumb Code     8  sys_exit.o(.text)
    __I$use$semihosting                      0x0800037d   Thumb Code     0  use_no_semi.o(.text)
    __use_no_semihosting_swi                 0x0800037d   Thumb Code     2  use_no_semi.o(.text)
    __semihosting_library_function           0x0800037f   Thumb Code     0  indicate_semi.o(.text)
    ADC1_2_IRQHandler                        0x08000381   Thumb Code   168  stm32f1xx_it.o(i.ADC1_2_IRQHandler)
    ADC_ConversionStop_Disable               0x08000449   Thumb Code    92  stm32f1xx_hal_adc.o(i.ADC_ConversionStop_Disable)
    ADC_Enable                               0x080004a5   Thumb Code   134  stm32f1xx_hal_adc.o(i.ADC_Enable)
    AS5600_Read_DMA                          0x08000535   Thumb Code    32  as5600.o(i.AS5600_Read_DMA)
    AlphaBeta_to_qd                          0x08000561   Thumb Code   120  foc_math.o(i.AlphaBeta_to_qd)
    BusFault_Handler                         0x080005dd   Thumb Code     4  stm32f1xx_it.o(i.BusFault_Handler)
    DMA1_Channel6_IRQHandler                 0x080005e1   Thumb Code    10  stm32f1xx_it.o(i.DMA1_Channel6_IRQHandler)
    DMA1_Channel7_IRQHandler                 0x080005f1   Thumb Code    10  stm32f1xx_it.o(i.DMA1_Channel7_IRQHandler)
    DebugMon_Handler                         0x0800062d   Thumb Code     2  stm32f1xx_it.o(i.DebugMon_Handler)
    Encoder_Deal                             0x08000631   Thumb Code    70  as5600.o(i.Encoder_Deal)
    Error_Handler                            0x08000689   Thumb Code     6  main.o(i.Error_Handler)
    FOCSetCurrent                            0x08000691   Thumb Code  1278  foc_math.o(i.FOCSetCurrent)
    FOC_Init                                 0x08000b95   Thumb Code   126  foc_math.o(i.FOC_Init)
    FocInitZero                              0x08000c2d   Thumb Code  1152  foc_math.o(i.FocInitZero)
    GetSamplingCurrent                       0x080010b1   Thumb Code   398  mid.o(i.GetSamplingCurrent)
    Get_OffSet_Angle                         0x08001251   Thumb Code   104  as5600.o(i.Get_OffSet_Angle)
    HAL_ADCEx_InjectedConfigChannel          0x080012cd   Thumb Code   584  stm32f1xx_hal_adc_ex.o(i.HAL_ADCEx_InjectedConfigChannel)
    HAL_ADCEx_InjectedConvCpltCallback       0x08001521   Thumb Code     2  stm32f1xx_hal_adc_ex.o(i.HAL_ADCEx_InjectedConvCpltCallback)
    HAL_ADCEx_InjectedGetValue               0x08001523   Thumb Code    50  stm32f1xx_hal_adc_ex.o(i.HAL_ADCEx_InjectedGetValue)
    HAL_ADCEx_InjectedStart                  0x08001555   Thumb Code   226  stm32f1xx_hal_adc_ex.o(i.HAL_ADCEx_InjectedStart)
    HAL_ADC_ConvCpltCallback                 0x08001641   Thumb Code     2  stm32f1xx_hal_adc.o(i.HAL_ADC_ConvCpltCallback)
    HAL_ADC_IRQHandler                       0x08001643   Thumb Code   274  stm32f1xx_hal_adc.o(i.HAL_ADC_IRQHandler)
    HAL_ADC_Init                             0x08001755   Thumb Code   314  stm32f1xx_hal_adc.o(i.HAL_ADC_Init)
    HAL_ADC_LevelOutOfWindowCallback         0x08001899   Thumb Code     2  stm32f1xx_hal_adc.o(i.HAL_ADC_LevelOutOfWindowCallback)
    HAL_ADC_MspInit                          0x0800189d   Thumb Code   294  adc.o(i.HAL_ADC_MspInit)
    HAL_DMA_Abort_IT                         0x080019d9   Thumb Code   172  stm32f1xx_hal_dma.o(i.HAL_DMA_Abort_IT)
    HAL_DMA_GetState                         0x08001a89   Thumb Code     8  stm32f1xx_hal_dma.o(i.HAL_DMA_GetState)
    HAL_DMA_IRQHandler                       0x08001a91   Thumb Code   408  stm32f1xx_hal_dma.o(i.HAL_DMA_IRQHandler)
    HAL_DMA_Init                             0x08001c2d   Thumb Code   100  stm32f1xx_hal_dma.o(i.HAL_DMA_Init)
    HAL_DMA_Start_IT                         0x08001c95   Thumb Code   156  stm32f1xx_hal_dma.o(i.HAL_DMA_Start_IT)
    HAL_Delay                                0x08001d31   Thumb Code    36  stm32f1xx_hal.o(i.HAL_Delay)
    HAL_GPIO_Init                            0x08001d59   Thumb Code   766  stm32f1xx_hal_gpio.o(i.HAL_GPIO_Init)
    HAL_GPIO_WritePin                        0x08002079   Thumb Code    12  stm32f1xx_hal_gpio.o(i.HAL_GPIO_WritePin)
    HAL_GetTick                              0x08002085   Thumb Code     6  stm32f1xx_hal.o(i.HAL_GetTick)
    HAL_I2C_AbortCpltCallback                0x08002091   Thumb Code     2  stm32f1xx_hal_i2c.o(i.HAL_I2C_AbortCpltCallback)
    HAL_I2C_AddrCallback                     0x08002093   Thumb Code     2  stm32f1xx_hal_i2c.o(i.HAL_I2C_AddrCallback)
    HAL_I2C_ER_IRQHandler                    0x08002095   Thumb Code   224  stm32f1xx_hal_i2c.o(i.HAL_I2C_ER_IRQHandler)
    HAL_I2C_EV_IRQHandler                    0x08002175   Thumb Code   474  stm32f1xx_hal_i2c.o(i.HAL_I2C_EV_IRQHandler)
    HAL_I2C_ErrorCallback                    0x0800234f   Thumb Code     2  stm32f1xx_hal_i2c.o(i.HAL_I2C_ErrorCallback)
    HAL_I2C_Init                             0x08002351   Thumb Code   446  stm32f1xx_hal_i2c.o(i.HAL_I2C_Init)
    HAL_I2C_ListenCpltCallback               0x08002521   Thumb Code     2  stm32f1xx_hal_i2c.o(i.HAL_I2C_ListenCpltCallback)
    HAL_I2C_MasterRxCpltCallback             0x08002523   Thumb Code     2  stm32f1xx_hal_i2c.o(i.HAL_I2C_MasterRxCpltCallback)
    HAL_I2C_MasterTxCpltCallback             0x08002525   Thumb Code     2  stm32f1xx_hal_i2c.o(i.HAL_I2C_MasterTxCpltCallback)
    HAL_I2C_MemRxCpltCallback                0x08002529   Thumb Code    28  as5600.o(i.HAL_I2C_MemRxCpltCallback)
    HAL_I2C_MemTxCpltCallback                0x0800254d   Thumb Code     2  stm32f1xx_hal_i2c.o(i.HAL_I2C_MemTxCpltCallback)
    HAL_I2C_Mem_Read_DMA                     0x08002551   Thumb Code   586  stm32f1xx_hal_i2c.o(i.HAL_I2C_Mem_Read_DMA)
    HAL_I2C_MspInit                          0x080027ad   Thumb Code   238  i2c.o(i.HAL_I2C_MspInit)
    HAL_I2C_SlaveRxCpltCallback              0x080028b5   Thumb Code     2  stm32f1xx_hal_i2c.o(i.HAL_I2C_SlaveRxCpltCallback)
    HAL_I2C_SlaveTxCpltCallback              0x080028b7   Thumb Code     2  stm32f1xx_hal_i2c.o(i.HAL_I2C_SlaveTxCpltCallback)
    HAL_IncTick                              0x080028b9   Thumb Code    16  stm32f1xx_hal.o(i.HAL_IncTick)
    HAL_Init                                 0x080028d1   Thumb Code    34  stm32f1xx_hal.o(i.HAL_Init)
    HAL_InitTick                             0x080028f9   Thumb Code    64  stm32f1xx_hal.o(i.HAL_InitTick)
    HAL_MspInit                              0x08002945   Thumb Code    76  stm32f1xx_hal_msp.o(i.HAL_MspInit)
    HAL_NVIC_EnableIRQ                       0x08002999   Thumb Code    32  stm32f1xx_hal_cortex.o(i.HAL_NVIC_EnableIRQ)
    HAL_NVIC_SetPriority                     0x080029b9   Thumb Code   124  stm32f1xx_hal_cortex.o(i.HAL_NVIC_SetPriority)
    HAL_NVIC_SetPriorityGrouping             0x08002a35   Thumb Code    32  stm32f1xx_hal_cortex.o(i.HAL_NVIC_SetPriorityGrouping)
    HAL_RCCEx_PeriphCLKConfig                0x08002a5d   Thumb Code   290  stm32f1xx_hal_rcc_ex.o(i.HAL_RCCEx_PeriphCLKConfig)
    HAL_RCC_ClockConfig                      0x08002b8d   Thumb Code   376  stm32f1xx_hal_rcc.o(i.HAL_RCC_ClockConfig)
    HAL_RCC_GetHCLKFreq                      0x08002d19   Thumb Code     6  stm32f1xx_hal_rcc.o(i.HAL_RCC_GetHCLKFreq)
    HAL_RCC_GetPCLK1Freq                     0x08002d25   Thumb Code    22  stm32f1xx_hal_rcc.o(i.HAL_RCC_GetPCLK1Freq)
    HAL_RCC_GetSysClockFreq                  0x08002d45   Thumb Code    92  stm32f1xx_hal_rcc.o(i.HAL_RCC_GetSysClockFreq)
    HAL_RCC_OscConfig                        0x08002db5   Thumb Code  1114  stm32f1xx_hal_rcc.o(i.HAL_RCC_OscConfig)
    HAL_SYSTICK_Config                       0x08003219   Thumb Code    52  stm32f1xx_hal_cortex.o(i.HAL_SYSTICK_Config)
    HAL_TIMEx_BreakCallback                  0x0800324d   Thumb Code     2  stm32f1xx_hal_tim_ex.o(i.HAL_TIMEx_BreakCallback)
    HAL_TIMEx_CommutCallback                 0x0800324f   Thumb Code     2  stm32f1xx_hal_tim_ex.o(i.HAL_TIMEx_CommutCallback)
    HAL_TIMEx_ConfigBreakDeadTime            0x08003251   Thumb Code   116  stm32f1xx_hal_tim_ex.o(i.HAL_TIMEx_ConfigBreakDeadTime)
    HAL_TIMEx_MasterConfigSynchronization    0x080032c5   Thumb Code   118  stm32f1xx_hal_tim_ex.o(i.HAL_TIMEx_MasterConfigSynchronization)
    HAL_TIMEx_PWMN_Start                     0x08003349   Thumb Code   182  stm32f1xx_hal_tim_ex.o(i.HAL_TIMEx_PWMN_Start)
    HAL_TIM_Base_Init                        0x0800340d   Thumb Code   102  stm32f1xx_hal_tim.o(i.HAL_TIM_Base_Init)
    HAL_TIM_Base_MspInit                     0x08003475   Thumb Code    58  tim.o(i.HAL_TIM_Base_MspInit)
    HAL_TIM_Base_Start                       0x080034b9   Thumb Code    94  stm32f1xx_hal_tim.o(i.HAL_TIM_Base_Start)
    HAL_TIM_Base_Start_IT                    0x08003525   Thumb Code   106  stm32f1xx_hal_tim.o(i.HAL_TIM_Base_Start_IT)
    HAL_TIM_ConfigClockSource                0x0800359d   Thumb Code   268  stm32f1xx_hal_tim.o(i.HAL_TIM_ConfigClockSource)
    HAL_TIM_IC_CaptureCallback               0x080036a9   Thumb Code     2  stm32f1xx_hal_tim.o(i.HAL_TIM_IC_CaptureCallback)
    HAL_TIM_IRQHandler                       0x080036ab   Thumb Code   364  stm32f1xx_hal_tim.o(i.HAL_TIM_IRQHandler)
    HAL_TIM_MspPostInit                      0x08003819   Thumb Code   126  tim.o(i.HAL_TIM_MspPostInit)
    HAL_TIM_OC_DelayElapsedCallback          0x080038a9   Thumb Code     2  stm32f1xx_hal_tim.o(i.HAL_TIM_OC_DelayElapsedCallback)
    HAL_TIM_PWM_ConfigChannel                0x080038ab   Thumb Code   260  stm32f1xx_hal_tim.o(i.HAL_TIM_PWM_ConfigChannel)
    HAL_TIM_PWM_Init                         0x080039af   Thumb Code   102  stm32f1xx_hal_tim.o(i.HAL_TIM_PWM_Init)
    HAL_TIM_PWM_MspInit                      0x08003a15   Thumb Code    58  tim.o(i.HAL_TIM_PWM_MspInit)
    HAL_TIM_PWM_PulseFinishedCallback        0x08003a55   Thumb Code     2  stm32f1xx_hal_tim.o(i.HAL_TIM_PWM_PulseFinishedCallback)
    HAL_TIM_PWM_Start                        0x08003a59   Thumb Code   198  stm32f1xx_hal_tim.o(i.HAL_TIM_PWM_Start)
    HAL_TIM_PeriodElapsedCallback            0x08003b2d   Thumb Code     2  stm32f1xx_hal_tim.o(i.HAL_TIM_PeriodElapsedCallback)
    HAL_TIM_TriggerCallback                  0x08003b2f   Thumb Code     2  stm32f1xx_hal_tim.o(i.HAL_TIM_TriggerCallback)
    HardFault_Handler                        0x08003b31   Thumb Code     4  stm32f1xx_it.o(i.HardFault_Handler)
    I2C1_ER_IRQHandler                       0x08003b35   Thumb Code    10  stm32f1xx_it.o(i.I2C1_ER_IRQHandler)
    I2C1_EV_IRQHandler                       0x08003b45   Thumb Code    10  stm32f1xx_it.o(i.I2C1_EV_IRQHandler)
    MX_ADC1_Init                             0x08004ed9   Thumb Code   100  adc.o(i.MX_ADC1_Init)
    MX_ADC2_Init                             0x08004f45   Thumb Code   100  adc.o(i.MX_ADC2_Init)
    MX_DMA_Init                              0x08004fb1   Thumb Code    64  dma.o(i.MX_DMA_Init)
    MX_GPIO_Init                             0x08004ff5   Thumb Code   150  gpio.o(i.MX_GPIO_Init)
    MX_I2C1_Init                             0x08005095   Thumb Code    48  i2c.o(i.MX_I2C1_Init)
    MX_TIM1_Init                             0x080050d1   Thumb Code   272  tim.o(i.MX_TIM1_Init)
    MX_TIM2_Init                             0x080051e9   Thumb Code   108  tim.o(i.MX_TIM2_Init)
    MemManage_Handler                        0x08005259   Thumb Code     4  stm32f1xx_it.o(i.MemManage_Handler)
    NMI_Handler                              0x0800525d   Thumb Code     4  stm32f1xx_it.o(i.NMI_Handler)
    PendSV_Handler                           0x08005261   Thumb Code     2  stm32f1xx_it.o(i.PendSV_Handler)
    Phase_to_AlphaBeta                       0x08005265   Thumb Code    80  foc_math.o(i.Phase_to_AlphaBeta)
    PidCalc                                  0x080052bd   Thumb Code   116  pid.o(i.PidCalc)
    PidInit                                  0x08005331   Thumb Code    36  pid.o(i.PidInit)
    SVC_Handler                              0x0800537d   Thumb Code     2  stm32f1xx_it.o(i.SVC_Handler)
    SetPhashPwm                              0x08005381   Thumb Code    52  mid.o(i.SetPhashPwm)
    SetSamplingPhash                         0x080053c5   Thumb Code   106  mid.o(i.SetSamplingPhash)
    Set_Zero                                 0x08005441   Thumb Code    10  as5600.o(i.Set_Zero)
    StartPhashPwm                            0x08005455   Thumb Code   380  mid.o(i.StartPhashPwm)
    SysTick_Handler                          0x080055ed   Thumb Code     8  stm32f1xx_it.o(i.SysTick_Handler)
    SystemClock_Config                       0x080055f5   Thumb Code   132  main.o(i.SystemClock_Config)
    SystemInit                               0x08005679   Thumb Code     2  system_stm32f1xx.o(i.SystemInit)
    TIM1_UP_IRQHandler                       0x0800567d   Thumb Code    10  stm32f1xx_it.o(i.TIM1_UP_IRQHandler)
    TIM2_IRQHandler                          0x0800568d   Thumb Code   116  stm32f1xx_it.o(i.TIM2_IRQHandler)
    TIM_Base_SetConfig                       0x08005725   Thumb Code   120  stm32f1xx_hal_tim.o(i.TIM_Base_SetConfig)
    TIM_CCxChannelCmd                        0x080057a9   Thumb Code    34  stm32f1xx_hal_tim.o(i.TIM_CCxChannelCmd)
    TIM_ETR_SetConfig                        0x080057ed   Thumb Code    22  stm32f1xx_hal_tim.o(i.TIM_ETR_SetConfig)
    TIM_OC2_SetConfig                        0x08005875   Thumb Code   100  stm32f1xx_hal_tim.o(i.TIM_OC2_SetConfig)
    UsageFault_Handler                       0x080059db   Thumb Code     4  stm32f1xx_it.o(i.UsageFault_Handler)
    angle_limiting_int16                     0x08005a19   Thumb Code    36  as5600.o(i.angle_limiting_int16)
    cos_calculate                            0x08005a3d   Thumb Code   230  foc_math.o(i.cos_calculate)
    main                                     0x08005b3d   Thumb Code    52  main.o(i.main)
    qd_to_AlphaBeta                          0x08005b75   Thumb Code   118  foc_math.o(i.qd_to_AlphaBeta)
    sin_calculate                            0x08005bf1   Thumb Code   398  foc_math.o(i.sin_calculate)
    __aeabi_d2f                              0x08005d9d   Thumb Code     0  d2f.o(x$fpl$d2f)
    _d2f                                     0x08005d9d   Thumb Code    98  d2f.o(x$fpl$d2f)
    __aeabi_dadd                             0x08005e01   Thumb Code     0  daddsub_clz.o(x$fpl$dadd)
    _dadd                                    0x08005e01   Thumb Code   332  daddsub_clz.o(x$fpl$dadd)
    __aeabi_dmul                             0x08005f51   Thumb Code     0  dmul.o(x$fpl$dmul)
    _dmul                                    0x08005f51   Thumb Code   332  dmul.o(x$fpl$dmul)
    __fpl_dnaninf                            0x080060a5   Thumb Code   156  dnaninf.o(x$fpl$dnaninf)
    __fpl_dretinf                            0x08006141   Thumb Code    12  dretinf.o(x$fpl$dretinf)
    __aeabi_dsub                             0x0800614d   Thumb Code     0  daddsub_clz.o(x$fpl$dsub)
    _dsub                                    0x0800614d   Thumb Code   464  daddsub_clz.o(x$fpl$dsub)
    __aeabi_f2d                              0x08006321   Thumb Code     0  f2d.o(x$fpl$f2d)
    _f2d                                     0x08006321   Thumb Code    86  f2d.o(x$fpl$f2d)
    __aeabi_fadd                             0x08006379   Thumb Code     0  faddsub_clz.o(x$fpl$fadd)
    _fadd                                    0x08006379   Thumb Code   196  faddsub_clz.o(x$fpl$fadd)
    __fpl_fcmp_Inf                           0x0800643d   Thumb Code    24  fcmpi.o(x$fpl$fcmpinf)
    __aeabi_fdiv                             0x08006455   Thumb Code     0  fdiv.o(x$fpl$fdiv)
    _fdiv                                    0x08006455   Thumb Code   384  fdiv.o(x$fpl$fdiv)
    __aeabi_cfcmpeq                          0x080065d9   Thumb Code     0  feqf.o(x$fpl$feqf)
    _fcmpeq                                  0x080065d9   Thumb Code   104  feqf.o(x$fpl$feqf)
    __aeabi_f2iz                             0x08006641   Thumb Code     0  ffix.o(x$fpl$ffix)
    _ffix                                    0x08006641   Thumb Code    54  ffix.o(x$fpl$ffix)
    __aeabi_f2uiz                            0x08006679   Thumb Code     0  ffixu.o(x$fpl$ffixu)
    _ffixu                                   0x08006679   Thumb Code    62  ffixu.o(x$fpl$ffixu)
    __aeabi_i2f                              0x080066b9   Thumb Code     0  fflt_clz.o(x$fpl$fflt)
    _fflt                                    0x080066b9   Thumb Code    48  fflt_clz.o(x$fpl$fflt)
    __aeabi_cfcmple                          0x080066e9   Thumb Code     0  fleqf.o(x$fpl$fleqf)
    _fcmple                                  0x080066e9   Thumb Code   104  fleqf.o(x$fpl$fleqf)
    __fpl_fcmple_InfNaN                      0x0800673b   Thumb Code     0  fleqf.o(x$fpl$fleqf)
    __aeabi_fmul                             0x08006751   Thumb Code     0  fmul.o(x$fpl$fmul)
    _fmul                                    0x08006751   Thumb Code   258  fmul.o(x$fpl$fmul)
    __fpl_fnaninf                            0x08006853   Thumb Code   140  fnaninf.o(x$fpl$fnaninf)
    __fpl_fretinf                            0x080068df   Thumb Code    10  fretinf.o(x$fpl$fretinf)
    __aeabi_cfrcmple                         0x080068e9   Thumb Code     0  frleqf.o(x$fpl$frleqf)
    _frcmple                                 0x080068e9   Thumb Code    98  frleqf.o(x$fpl$frleqf)
    __aeabi_frsub                            0x0800694b   Thumb Code     0  faddsub_clz.o(x$fpl$frsb)
    _frsb                                    0x0800694b   Thumb Code    20  faddsub_clz.o(x$fpl$frsb)
    __aeabi_fsub                             0x08006961   Thumb Code     0  faddsub_clz.o(x$fpl$fsub)
    _fsub                                    0x08006961   Thumb Code   234  faddsub_clz.o(x$fpl$fsub)
    __I$use$fp                               0x08006a4a   Number         0  usenofp.o(x$fpl$usenofp)
    AHBPrescTable                            0x08006a5c   Data          16  system_stm32f1xx.o(.constdata)
    APBPrescTable                            0x08006a6c   Data           8  system_stm32f1xx.o(.constdata)
    Trigonometric_Functions                  0x08006a74   Data        3604  foc_math.o(.constdata)
    Region$$Table$$Base                      0x08007888   Number         0  anon$$obj.o(Region$$Table)
    Region$$Table$$Limit                     0x080078a8   Number         0  anon$$obj.o(Region$$Table)
    current                                  0x20000000   Data           4  main.o(.data)
    ccr                                      0x20000008   Data           8  main.o(.data)
    debug_adc1                               0x20000010   Data           4  stm32f1xx_it.o(.data)
    debug_adc2                               0x20000014   Data           4  stm32f1xx_it.o(.data)
    CNT_index                                0x20000018   Data           8  stm32f1xx_it.o(.data)
    step                                     0x20000020   Data           4  stm32f1xx_it.o(.data)
    auto_change                              0x20000024   Data           1  stm32f1xx_it.o(.data)
    time2_ms                                 0x20000028   Data           8  stm32f1xx_it.o(.data)
    time                                     0x20000030   Data           8  stm32f1xx_it.o(.data)
    uwTick                                   0x20000038   Data           4  stm32f1xx_hal.o(.data)
    uwTickPrio                               0x2000003c   Data           4  stm32f1xx_hal.o(.data)
    uwTickFreq                               0x20000040   Data           1  stm32f1xx_hal.o(.data)
    SystemCoreClock                          0x20000044   Data           4  system_stm32f1xx.o(.data)
    pid_init                                 0x20000048   Data          20  foc_math.o(.data)
    zero_current                             0x2000005c   Data           4  foc_math.o(.data)
    zero_angle                               0x20000060   Data           1  foc_math.o(.data)
    spe                                      0x20000064   Data           4  foc_math.o(.data)
    foc_calc_time                            0x20000068   Data           8  foc_math.o(.data)
    bias_current                             0x20000070   Data           8  mid.o(.data)
    sConfigInjected                          0x20000078   Data          28  mid.o(.data)
    init_time                                0x20000094   Data           2  mid.o(.data)
    ccr1                                     0x20000098   Data           4  mid.o(.data)
    ccr2                                     0x2000009c   Data           4  mid.o(.data)
    ccr3                                     0x200000a0   Data           4  mid.o(.data)
    OffSet                                   0x200000a8   Data           2  as5600.o(.data)
    receive_Start                            0x200000aa   Data           1  as5600.o(.data)
    data                                     0x200000ab   Data           2  as5600.o(.data)
    Last_Encoder                             0x200000ae   Data           2  as5600.o(.data)
    Encoder                                  0x200000b0   Data           2  as5600.o(.data)
    Encoder_total                            0x200000b8   Data           8  as5600.o(.data)
    angle_prev                               0x200000c0   Data           4  as5600.o(.data)
    full_rotations                           0x200000c4   Data           4  as5600.o(.data)
    Angle                                    0x200000c8   Data           4  as5600.o(.data)
    Angle_total                              0x200000cc   Data           4  as5600.o(.data)
    Speed                                    0x200000d0   Data           4  as5600.o(.data)
    de                                       0x200000d4   Data           1  as5600.o(.data)
    in_angle                                 0x200000d6   Data           2  as5600.o(.data)
    temp                                     0x200000d8   Data           2  as5600.o(.data)
    hadc1                                    0x200000dc   Data          48  adc.o(.bss)
    hadc2                                    0x2000010c   Data          48  adc.o(.bss)
    hi2c1                                    0x2000013c   Data          84  i2c.o(.bss)
    hdma_i2c1_rx                             0x20000190   Data          68  i2c.o(.bss)
    hdma_i2c1_tx                             0x200001d4   Data          68  i2c.o(.bss)
    htim1                                    0x20000218   Data          72  tim.o(.bss)
    htim2                                    0x20000260   Data          72  tim.o(.bss)
    CNT                                      0x200002a8   Data         800  stm32f1xx_it.o(.bss)
    FOC                                      0x200005c8   Data         160  foc_math.o(.bss)
    __libspace_start                         0x20000668   Data          96  libspace.o(.bss)
    __temporary_stack_top$libspace           0x200006c8   Data           0  libspace.o(.bss)



==============================================================================

Memory Map of the image

  Image Entry point : 0x080000ed

  Load Region LR_IROM1 (Base: 0x08000000, Size: 0x00007984, Max: 0x00010000, ABSOLUTE)

    Execution Region ER_IROM1 (Exec base: 0x08000000, Load base: 0x08000000, Size: 0x000078a8, Max: 0x00010000, ABSOLUTE)

    Exec Addr    Load Addr    Size         Type   Attr      Idx    E Section Name        Object

    0x08000000   0x08000000   0x000000ec   Data   RO            3    RESET               startup_stm32f103xb.o
    0x080000ec   0x080000ec   0x00000008   Code   RO         3693  * !!!main             c_w.l(__main.o)
    0x080000f4   0x080000f4   0x00000034   Code   RO         3976    !!!scatter          c_w.l(__scatter.o)
    0x08000128   0x08000128   0x0000001a   Code   RO         3978    !!handler_copy      c_w.l(__scatter_copy.o)
    0x08000142   0x08000142   0x00000002   PAD
    0x08000144   0x08000144   0x0000001c   Code   RO         3980    !!handler_zi        c_w.l(__scatter_zi.o)
    0x08000160   0x08000160   0x00000002   Code   RO         3841    .ARM.Collect$$libinit$$00000000  c_w.l(libinit.o)
    0x08000162   0x08000162   0x00000000   Code   RO         3853    .ARM.Collect$$libinit$$00000002  c_w.l(libinit2.o)
    0x08000162   0x08000162   0x00000000   Code   RO         3855    .ARM.Collect$$libinit$$00000004  c_w.l(libinit2.o)
    0x08000162   0x08000162   0x00000000   Code   RO         3858    .ARM.Collect$$libinit$$0000000A  c_w.l(libinit2.o)
    0x08000162   0x08000162   0x00000000   Code   RO         3860    .ARM.Collect$$libinit$$0000000C  c_w.l(libinit2.o)
    0x08000162   0x08000162   0x00000000   Code   RO         3862    .ARM.Collect$$libinit$$0000000E  c_w.l(libinit2.o)
    0x08000162   0x08000162   0x00000000   Code   RO         3865    .ARM.Collect$$libinit$$00000011  c_w.l(libinit2.o)
    0x08000162   0x08000162   0x00000000   Code   RO         3867    .ARM.Collect$$libinit$$00000013  c_w.l(libinit2.o)
    0x08000162   0x08000162   0x00000000   Code   RO         3869    .ARM.Collect$$libinit$$00000015  c_w.l(libinit2.o)
    0x08000162   0x08000162   0x00000000   Code   RO         3871    .ARM.Collect$$libinit$$00000017  c_w.l(libinit2.o)
    0x08000162   0x08000162   0x00000000   Code   RO         3873    .ARM.Collect$$libinit$$00000019  c_w.l(libinit2.o)
    0x08000162   0x08000162   0x00000000   Code   RO         3875    .ARM.Collect$$libinit$$0000001B  c_w.l(libinit2.o)
    0x08000162   0x08000162   0x00000000   Code   RO         3877    .ARM.Collect$$libinit$$0000001D  c_w.l(libinit2.o)
    0x08000162   0x08000162   0x00000000   Code   RO         3879    .ARM.Collect$$libinit$$0000001F  c_w.l(libinit2.o)
    0x08000162   0x08000162   0x00000000   Code   RO         3881    .ARM.Collect$$libinit$$00000021  c_w.l(libinit2.o)
    0x08000162   0x08000162   0x00000000   Code   RO         3883    .ARM.Collect$$libinit$$00000023  c_w.l(libinit2.o)
    0x08000162   0x08000162   0x00000000   Code   RO         3885    .ARM.Collect$$libinit$$00000025  c_w.l(libinit2.o)
    0x08000162   0x08000162   0x00000000   Code   RO         3889    .ARM.Collect$$libinit$$0000002C  c_w.l(libinit2.o)
    0x08000162   0x08000162   0x00000000   Code   RO         3891    .ARM.Collect$$libinit$$0000002E  c_w.l(libinit2.o)
    0x08000162   0x08000162   0x00000000   Code   RO         3893    .ARM.Collect$$libinit$$00000030  c_w.l(libinit2.o)
    0x08000162   0x08000162   0x00000000   Code   RO         3895    .ARM.Collect$$libinit$$00000032  c_w.l(libinit2.o)
    0x08000162   0x08000162   0x00000002   Code   RO         3896    .ARM.Collect$$libinit$$00000033  c_w.l(libinit2.o)
    0x08000164   0x08000164   0x00000002   Code   RO         3931    .ARM.Collect$$libshutdown$$00000000  c_w.l(libshutdown.o)
    0x08000166   0x08000166   0x00000000   Code   RO         3957    .ARM.Collect$$libshutdown$$00000002  c_w.l(libshutdown2.o)
    0x08000166   0x08000166   0x00000000   Code   RO         3959    .ARM.Collect$$libshutdown$$00000004  c_w.l(libshutdown2.o)
    0x08000166   0x08000166   0x00000000   Code   RO         3961    .ARM.Collect$$libshutdown$$00000006  c_w.l(libshutdown2.o)
    0x08000166   0x08000166   0x00000000   Code   RO         3964    .ARM.Collect$$libshutdown$$00000009  c_w.l(libshutdown2.o)
    0x08000166   0x08000166   0x00000000   Code   RO         3967    .ARM.Collect$$libshutdown$$0000000C  c_w.l(libshutdown2.o)
    0x08000166   0x08000166   0x00000000   Code   RO         3969    .ARM.Collect$$libshutdown$$0000000E  c_w.l(libshutdown2.o)
    0x08000166   0x08000166   0x00000000   Code   RO         3972    .ARM.Collect$$libshutdown$$00000011  c_w.l(libshutdown2.o)
    0x08000166   0x08000166   0x00000002   Code   RO         3973    .ARM.Collect$$libshutdown$$00000012  c_w.l(libshutdown2.o)
    0x08000168   0x08000168   0x00000000   Code   RO         3759    .ARM.Collect$$rtentry$$00000000  c_w.l(__rtentry.o)
    0x08000168   0x08000168   0x00000000   Code   RO         3796    .ARM.Collect$$rtentry$$00000002  c_w.l(__rtentry2.o)
    0x08000168   0x08000168   0x00000006   Code   RO         3808    .ARM.Collect$$rtentry$$00000004  c_w.l(__rtentry4.o)
    0x0800016e   0x0800016e   0x00000000   Code   RO         3798    .ARM.Collect$$rtentry$$00000009  c_w.l(__rtentry2.o)
    0x0800016e   0x0800016e   0x00000004   Code   RO         3799    .ARM.Collect$$rtentry$$0000000A  c_w.l(__rtentry2.o)
    0x08000172   0x08000172   0x00000000   Code   RO         3801    .ARM.Collect$$rtentry$$0000000C  c_w.l(__rtentry2.o)
    0x08000172   0x08000172   0x00000008   Code   RO         3802    .ARM.Collect$$rtentry$$0000000D  c_w.l(__rtentry2.o)
    0x0800017a   0x0800017a   0x00000002   Code   RO         3844    .ARM.Collect$$rtexit$$00000000  c_w.l(rtexit.o)
    0x0800017c   0x0800017c   0x00000000   Code   RO         3902    .ARM.Collect$$rtexit$$00000002  c_w.l(rtexit2.o)
    0x0800017c   0x0800017c   0x00000004   Code   RO         3903    .ARM.Collect$$rtexit$$00000003  c_w.l(rtexit2.o)
    0x08000180   0x08000180   0x00000006   Code   RO         3904    .ARM.Collect$$rtexit$$00000004  c_w.l(rtexit2.o)
    0x08000186   0x08000186   0x00000002   PAD
    0x08000188   0x08000188   0x00000040   Code   RO            4    .text               startup_stm32f103xb.o
    0x080001c8   0x080001c8   0x000000ee   Code   RO         3685    .text               c_w.l(lludivv7m.o)
    0x080002b6   0x080002b6   0x0000004e   Code   RO         3689    .text               c_w.l(rt_memclr_w.o)
    0x08000304   0x08000304   0x00000006   Code   RO         3691    .text               c_w.l(heapauxi.o)
    0x0800030a   0x0800030a   0x00000002   PAD
    0x0800030c   0x0800030c   0x00000008   Code   RO         3825    .text               c_w.l(libspace.o)
    0x08000314   0x08000314   0x0000004a   Code   RO         3828    .text               c_w.l(sys_stackheap_outer.o)
    0x0800035e   0x0800035e   0x00000012   Code   RO         3830    .text               c_w.l(exit.o)
    0x08000370   0x08000370   0x0000000c   Code   RO         3899    .text               c_w.l(sys_exit.o)
    0x0800037c   0x0800037c   0x00000002   Code   RO         3920    .text               c_w.l(use_no_semi.o)
    0x0800037e   0x0800037e   0x00000000   Code   RO         3922    .text               c_w.l(indicate_semi.o)
    0x0800037e   0x0800037e   0x00000002   PAD
    0x08000380   0x08000380   0x000000c8   Code   RO          377    i.ADC1_2_IRQHandler  stm32f1xx_it.o
    0x08000448   0x08000448   0x0000005c   Code   RO          559    i.ADC_ConversionStop_Disable  stm32f1xx_hal_adc.o
    0x080004a4   0x080004a4   0x00000090   Code   RO          563    i.ADC_Enable        stm32f1xx_hal_adc.o
    0x08000534   0x08000534   0x0000002c   Code   RO         3573    i.AS5600_Read_DMA   as5600.o
    0x08000560   0x08000560   0x0000007c   Code   RO         3342    i.AlphaBeta_to_qd   foc_math.o
    0x080005dc   0x080005dc   0x00000004   Code   RO          378    i.BusFault_Handler  stm32f1xx_it.o
    0x080005e0   0x080005e0   0x00000010   Code   RO          379    i.DMA1_Channel6_IRQHandler  stm32f1xx_it.o
    0x080005f0   0x080005f0   0x00000010   Code   RO          380    i.DMA1_Channel7_IRQHandler  stm32f1xx_it.o
    0x08000600   0x08000600   0x0000002c   Code   RO         1220    i.DMA_SetConfig     stm32f1xx_hal_dma.o
    0x0800062c   0x0800062c   0x00000002   Code   RO          381    i.DebugMon_Handler  stm32f1xx_it.o
    0x0800062e   0x0800062e   0x00000002   PAD
    0x08000630   0x08000630   0x00000058   Code   RO         3577    i.Encoder_Deal      as5600.o
    0x08000688   0x08000688   0x00000006   Code   RO           13    i.Error_Handler     main.o
    0x0800068e   0x0800068e   0x00000002   PAD
    0x08000690   0x08000690   0x00000504   Code   RO         3343    i.FOCSetCurrent     foc_math.o
    0x08000b94   0x08000b94   0x00000098   Code   RO         3344    i.FOC_Init          foc_math.o
    0x08000c2c   0x08000c2c   0x00000484   Code   RO         3345    i.FocInitZero       foc_math.o
    0x080010b0   0x080010b0   0x000001a0   Code   RO         3463    i.GetSamplingCurrent  mid.o
    0x08001250   0x08001250   0x0000007c   Code   RO         3582    i.Get_OffSet_Angle  as5600.o
    0x080012cc   0x080012cc   0x00000254   Code   RO          740    i.HAL_ADCEx_InjectedConfigChannel  stm32f1xx_hal_adc_ex.o
    0x08001520   0x08001520   0x00000002   Code   RO          741    i.HAL_ADCEx_InjectedConvCpltCallback  stm32f1xx_hal_adc_ex.o
    0x08001522   0x08001522   0x00000032   Code   RO          742    i.HAL_ADCEx_InjectedGetValue  stm32f1xx_hal_adc_ex.o
    0x08001554   0x08001554   0x000000ec   Code   RO          744    i.HAL_ADCEx_InjectedStart  stm32f1xx_hal_adc_ex.o
    0x08001640   0x08001640   0x00000002   Code   RO          566    i.HAL_ADC_ConvCpltCallback  stm32f1xx_hal_adc.o
    0x08001642   0x08001642   0x00000112   Code   RO          573    i.HAL_ADC_IRQHandler  stm32f1xx_hal_adc.o
    0x08001754   0x08001754   0x00000144   Code   RO          574    i.HAL_ADC_Init      stm32f1xx_hal_adc.o
    0x08001898   0x08001898   0x00000002   Code   RO          575    i.HAL_ADC_LevelOutOfWindowCallback  stm32f1xx_hal_adc.o
    0x0800189a   0x0800189a   0x00000002   PAD
    0x0800189c   0x0800189c   0x0000013c   Code   RO          198    i.HAL_ADC_MspInit   adc.o
    0x080019d8   0x080019d8   0x000000b0   Code   RO         1222    i.HAL_DMA_Abort_IT  stm32f1xx_hal_dma.o
    0x08001a88   0x08001a88   0x00000008   Code   RO         1225    i.HAL_DMA_GetState  stm32f1xx_hal_dma.o
    0x08001a90   0x08001a90   0x0000019c   Code   RO         1226    i.HAL_DMA_IRQHandler  stm32f1xx_hal_dma.o
    0x08001c2c   0x08001c2c   0x00000068   Code   RO         1227    i.HAL_DMA_Init      stm32f1xx_hal_dma.o
    0x08001c94   0x08001c94   0x0000009c   Code   RO         1231    i.HAL_DMA_Start_IT  stm32f1xx_hal_dma.o
    0x08001d30   0x08001d30   0x00000028   Code   RO          842    i.HAL_Delay         stm32f1xx_hal.o
    0x08001d58   0x08001d58   0x00000320   Code   RO         1157    i.HAL_GPIO_Init     stm32f1xx_hal_gpio.o
    0x08002078   0x08002078   0x0000000c   Code   RO         1161    i.HAL_GPIO_WritePin  stm32f1xx_hal_gpio.o
    0x08002084   0x08002084   0x0000000c   Code   RO          846    i.HAL_GetTick       stm32f1xx_hal.o
    0x08002090   0x08002090   0x00000002   Code   RO         1843    i.HAL_I2C_AbortCpltCallback  stm32f1xx_hal_i2c.o
    0x08002092   0x08002092   0x00000002   Code   RO         1844    i.HAL_I2C_AddrCallback  stm32f1xx_hal_i2c.o
    0x08002094   0x08002094   0x000000e0   Code   RO         1847    i.HAL_I2C_ER_IRQHandler  stm32f1xx_hal_i2c.o
    0x08002174   0x08002174   0x000001da   Code   RO         1848    i.HAL_I2C_EV_IRQHandler  stm32f1xx_hal_i2c.o
    0x0800234e   0x0800234e   0x00000002   Code   RO         1850    i.HAL_I2C_ErrorCallback  stm32f1xx_hal_i2c.o
    0x08002350   0x08002350   0x000001d0   Code   RO         1854    i.HAL_I2C_Init      stm32f1xx_hal_i2c.o
    0x08002520   0x08002520   0x00000002   Code   RO         1856    i.HAL_I2C_ListenCpltCallback  stm32f1xx_hal_i2c.o
    0x08002522   0x08002522   0x00000002   Code   RO         1857    i.HAL_I2C_MasterRxCpltCallback  stm32f1xx_hal_i2c.o
    0x08002524   0x08002524   0x00000002   Code   RO         1858    i.HAL_I2C_MasterTxCpltCallback  stm32f1xx_hal_i2c.o
    0x08002526   0x08002526   0x00000002   PAD
    0x08002528   0x08002528   0x00000024   Code   RO         3583    i.HAL_I2C_MemRxCpltCallback  as5600.o
    0x0800254c   0x0800254c   0x00000002   Code   RO         1871    i.HAL_I2C_MemTxCpltCallback  stm32f1xx_hal_i2c.o
    0x0800254e   0x0800254e   0x00000002   PAD
    0x08002550   0x08002550   0x0000025c   Code   RO         1873    i.HAL_I2C_Mem_Read_DMA  stm32f1xx_hal_i2c.o
    0x080027ac   0x080027ac   0x00000108   Code   RO          270    i.HAL_I2C_MspInit   i2c.o
    0x080028b4   0x080028b4   0x00000002   Code   RO         1880    i.HAL_I2C_SlaveRxCpltCallback  stm32f1xx_hal_i2c.o
    0x080028b6   0x080028b6   0x00000002   Code   RO         1881    i.HAL_I2C_SlaveTxCpltCallback  stm32f1xx_hal_i2c.o
    0x080028b8   0x080028b8   0x00000018   Code   RO          852    i.HAL_IncTick       stm32f1xx_hal.o
    0x080028d0   0x080028d0   0x00000028   Code   RO          853    i.HAL_Init          stm32f1xx_hal.o
    0x080028f8   0x080028f8   0x0000004c   Code   RO          854    i.HAL_InitTick      stm32f1xx_hal.o
    0x08002944   0x08002944   0x00000054   Code   RO          499    i.HAL_MspInit       stm32f1xx_hal_msp.o
    0x08002998   0x08002998   0x00000020   Code   RO         1317    i.HAL_NVIC_EnableIRQ  stm32f1xx_hal_cortex.o
    0x080029b8   0x080029b8   0x0000007c   Code   RO         1323    i.HAL_NVIC_SetPriority  stm32f1xx_hal_cortex.o
    0x08002a34   0x08002a34   0x00000028   Code   RO         1324    i.HAL_NVIC_SetPriorityGrouping  stm32f1xx_hal_cortex.o
    0x08002a5c   0x08002a5c   0x00000130   Code   RO         1119    i.HAL_RCCEx_PeriphCLKConfig  stm32f1xx_hal_rcc_ex.o
    0x08002b8c   0x08002b8c   0x0000018c   Code   RO         1010    i.HAL_RCC_ClockConfig  stm32f1xx_hal_rcc.o
    0x08002d18   0x08002d18   0x0000000c   Code   RO         1015    i.HAL_RCC_GetHCLKFreq  stm32f1xx_hal_rcc.o
    0x08002d24   0x08002d24   0x00000020   Code   RO         1017    i.HAL_RCC_GetPCLK1Freq  stm32f1xx_hal_rcc.o
    0x08002d44   0x08002d44   0x00000070   Code   RO         1019    i.HAL_RCC_GetSysClockFreq  stm32f1xx_hal_rcc.o
    0x08002db4   0x08002db4   0x00000464   Code   RO         1022    i.HAL_RCC_OscConfig  stm32f1xx_hal_rcc.o
    0x08003218   0x08003218   0x00000034   Code   RO         1328    i.HAL_SYSTICK_Config  stm32f1xx_hal_cortex.o
    0x0800324c   0x0800324c   0x00000002   Code   RO         3037    i.HAL_TIMEx_BreakCallback  stm32f1xx_hal_tim_ex.o
    0x0800324e   0x0800324e   0x00000002   Code   RO         3038    i.HAL_TIMEx_CommutCallback  stm32f1xx_hal_tim_ex.o
    0x08003250   0x08003250   0x00000074   Code   RO         3040    i.HAL_TIMEx_ConfigBreakDeadTime  stm32f1xx_hal_tim_ex.o
    0x080032c4   0x080032c4   0x00000084   Code   RO         3056    i.HAL_TIMEx_MasterConfigSynchronization  stm32f1xx_hal_tim_ex.o
    0x08003348   0x08003348   0x000000c4   Code   RO         3067    i.HAL_TIMEx_PWMN_Start  stm32f1xx_hal_tim_ex.o
    0x0800340c   0x0800340c   0x00000066   Code   RO         2322    i.HAL_TIM_Base_Init  stm32f1xx_hal_tim.o
    0x08003472   0x08003472   0x00000002   PAD
    0x08003474   0x08003474   0x00000044   Code   RO          312    i.HAL_TIM_Base_MspInit  tim.o
    0x080034b8   0x080034b8   0x0000006c   Code   RO         2325    i.HAL_TIM_Base_Start  stm32f1xx_hal_tim.o
    0x08003524   0x08003524   0x00000078   Code   RO         2327    i.HAL_TIM_Base_Start_IT  stm32f1xx_hal_tim.o
    0x0800359c   0x0800359c   0x0000010c   Code   RO         2331    i.HAL_TIM_ConfigClockSource  stm32f1xx_hal_tim.o
    0x080036a8   0x080036a8   0x00000002   Code   RO         2356    i.HAL_TIM_IC_CaptureCallback  stm32f1xx_hal_tim.o
    0x080036aa   0x080036aa   0x0000016c   Code   RO         2370    i.HAL_TIM_IRQHandler  stm32f1xx_hal_tim.o
    0x08003816   0x08003816   0x00000002   PAD
    0x08003818   0x08003818   0x00000090   Code   RO          313    i.HAL_TIM_MspPostInit  tim.o
    0x080038a8   0x080038a8   0x00000002   Code   RO         2373    i.HAL_TIM_OC_DelayElapsedCallback  stm32f1xx_hal_tim.o
    0x080038aa   0x080038aa   0x00000104   Code   RO         2394    i.HAL_TIM_PWM_ConfigChannel  stm32f1xx_hal_tim.o
    0x080039ae   0x080039ae   0x00000066   Code   RO         2397    i.HAL_TIM_PWM_Init  stm32f1xx_hal_tim.o
    0x08003a14   0x08003a14   0x00000040   Code   RO          315    i.HAL_TIM_PWM_MspInit  tim.o
    0x08003a54   0x08003a54   0x00000002   Code   RO         2400    i.HAL_TIM_PWM_PulseFinishedCallback  stm32f1xx_hal_tim.o
    0x08003a56   0x08003a56   0x00000002   PAD
    0x08003a58   0x08003a58   0x000000d4   Code   RO         2402    i.HAL_TIM_PWM_Start  stm32f1xx_hal_tim.o
    0x08003b2c   0x08003b2c   0x00000002   Code   RO         2408    i.HAL_TIM_PeriodElapsedCallback  stm32f1xx_hal_tim.o
    0x08003b2e   0x08003b2e   0x00000002   Code   RO         2413    i.HAL_TIM_TriggerCallback  stm32f1xx_hal_tim.o
    0x08003b30   0x08003b30   0x00000004   Code   RO          382    i.HardFault_Handler  stm32f1xx_it.o
    0x08003b34   0x08003b34   0x00000010   Code   RO          383    i.I2C1_ER_IRQHandler  stm32f1xx_it.o
    0x08003b44   0x08003b44   0x00000010   Code   RO          384    i.I2C1_EV_IRQHandler  stm32f1xx_it.o
    0x08003b54   0x08003b54   0x0000001c   Code   RO         1892    i.I2C_ConvertOtherXferOptions  stm32f1xx_hal_i2c.o
    0x08003b70   0x08003b70   0x000000f8   Code   RO         1893    i.I2C_DMAAbort      stm32f1xx_hal_i2c.o
    0x08003c68   0x08003c68   0x00000046   Code   RO         1894    i.I2C_DMAError      stm32f1xx_hal_i2c.o
    0x08003cae   0x08003cae   0x0000013e   Code   RO         1895    i.I2C_DMAXferCplt   stm32f1xx_hal_i2c.o
    0x08003dec   0x08003dec   0x00000012   Code   RO         1896    i.I2C_Flush_DR      stm32f1xx_hal_i2c.o
    0x08003dfe   0x08003dfe   0x00000002   PAD
    0x08003e00   0x08003e00   0x000001ac   Code   RO         1897    i.I2C_ITError       stm32f1xx_hal_i2c.o
    0x08003fac   0x08003fac   0x0000003e   Code   RO         1898    i.I2C_IsAcknowledgeFailed  stm32f1xx_hal_i2c.o
    0x08003fea   0x08003fea   0x00000130   Code   RO         1899    i.I2C_MasterReceive_BTF  stm32f1xx_hal_i2c.o
    0x0800411a   0x0800411a   0x00000104   Code   RO         1900    i.I2C_MasterReceive_RXNE  stm32f1xx_hal_i2c.o
    0x0800421e   0x0800421e   0x000000a0   Code   RO         1903    i.I2C_MasterTransmit_BTF  stm32f1xx_hal_i2c.o
    0x080042be   0x080042be   0x000000d8   Code   RO         1904    i.I2C_MasterTransmit_TXE  stm32f1xx_hal_i2c.o
    0x08004396   0x08004396   0x0000002a   Code   RO         1905    i.I2C_Master_ADD10  stm32f1xx_hal_i2c.o
    0x080043c0   0x080043c0   0x00000280   Code   RO         1906    i.I2C_Master_ADDR   stm32f1xx_hal_i2c.o
    0x08004640   0x08004640   0x0000009e   Code   RO         1907    i.I2C_Master_SB     stm32f1xx_hal_i2c.o
    0x080046de   0x080046de   0x000000c6   Code   RO         1908    i.I2C_MemoryTransmit_TXE_BTF  stm32f1xx_hal_i2c.o
    0x080047a4   0x080047a4   0x00000160   Code   RO         1909    i.I2C_RequestMemoryRead  stm32f1xx_hal_i2c.o
    0x08004904   0x08004904   0x0000001a   Code   RO         1911    i.I2C_SlaveReceive_BTF  stm32f1xx_hal_i2c.o
    0x0800491e   0x0800491e   0x00000046   Code   RO         1912    i.I2C_SlaveReceive_RXNE  stm32f1xx_hal_i2c.o
    0x08004964   0x08004964   0x0000001a   Code   RO         1913    i.I2C_SlaveTransmit_BTF  stm32f1xx_hal_i2c.o
    0x0800497e   0x0800497e   0x00000046   Code   RO         1914    i.I2C_SlaveTransmit_TXE  stm32f1xx_hal_i2c.o
    0x080049c4   0x080049c4   0x00000070   Code   RO         1915    i.I2C_Slave_ADDR    stm32f1xx_hal_i2c.o
    0x08004a34   0x08004a34   0x000000a8   Code   RO         1916    i.I2C_Slave_AF      stm32f1xx_hal_i2c.o
    0x08004adc   0x08004adc   0x0000018c   Code   RO         1917    i.I2C_Slave_STOPF   stm32f1xx_hal_i2c.o
    0x08004c68   0x08004c68   0x000000be   Code   RO         1919    i.I2C_WaitOnFlagUntilTimeout  stm32f1xx_hal_i2c.o
    0x08004d26   0x08004d26   0x000000fa   Code   RO         1920    i.I2C_WaitOnMasterAddressFlagUntilTimeout  stm32f1xx_hal_i2c.o
    0x08004e20   0x08004e20   0x00000050   Code   RO         1923    i.I2C_WaitOnSTOPRequestThroughIT  stm32f1xx_hal_i2c.o
    0x08004e70   0x08004e70   0x00000066   Code   RO         1924    i.I2C_WaitOnTXEFlagUntilTimeout  stm32f1xx_hal_i2c.o
    0x08004ed6   0x08004ed6   0x00000002   PAD
    0x08004ed8   0x08004ed8   0x0000006c   Code   RO          199    i.MX_ADC1_Init      adc.o
    0x08004f44   0x08004f44   0x0000006c   Code   RO          200    i.MX_ADC2_Init      adc.o
    0x08004fb0   0x08004fb0   0x00000044   Code   RO          245    i.MX_DMA_Init       dma.o
    0x08004ff4   0x08004ff4   0x000000a0   Code   RO          173    i.MX_GPIO_Init      gpio.o
    0x08005094   0x08005094   0x0000003c   Code   RO          271    i.MX_I2C1_Init      i2c.o
    0x080050d0   0x080050d0   0x00000118   Code   RO          316    i.MX_TIM1_Init      tim.o
    0x080051e8   0x080051e8   0x00000070   Code   RO          317    i.MX_TIM2_Init      tim.o
    0x08005258   0x08005258   0x00000004   Code   RO          385    i.MemManage_Handler  stm32f1xx_it.o
    0x0800525c   0x0800525c   0x00000004   Code   RO          386    i.NMI_Handler       stm32f1xx_it.o
    0x08005260   0x08005260   0x00000002   Code   RO          387    i.PendSV_Handler    stm32f1xx_it.o
    0x08005262   0x08005262   0x00000002   PAD
    0x08005264   0x08005264   0x00000058   Code   RO         3347    i.Phase_to_AlphaBeta  foc_math.o
    0x080052bc   0x080052bc   0x00000074   Code   RO         3512    i.PidCalc           pid.o
    0x08005330   0x08005330   0x00000024   Code   RO         3513    i.PidInit           pid.o
    0x08005354   0x08005354   0x00000028   Code   RO         1023    i.RCC_Delay         stm32f1xx_hal_rcc.o
    0x0800537c   0x0800537c   0x00000002   Code   RO          388    i.SVC_Handler       stm32f1xx_it.o
    0x0800537e   0x0800537e   0x00000002   PAD
    0x08005380   0x08005380   0x00000044   Code   RO         3464    i.SetPhashPwm       mid.o
    0x080053c4   0x080053c4   0x0000007c   Code   RO         3465    i.SetSamplingPhash  mid.o
    0x08005440   0x08005440   0x00000014   Code   RO         3584    i.Set_Zero          as5600.o
    0x08005454   0x08005454   0x00000198   Code   RO         3466    i.StartPhashPwm     mid.o
    0x080055ec   0x080055ec   0x00000008   Code   RO          389    i.SysTick_Handler   stm32f1xx_it.o
    0x080055f4   0x080055f4   0x00000084   Code   RO           14    i.SystemClock_Config  main.o
    0x08005678   0x08005678   0x00000002   Code   RO         3305    i.SystemInit        system_stm32f1xx.o
    0x0800567a   0x0800567a   0x00000002   PAD
    0x0800567c   0x0800567c   0x00000010   Code   RO          390    i.TIM1_UP_IRQHandler  stm32f1xx_it.o
    0x0800568c   0x0800568c   0x00000098   Code   RO          391    i.TIM2_IRQHandler   stm32f1xx_it.o
    0x08005724   0x08005724   0x00000084   Code   RO         2415    i.TIM_Base_SetConfig  stm32f1xx_hal_tim.o
    0x080057a8   0x080057a8   0x00000022   Code   RO         2416    i.TIM_CCxChannelCmd  stm32f1xx_hal_tim.o
    0x080057ca   0x080057ca   0x00000022   Code   RO         3076    i.TIM_CCxNChannelCmd  stm32f1xx_hal_tim_ex.o
    0x080057ec   0x080057ec   0x00000016   Code   RO         2426    i.TIM_ETR_SetConfig  stm32f1xx_hal_tim.o
    0x08005802   0x08005802   0x00000012   Code   RO         2427    i.TIM_ITRx_SetConfig  stm32f1xx_hal_tim.o
    0x08005814   0x08005814   0x00000060   Code   RO         2428    i.TIM_OC1_SetConfig  stm32f1xx_hal_tim.o
    0x08005874   0x08005874   0x00000068   Code   RO         2429    i.TIM_OC2_SetConfig  stm32f1xx_hal_tim.o
    0x080058dc   0x080058dc   0x00000068   Code   RO         2430    i.TIM_OC3_SetConfig  stm32f1xx_hal_tim.o
    0x08005944   0x08005944   0x00000048   Code   RO         2431    i.TIM_OC4_SetConfig  stm32f1xx_hal_tim.o
    0x0800598c   0x0800598c   0x00000026   Code   RO         2433    i.TIM_TI1_ConfigInputStage  stm32f1xx_hal_tim.o
    0x080059b2   0x080059b2   0x00000028   Code   RO         2435    i.TIM_TI2_ConfigInputStage  stm32f1xx_hal_tim.o
    0x080059da   0x080059da   0x00000004   Code   RO          392    i.UsageFault_Handler  stm32f1xx_it.o
    0x080059de   0x080059de   0x00000002   PAD
    0x080059e0   0x080059e0   0x00000010   Code   RO         1330    i.__NVIC_GetPriorityGrouping  stm32f1xx_hal_cortex.o
    0x080059f0   0x080059f0   0x00000028   Code   RO         1331    i.__NVIC_SetPriority  stm32f1xx_hal_cortex.o
    0x08005a18   0x08005a18   0x00000024   Code   RO         3585    i.angle_limiting_int16  as5600.o
    0x08005a3c   0x08005a3c   0x00000100   Code   RO         3349    i.cos_calculate     foc_math.o
    0x08005b3c   0x08005b3c   0x00000038   Code   RO           15    i.main              main.o
    0x08005b74   0x08005b74   0x0000007c   Code   RO         3352    i.qd_to_AlphaBeta   foc_math.o
    0x08005bf0   0x08005bf0   0x000001ac   Code   RO         3353    i.sin_calculate     foc_math.o
    0x08005d9c   0x08005d9c   0x00000062   Code   RO         3695    x$fpl$d2f           fz_ws.l(d2f.o)
    0x08005dfe   0x08005dfe   0x00000002   PAD
    0x08005e00   0x08005e00   0x00000150   Code   RO         3697    x$fpl$dadd          fz_ws.l(daddsub_clz.o)
    0x08005f50   0x08005f50   0x00000154   Code   RO         3703    x$fpl$dmul          fz_ws.l(dmul.o)
    0x080060a4   0x080060a4   0x0000009c   Code   RO         3768    x$fpl$dnaninf       fz_ws.l(dnaninf.o)
    0x08006140   0x08006140   0x0000000c   Code   RO         3772    x$fpl$dretinf       fz_ws.l(dretinf.o)
    0x0800614c   0x0800614c   0x000001d4   Code   RO         3699    x$fpl$dsub          fz_ws.l(daddsub_clz.o)
    0x08006320   0x08006320   0x00000056   Code   RO         3707    x$fpl$f2d           fz_ws.l(f2d.o)
    0x08006376   0x08006376   0x00000002   PAD
    0x08006378   0x08006378   0x000000c4   Code   RO         3709    x$fpl$fadd          fz_ws.l(faddsub_clz.o)
    0x0800643c   0x0800643c   0x00000018   Code   RO         3774    x$fpl$fcmpinf       fz_ws.l(fcmpi.o)
    0x08006454   0x08006454   0x00000184   Code   RO         3716    x$fpl$fdiv          fz_ws.l(fdiv.o)
    0x080065d8   0x080065d8   0x00000068   Code   RO         3719    x$fpl$feqf          fz_ws.l(feqf.o)
    0x08006640   0x08006640   0x00000036   Code   RO         3721    x$fpl$ffix          fz_ws.l(ffix.o)
    0x08006676   0x08006676   0x00000002   PAD
    0x08006678   0x08006678   0x0000003e   Code   RO         3725    x$fpl$ffixu         fz_ws.l(ffixu.o)
    0x080066b6   0x080066b6   0x00000002   PAD
    0x080066b8   0x080066b8   0x00000030   Code   RO         3730    x$fpl$fflt          fz_ws.l(fflt_clz.o)
    0x080066e8   0x080066e8   0x00000068   Code   RO         3737    x$fpl$fleqf         fz_ws.l(fleqf.o)
    0x08006750   0x08006750   0x00000102   Code   RO         3739    x$fpl$fmul          fz_ws.l(fmul.o)
    0x08006852   0x08006852   0x0000008c   Code   RO         3776    x$fpl$fnaninf       fz_ws.l(fnaninf.o)
    0x080068de   0x080068de   0x0000000a   Code   RO         3778    x$fpl$fretinf       fz_ws.l(fretinf.o)
    0x080068e8   0x080068e8   0x00000062   Code   RO         3741    x$fpl$frleqf        fz_ws.l(frleqf.o)
    0x0800694a   0x0800694a   0x00000014   Code   RO         3710    x$fpl$frsb          fz_ws.l(faddsub_clz.o)
    0x0800695e   0x0800695e   0x00000002   PAD
    0x08006960   0x08006960   0x000000ea   Code   RO         3711    x$fpl$fsub          fz_ws.l(faddsub_clz.o)
    0x08006a4a   0x08006a4a   0x00000000   Code   RO         3780    x$fpl$usenofp       fz_ws.l(usenofp.o)
    0x08006a4a   0x08006a4a   0x00000012   Data   RO         1024    .constdata          stm32f1xx_hal_rcc.o
    0x08006a5c   0x08006a5c   0x00000018   Data   RO         3306    .constdata          system_stm32f1xx.o
    0x08006a74   0x08006a74   0x00000e14   Data   RO         3355    .constdata          foc_math.o
    0x08007888   0x08007888   0x00000020   Data   RO         3974    Region$$Table       anon$$obj.o


    Execution Region RW_IRAM1 (Exec base: 0x20000000, Load base: 0x080078a8, Size: 0x00000cc8, Max: 0x00005000, ABSOLUTE)

    Exec Addr    Load Addr    Size         Type   Attr      Idx    E Section Name        Object

    0x20000000   0x080078a8   0x00000010   Data   RW           16    .data               main.o
    0x20000010   0x080078b8   0x00000028   Data   RW          394    .data               stm32f1xx_it.o
    0x20000038   0x080078e0   0x00000009   Data   RW          860    .data               stm32f1xx_hal.o
    0x20000041   0x080078e9   0x00000003   PAD
    0x20000044   0x080078ec   0x00000004   Data   RW         3307    .data               system_stm32f1xx.o
    0x20000048   0x080078f0   0x00000028   Data   RW         3356    .data               foc_math.o
    0x20000070   0x08007918   0x00000034   Data   RW         3467    .data               mid.o
    0x200000a4   0x0800794c   0x00000004   PAD
    0x200000a8   0x08007950   0x00000032   Data   RW         3587    .data               as5600.o
    0x200000da   0x08007982   0x00000002   PAD
    0x200000dc        -       0x00000060   Zero   RW          201    .bss                adc.o
    0x2000013c        -       0x000000dc   Zero   RW          272    .bss                i2c.o
    0x20000218        -       0x00000090   Zero   RW          318    .bss                tim.o
    0x200002a8        -       0x00000320   Zero   RW          393    .bss                stm32f1xx_it.o
    0x200005c8        -       0x000000a0   Zero   RW         3354    .bss                foc_math.o
    0x20000668        -       0x00000060   Zero   RW         3826    .bss                c_w.l(libspace.o)
    0x200006c8        -       0x00000200   Zero   RW            2    HEAP                startup_stm32f103xb.o
    0x200008c8        -       0x00000400   Zero   RW            1    STACK               startup_stm32f103xb.o


==============================================================================

Image component sizes


      Code (inc. data)   RO Data    RW Data    ZI Data      Debug   Object Name

       532         38          0          0         96       2362   adc.o
       348         68          0         50          0       3947   as5600.o
        68          4          0          0          0        690   dma.o
      3612        168       3604         40        160       9873   foc_math.o
       160         10          0          0          0        855   gpio.o
       324         38          0          0        220       1671   i2c.o
       194          4          0         16          0     449506   main.o
      1016         80          0         52          0       4718   mid.o
       152          0          0          0          0       1896   pid.o
        64         26        236          0       1536        780   startup_stm32f103xb.o
       192         36          0          9          0       5649   stm32f1xx_hal.o
       838         20          0          0          0       4752   stm32f1xx_hal_adc.o
       884         22          0          0          0       3502   stm32f1xx_hal_adc_ex.o
       304         22          0          0          0      29207   stm32f1xx_hal_cortex.o
       900         12          0          0          0       4553   stm32f1xx_hal_dma.o
       812         34          0          0          0       2584   stm32f1xx_hal_gpio.o
      6776         76          0          0          0      29764   stm32f1xx_hal_i2c.o
        84          8          0          0          0        834   stm32f1xx_hal_msp.o
      1716         88         18          0          0       5209   stm32f1xx_hal_rcc.o
       304         14          0          0          0       1340   stm32f1xx_hal_rcc_ex.o
      2206         74          0          0          0      15751   stm32f1xx_hal_tim.o
       482         28          0          0          0       4472   stm32f1xx_hal_tim_ex.o
       466         98          0         40        800       7868   stm32f1xx_it.o
         2          0         24          4          0       1031   system_stm32f1xx.o
       668         46          0          0        144       3495   tim.o

    ----------------------------------------------------------------------
     23132       1014       3914        220       2956     596309   Object Totals
         0          0         32          0          0          0   (incl. Generated)
        28          0          0          9          0          0   (incl. Padding)

    ----------------------------------------------------------------------

      Code (inc. data)   RO Data    RW Data    ZI Data      Debug   Library Member Name

         8          0          0          0          0         68   __main.o
         0          0          0          0          0          0   __rtentry.o
        12          0          0          0          0          0   __rtentry2.o
         6          0          0          0          0          0   __rtentry4.o
        52          8          0          0          0          0   __scatter.o
        26          0          0          0          0          0   __scatter_copy.o
        28          0          0          0          0          0   __scatter_zi.o
        18          0          0          0          0         80   exit.o
         6          0          0          0          0        152   heapauxi.o
         0          0          0          0          0          0   indicate_semi.o
         2          0          0          0          0          0   libinit.o
         2          0          0          0          0          0   libinit2.o
         2          0          0          0          0          0   libshutdown.o
         2          0          0          0          0          0   libshutdown2.o
         8          4          0          0         96         68   libspace.o
       238          0          0          0          0        100   lludivv7m.o
        78          0          0          0          0         80   rt_memclr_w.o
         2          0          0          0          0          0   rtexit.o
        10          0          0          0          0          0   rtexit2.o
        12          4          0          0          0         68   sys_exit.o
        74          0          0          0          0         80   sys_stackheap_outer.o
         2          0          0          0          0         68   use_no_semi.o
        98          4          0          0          0         92   d2f.o
       804         16          0          0          0        272   daddsub_clz.o
       340         12          0          0          0        104   dmul.o
       156          4          0          0          0         92   dnaninf.o
        12          0          0          0          0         68   dretinf.o
        86          4          0          0          0         84   f2d.o
       450          8          0          0          0        236   faddsub_clz.o
        24          0          0          0          0         68   fcmpi.o
       388         76          0          0          0         96   fdiv.o
       104          4          0          0          0         84   feqf.o
        54          4          0          0          0         84   ffix.o
        62          4          0          0          0         84   ffixu.o
        48          0          0          0          0         68   fflt_clz.o
       104          4          0          0          0         84   fleqf.o
       258          4          0          0          0         84   fmul.o
       140          4          0          0          0         84   fnaninf.o
        10          0          0          0          0         68   fretinf.o
        98          0          0          0          0         68   frleqf.o
         0          0          0          0          0          0   usenofp.o

    ----------------------------------------------------------------------
      3842        164          0          0         96       2584   Library Totals
        18          0          0          0          0          0   (incl. Padding)

    ----------------------------------------------------------------------

      Code (inc. data)   RO Data    RW Data    ZI Data      Debug   Library Name

       588         16          0          0         96        764   c_w.l
      3236        148          0          0          0       1820   fz_ws.l

    ----------------------------------------------------------------------
      3842        164          0          0         96       2584   Library Totals

    ----------------------------------------------------------------------

==============================================================================


      Code (inc. data)   RO Data    RW Data    ZI Data      Debug   

     26974       1178       3914        220       3052     589633   Grand Totals
     26974       1178       3914        220       3052     589633   ELF Image Totals
     26974       1178       3914        220          0          0   ROM Totals

==============================================================================

    Total RO  Size (Code + RO Data)                30888 (  30.16kB)
    Total RW  Size (RW Data + ZI Data)              3272 (   3.20kB)
    Total ROM Size (Code + RO Data + RW Data)      31108 (  30.38kB)

==============================================================================

