<html>
<body>
<pre>
<h1>µVision Build Log</h1>
<h2>Tool Versions:</h2>
IDE-Version: ¦ÌVision V5.35.0.0
Copyright (C) 2021 ARM Ltd and ARM Germany GmbH. All rights reserved.
License Information: 1 Z, 1, LIC=FYKYW-QS630-305NC-7TW9U-CTL5N-873A9
 
Tool Versions:
Toolchain:       MDK-ARM Plus  Version: 5.35.0.2
Toolchain Path:  C:\Keil_v5\ARM\ARMCC\Bin
C Compiler:      Armcc.exe V5.06 update 7 (build 960)
Assembler:       Armasm.exe V5.06 update 7 (build 960)
Linker/Locator:  ArmLink.exe V5.06 update 7 (build 960)
Library Manager: ArmAr.exe V5.06 update 7 (build 960)
Hex Converter:   FromElf.exe V5.06 update 7 (build 960)
CPU DLL:         SARMCM3.DLL V5.35.0.2
Dialog DLL:      DCM.DLL V1.17.3.0
Target DLL:      Segger\JL2CM3.dll V2.99.40.0
Dialog DLL:      TCM.DLL V1.53.0.0
 
<h2>Project:</h2>
C:\Users\Z\Desktop\FOC\MDK-ARM\FOC.uvprojx
Project File Date:  11/25/2024

<h2>Output:</h2>
*** Using Compiler 'V5.06 update 7 (build 960)', folder: 'C:\Keil_v5\ARM\ARMCC\Bin'
Build target 'FOC'
assembling startup_stm32f103xb.s...
compiling stm32f1xx_hal_adc_ex.c...
compiling i2c.c...
compiling gpio.c...
compiling stm32f1xx_hal_gpio_ex.c...
compiling stm32f1xx_hal_gpio.c...
compiling stm32f1xx_hal.c...
compiling stm32f1xx_it.c...
../PID/pid.h(27): warning:  #1-D: last line of file ends without a newline
  #endif
../MID/mid.h(17): warning:  #1295-D: Deprecated declaration SetSamplingPhash - give arg types
  void SetSamplingPhash();
../MID/mid.h(19): warning:  #1-D: last line of file ends without a newline
  #endif
../FOC_math/FOC_math.h(104): warning:  #1-D: last line of file ends without a newline
  #endif
../Core/Src/stm32f1xx_it.c: 4 warnings, 0 errors
compiling dma.c...
compiling stm32f1xx_hal_adc.c...
compiling stm32f1xx_hal_dma.c...
compiling main.c...
../PID/pid.h(27): warning:  #1-D: last line of file ends without a newline
  #endif
../MID/mid.h(17): warning:  #1295-D: Deprecated declaration SetSamplingPhash - give arg types
  void SetSamplingPhash();
../MID/mid.h(19): warning:  #1-D: last line of file ends without a newline
  #endif
../FOC_math/FOC_math.h(104): warning:  #1-D: last line of file ends without a newline
  #endif
../Core/Src/main.c: 4 warnings, 0 errors
compiling adc.c...
compiling tim.c...
compiling stm32f1xx_hal_rcc.c...
compiling stm32f1xx_hal_msp.c...
compiling stm32f1xx_hal_rcc_ex.c...
compiling pid.c...
..\PID\pid.h(27): warning:  #1-D: last line of file ends without a newline
  #endif
..\PID\pid.c(25): warning:  #1-D: last line of file ends without a newline
  }
..\PID\pid.c: 2 warnings, 0 errors
compiling SMO_observer.c...
..\FOC_math\SMO_observer.h(28): warning:  #1-D: last line of file ends without a newline
  #endif
..\FOC_math\SMO_observer.c(75): warning:  #223-D: function "fabsf" declared implicitly
  	float abs_y = fabsf(y) + 1e-20f; // kludge to prevent 0/0 condition
..\FOC_math\SMO_observer.c(93): warning:  #1-D: last line of file ends without a newline
  }
..\FOC_math\SMO_observer.c: 3 warnings, 0 errors
compiling FOC_math.c...
../PID/pid.h(27): warning:  #1-D: last line of file ends without a newline
  #endif
../MID/mid.h(17): warning:  #1295-D: Deprecated declaration SetSamplingPhash - give arg types
  void SetSamplingPhash();
../MID/mid.h(19): warning:  #1-D: last line of file ends without a newline
  #endif
..\FOC_math\FOC_math.h(104): warning:  #1-D: last line of file ends without a newline
  #endif
..\FOC_math\FOC_math.c(256): warning:  #188-D: enumerated type mixed with another type
      FOC.I.SetSimplingPhash = SamplingPhashChoice();
..\FOC_math\FOC_math.c(123): warning:  #177-D: variable "T0"  was declared but never referenced
  	float T0,T1,T2,T3,T4,T5,T6;
..\FOC_math\FOC_math.c(123): warning:  #177-D: variable "T1"  was declared but never referenced
  	float T0,T1,T2,T3,T4,T5,T6;
..\FOC_math\FOC_math.c(123): warning:  #177-D: variable "T2"  was declared but never referenced
  	float T0,T1,T2,T3,T4,T5,T6;
..\FOC_math\FOC_math.c(123): warning:  #177-D: variable "T3"  was declared but never referenced
  	float T0,T1,T2,T3,T4,T5,T6;
..\FOC_math\FOC_math.c(123): warning:  #177-D: variable "T4"  was declared but never referenced
  	float T0,T1,T2,T3,T4,T5,T6;
..\FOC_math\FOC_math.c(123): warning:  #177-D: variable "T5"  was declared but never referenced
  	float T0,T1,T2,T3,T4,T5,T6;
..\FOC_math\FOC_math.c(123): warning:  #177-D: variable "T6"  was declared but never referenced
  	float T0,T1,T2,T3,T4,T5,T6;
..\FOC_math\FOC_math.c(1220): warning:  #1-D: last line of file ends without a newline
  }
..\FOC_math\FOC_math.c: 13 warnings, 0 errors
compiling mid.c...
..\MID\mid.h(17): warning:  #1295-D: Deprecated declaration SetSamplingPhash - give arg types
  void SetSamplingPhash();
..\MID\mid.h(19): warning:  #1-D: last line of file ends without a newline
  #endif
../PID/pid.h(27): warning:  #1-D: last line of file ends without a newline
  #endif
../FOC_math/FOC_math.h(104): warning:  #1-D: last line of file ends without a newline
  #endif
..\MID\mid.c(49): warning:  #177-D: variable "sConfig"  was declared but never referenced
      ADC_ChannelConfTypeDef sConfig = {0};
..\MID\mid.c(196): warning:  #1-D: last line of file ends without a newline
  }
..\MID\mid.c: 6 warnings, 0 errors
compiling stm32f1xx_hal_cortex.c...
compiling stm32f1xx_hal_flash.c...
compiling AS5600.c...
compiling stm32f1xx_hal_flash_ex.c...
compiling stm32f1xx_hal_exti.c...
compiling stm32f1xx_hal_tim_ex.c...
compiling system_stm32f1xx.c...
compiling stm32f1xx_hal_pwr.c...
compiling stm32f1xx_hal_tim.c...
compiling stm32f1xx_hal_i2c.c...
linking...
Program Size: Code=25802 RO-data=3914 RW-data=156 ZI-data=3052  
FromELF: creating hex file...
"FOC\FOC.axf" - 0 Error(s), 32 Warning(s).

<h2>Software Packages used:</h2>

Package Vendor: ARM
                http://www.keil.com/pack/ARM.CMSIS.5.9.0.pack
                ARM.CMSIS.5.9.0
                CMSIS (Common Microcontroller Software Interface Standard)
   * Component: CORE Version: 5.6.0

Package Vendor: Keil
                https://www.keil.com/pack/Keil.STM32F1xx_DFP.2.4.1.pack
                Keil.STM32F1xx_DFP.2.4.1
                STMicroelectronics STM32F1 Series Device Support, Drivers and Examples

<h2>Collection of Component include folders:</h2>
  .\RTE\_FOC
  C:\Users\Z\Desktop\ARM\CMSIS\5.9.0\CMSIS\Core\Include
  C:\Users\Z\Desktop\Keil\STM32F1xx_DFP\2.4.1\Device\Include

<h2>Collection of Component Files used:</h2>

   * Component: ARM::CMSIS:CORE:5.6.0
      Include file:  CMSIS\Core\Include\tz_context.h
Build Time Elapsed:  00:00:09
</pre>
</body>
</html>
