Component: ARM Compiler 5.05 update 1 (build 106) Tool: armlink [4d0efa]

==============================================================================

Section Cross References

    system_stm32f10x.o(i.SetSysClock) refers to system_stm32f10x.o(i.SetSysClockTo72) for SetSysClockTo72
    system_stm32f10x.o(i.SystemCoreClockUpdate) refers to system_stm32f10x.o(.data) for SystemCoreClock
    system_stm32f10x.o(i.SystemInit) refers to system_stm32f10x.o(i.SetSysClock) for SetSysClock
    startup_stm32f10x_md.o(RESET) refers to startup_stm32f10x_md.o(STACK) for __initial_sp
    startup_stm32f10x_md.o(RESET) refers to startup_stm32f10x_md.o(.text) for Reset_Handler
    startup_stm32f10x_md.o(RESET) refers to usart.o(i.USART1_IRQHandler) for USART1_IRQHandler
    startup_stm32f10x_md.o(.text) refers to system_stm32f10x.o(i.SystemInit) for SystemInit
    startup_stm32f10x_md.o(.text) refers to entry.o(.ARM.Collect$$$$00000000) for __main
    stm32f10x_adc.o(i.ADC_DeInit) refers to stm32f10x_rcc.o(i.RCC_APB2PeriphResetCmd) for RCC_APB2PeriphResetCmd
    stm32f10x_bkp.o(i.BKP_DeInit) refers to stm32f10x_rcc.o(i.RCC_BackupResetCmd) for RCC_BackupResetCmd
    stm32f10x_can.o(i.CAN_DeInit) refers to stm32f10x_rcc.o(i.RCC_APB1PeriphResetCmd) for RCC_APB1PeriphResetCmd
    stm32f10x_can.o(i.CAN_GetITStatus) refers to stm32f10x_can.o(i.CheckITStatus) for CheckITStatus
    stm32f10x_cec.o(i.CEC_DeInit) refers to stm32f10x_rcc.o(i.RCC_APB1PeriphResetCmd) for RCC_APB1PeriphResetCmd
    stm32f10x_dac.o(i.DAC_DeInit) refers to stm32f10x_rcc.o(i.RCC_APB1PeriphResetCmd) for RCC_APB1PeriphResetCmd
    stm32f10x_flash.o(i.FLASH_EnableWriteProtection) refers to stm32f10x_flash.o(i.FLASH_WaitForLastOperation) for FLASH_WaitForLastOperation
    stm32f10x_flash.o(i.FLASH_EraseAllBank1Pages) refers to stm32f10x_flash.o(i.FLASH_WaitForLastBank1Operation) for FLASH_WaitForLastBank1Operation
    stm32f10x_flash.o(i.FLASH_EraseAllPages) refers to stm32f10x_flash.o(i.FLASH_WaitForLastOperation) for FLASH_WaitForLastOperation
    stm32f10x_flash.o(i.FLASH_EraseOptionBytes) refers to stm32f10x_flash.o(i.FLASH_GetReadOutProtectionStatus) for FLASH_GetReadOutProtectionStatus
    stm32f10x_flash.o(i.FLASH_EraseOptionBytes) refers to stm32f10x_flash.o(i.FLASH_WaitForLastOperation) for FLASH_WaitForLastOperation
    stm32f10x_flash.o(i.FLASH_ErasePage) refers to stm32f10x_flash.o(i.FLASH_WaitForLastOperation) for FLASH_WaitForLastOperation
    stm32f10x_flash.o(i.FLASH_ProgramHalfWord) refers to stm32f10x_flash.o(i.FLASH_WaitForLastOperation) for FLASH_WaitForLastOperation
    stm32f10x_flash.o(i.FLASH_ProgramOptionByteData) refers to stm32f10x_flash.o(i.FLASH_WaitForLastOperation) for FLASH_WaitForLastOperation
    stm32f10x_flash.o(i.FLASH_ProgramWord) refers to stm32f10x_flash.o(i.FLASH_WaitForLastOperation) for FLASH_WaitForLastOperation
    stm32f10x_flash.o(i.FLASH_ReadOutProtection) refers to stm32f10x_flash.o(i.FLASH_WaitForLastOperation) for FLASH_WaitForLastOperation
    stm32f10x_flash.o(i.FLASH_UserOptionByteConfig) refers to stm32f10x_flash.o(i.FLASH_WaitForLastOperation) for FLASH_WaitForLastOperation
    stm32f10x_flash.o(i.FLASH_WaitForLastBank1Operation) refers to stm32f10x_flash.o(i.FLASH_GetBank1Status) for FLASH_GetBank1Status
    stm32f10x_flash.o(i.FLASH_WaitForLastOperation) refers to stm32f10x_flash.o(i.FLASH_GetBank1Status) for FLASH_GetBank1Status
    stm32f10x_gpio.o(i.GPIO_AFIODeInit) refers to stm32f10x_rcc.o(i.RCC_APB2PeriphResetCmd) for RCC_APB2PeriphResetCmd
    stm32f10x_gpio.o(i.GPIO_DeInit) refers to stm32f10x_rcc.o(i.RCC_APB2PeriphResetCmd) for RCC_APB2PeriphResetCmd
    stm32f10x_i2c.o(i.I2C_DeInit) refers to stm32f10x_rcc.o(i.RCC_APB1PeriphResetCmd) for RCC_APB1PeriphResetCmd
    stm32f10x_i2c.o(i.I2C_Init) refers to stm32f10x_rcc.o(i.RCC_GetClocksFreq) for RCC_GetClocksFreq
    stm32f10x_pwr.o(i.PWR_DeInit) refers to stm32f10x_rcc.o(i.RCC_APB1PeriphResetCmd) for RCC_APB1PeriphResetCmd
    stm32f10x_rcc.o(i.RCC_GetClocksFreq) refers to stm32f10x_rcc.o(.data) for APBAHBPrescTable
    stm32f10x_rcc.o(i.RCC_WaitForHSEStartUp) refers to stm32f10x_rcc.o(i.RCC_GetFlagStatus) for RCC_GetFlagStatus
    stm32f10x_rtc.o(i.RTC_SetAlarm) refers to stm32f10x_rtc.o(i.RTC_EnterConfigMode) for RTC_EnterConfigMode
    stm32f10x_rtc.o(i.RTC_SetAlarm) refers to stm32f10x_rtc.o(i.RTC_ExitConfigMode) for RTC_ExitConfigMode
    stm32f10x_rtc.o(i.RTC_SetCounter) refers to stm32f10x_rtc.o(i.RTC_EnterConfigMode) for RTC_EnterConfigMode
    stm32f10x_rtc.o(i.RTC_SetCounter) refers to stm32f10x_rtc.o(i.RTC_ExitConfigMode) for RTC_ExitConfigMode
    stm32f10x_rtc.o(i.RTC_SetPrescaler) refers to stm32f10x_rtc.o(i.RTC_EnterConfigMode) for RTC_EnterConfigMode
    stm32f10x_rtc.o(i.RTC_SetPrescaler) refers to stm32f10x_rtc.o(i.RTC_ExitConfigMode) for RTC_ExitConfigMode
    stm32f10x_spi.o(i.I2S_Init) refers to stm32f10x_rcc.o(i.RCC_GetClocksFreq) for RCC_GetClocksFreq
[...]
    Removing stm32f10x_tim.o(i.TIM_TimeBaseStructInit), (18 bytes).
    Removing stm32f10x_tim.o(i.TIM_UpdateDisableConfig), (24 bytes).
    Removing stm32f10x_tim.o(i.TIM_UpdateRequestConfig), (24 bytes).
    Removing stm32f10x_usart.o(i.USART_ClearFlag), (18 bytes).
    Removing stm32f10x_usart.o(i.USART_ClearITPendingBit), (30 bytes).
    Removing stm32f10x_usart.o(i.USART_ClockInit), (34 bytes).
    Removing stm32f10x_usart.o(i.USART_ClockStructInit), (12 bytes).
    Removing stm32f10x_usart.o(i.USART_DMACmd), (18 bytes).
    Removing stm32f10x_usart.o(i.USART_DeInit), (156 bytes).
    Removing stm32f10x_usart.o(i.USART_GetFlagStatus), (26 bytes).
    Removing stm32f10x_usart.o(i.USART_HalfDuplexCmd), (24 bytes).
    Removing stm32f10x_usart.o(i.USART_IrDACmd), (24 bytes).
    Removing stm32f10x_usart.o(i.USART_IrDAConfig), (18 bytes).
    Removing stm32f10x_usart.o(i.USART_LINBreakDetectLengthConfig), (18 bytes).
    Removing stm32f10x_usart.o(i.USART_LINCmd), (24 bytes).
    Removing stm32f10x_usart.o(i.USART_OneBitMethodCmd), (24 bytes).
    Removing stm32f10x_usart.o(i.USART_OverSampling8Cmd), (22 bytes).
    Removing stm32f10x_usart.o(i.USART_ReceiverWakeUpCmd), (24 bytes).
    Removing stm32f10x_usart.o(i.USART_SendBreak), (10 bytes).
    Removing stm32f10x_usart.o(i.USART_SendData), (8 bytes).
    Removing stm32f10x_usart.o(i.USART_SetAddress), (18 bytes).
    Removing stm32f10x_usart.o(i.USART_SetGuardTime), (16 bytes).
    Removing stm32f10x_usart.o(i.USART_SetPrescaler), (16 bytes).
    Removing stm32f10x_usart.o(i.USART_SmartCardCmd), (24 bytes).
    Removing stm32f10x_usart.o(i.USART_SmartCardNACKCmd), (24 bytes).
    Removing stm32f10x_usart.o(i.USART_StructInit), (24 bytes).
    Removing stm32f10x_usart.o(i.USART_WakeUpConfig), (18 bytes).
    Removing stm32f10x_wwdg.o(i.WWDG_ClearFlag), (12 bytes).
    Removing stm32f10x_wwdg.o(i.WWDG_DeInit), (22 bytes).
    Removing stm32f10x_wwdg.o(i.WWDG_Enable), (16 bytes).
    Removing stm32f10x_wwdg.o(i.WWDG_EnableIT), (12 bytes).
    Removing stm32f10x_wwdg.o(i.WWDG_GetFlagStatus), (12 bytes).
    Removing stm32f10x_wwdg.o(i.WWDG_SetCounter), (16 bytes).
    Removing stm32f10x_wwdg.o(i.WWDG_SetPrescaler), (24 bytes).
    Removing stm32f10x_wwdg.o(i.WWDG_SetWindowValue), (40 bytes).
    Removing delay.o(i.delay_us), (54 bytes).
    Removing usart.o(i._sys_exit), (6 bytes).
    Removing spi2.o(i.SPI2_Init_), (176 bytes).
    Removing spi2.o(i.SPIx_ReadWriteByte), (84 bytes).
    Removing magneticsensorspi.o(i.ReadAS5047P), (80 bytes).
    Removing magneticsensorspi.o(i.ReadMA730), (40 bytes).
    Removing magneticsensorspi.o(i.ReadTLE5012B), (116 bytes).
    Removing magneticsensorspi.o(i.delay_s), (12 bytes).

440 unused section(s) (total 19642 bytes) removed from the image.

==============================================================================

Image Symbol Table

    Local Symbols

    Symbol Name                              Value     Ov Type        Size  Object(Section)

    ../clib/microlib/ctype/ctype.c           0x00000000   Number         0  ctype_c.o ABSOLUTE
    ../clib/microlib/ctype/ctype.c           0x00000000   Number         0  isspace_c.o ABSOLUTE
    ../clib/microlib/division.c              0x00000000   Number         0  uidiv.o ABSOLUTE
    ../clib/microlib/division.c              0x00000000   Number         0  uldiv.o ABSOLUTE
    ../clib/microlib/errno.c                 0x00000000   Number         0  errno.o ABSOLUTE
    ../clib/microlib/init/entry.s            0x00000000   Number         0  entry11a.o ABSOLUTE
    ../clib/microlib/init/entry.s            0x00000000   Number         0  entry7b.o ABSOLUTE
    ../clib/microlib/init/entry.s            0x00000000   Number         0  entry8b.o ABSOLUTE
    ../clib/microlib/init/entry.s            0x00000000   Number         0  entry9a.o ABSOLUTE
    ../clib/microlib/init/entry.s            0x00000000   Number         0  entry.o ABSOLUTE
    ../clib/microlib/init/entry.s            0x00000000   Number         0  entry8a.o ABSOLUTE
    ../clib/microlib/init/entry.s            0x00000000   Number         0  entry9b.o ABSOLUTE
    ../clib/microlib/init/entry.s            0x00000000   Number         0  entry10a.o ABSOLUTE
    ../clib/microlib/init/entry.s            0x00000000   Number         0  entry10b.o ABSOLUTE
    ../clib/microlib/init/entry.s            0x00000000   Number         0  entry11b.o ABSOLUTE
    ../clib/microlib/init/entry.s            0x00000000   Number         0  entry2.o ABSOLUTE
    ../clib/microlib/init/entry.s            0x00000000   Number         0  entry5.o ABSOLUTE
    ../clib/microlib/init/entry.s            0x00000000   Number         0  entry7a.o ABSOLUTE
    ../clib/microlib/longlong.c              0x00000000   Number         0  llshl.o ABSOLUTE
    ../clib/microlib/longlong.c              0x00000000   Number         0  llsshr.o ABSOLUTE
    ../clib/microlib/longlong.c              0x00000000   Number         0  llushr.o ABSOLUTE
    ../clib/microlib/printf/printf.c         0x00000000   Number         0  printf8.o ABSOLUTE
    ../clib/microlib/printf/printf.c         0x00000000   Number         0  printfa.o ABSOLUTE
    ../clib/microlib/printf/printf.c         0x00000000   Number         0  printf6.o ABSOLUTE
    ../clib/microlib/printf/printf.c         0x00000000   Number         0  printf7.o ABSOLUTE
    ../clib/microlib/printf/printf.c         0x00000000   Number         0  printfb.o ABSOLUTE
    ../clib/microlib/printf/printf.c         0x00000000   Number         0  printf0.o ABSOLUTE
    ../clib/microlib/printf/printf.c         0x00000000   Number         0  printf4.o ABSOLUTE
    ../clib/microlib/printf/printf.c         0x00000000   Number         0  printf3.o ABSOLUTE
    ../clib/microlib/printf/printf.c         0x00000000   Number         0  printf2.o ABSOLUTE
    ../clib/microlib/printf/printf.c         0x00000000   Number         0  printf1.o ABSOLUTE
    ../clib/microlib/printf/printf.c         0x00000000   Number         0  printf5.o ABSOLUTE
    ../clib/microlib/printf/stubs.s          0x00000000   Number         0  stubs.o ABSOLUTE
    ../clib/microlib/stubs.s                 0x00000000   Number         0  iusefp.o ABSOLUTE
    ../clib/microlib/stubs.s                 0x00000000   Number         0  useno.o ABSOLUTE
    ../clib/scanf.c                          0x00000000   Number         0  strtod.o ABSOLUTE
    ../clib/scanf.c                          0x00000000   Number         0  scanf_fp.o ABSOLUTE
    ../clib/scanf.c                          0x00000000   Number         0  _sgetc.o ABSOLUTE
    ../fplib/microlib/d2f.c                  0x00000000   Number         0  d2f.o ABSOLUTE
    ../fplib/microlib/f2d.c                  0x00000000   Number         0  f2d.o ABSOLUTE
    ../fplib/microlib/fpadd.c                0x00000000   Number         0  fadd.o ABSOLUTE
    ../fplib/microlib/fpadd.c                0x00000000   Number         0  dadd.o ABSOLUTE
    ../fplib/microlib/fpdiv.c                0x00000000   Number         0  fdiv.o ABSOLUTE
    ../fplib/microlib/fpdiv.c                0x00000000   Number         0  ddiv.o ABSOLUTE
    ../fplib/microlib/fpepilogue.c           0x00000000   Number         0  depilogue.o ABSOLUTE
    ../fplib/microlib/fpepilogue.c           0x00000000   Number         0  fepilogue.o ABSOLUTE
    ../fplib/microlib/fpfix.c                0x00000000   Number         0  dfixi.o ABSOLUTE
    ../fplib/microlib/fpfix.c                0x00000000   Number         0  dfixul.o ABSOLUTE
    ../fplib/microlib/fpfix.c                0x00000000   Number         0  dfixui.o ABSOLUTE
    ../fplib/microlib/fpfix.c                0x00000000   Number         0  ffixui.o ABSOLUTE
    ../fplib/microlib/fpflt.c                0x00000000   Number         0  dfltul.o ABSOLUTE
    ../fplib/microlib/fpflt.c                0x00000000   Number         0  ffltui.o ABSOLUTE
    ../fplib/microlib/fpflt.c                0x00000000   Number         0  dfltui.o ABSOLUTE
    ../fplib/microlib/fpflt.c                0x00000000   Number         0  dflti.o ABSOLUTE
    ../fplib/microlib/fpflt.c                0x00000000   Number         0  fflti.o ABSOLUTE
    ../fplib/microlib/fpmul.c                0x00000000   Number         0  fmul.o ABSOLUTE
    ../fplib/microlib/fpmul.c                0x00000000   Number         0  dmul.o ABSOLUTE
    ../fplib/microlib/fprem.c                0x00000000   Number         0  drem.o ABSOLUTE
    ../fplib/microlib/fpscalb.c              0x00000000   Number         0  dscalb.o ABSOLUTE
    ../mathlib/atan.c                        0x00000000   Number         0  atan.o ABSOLUTE
    ../mathlib/atan.c                        0x00000000   Number         0  atan_x.o ABSOLUTE
    ../mathlib/atan2.c                       0x00000000   Number         0  atan2.o ABSOLUTE
    ../mathlib/atan2.c                       0x00000000   Number         0  atan2_x.o ABSOLUTE
    ../mathlib/atof.c                        0x00000000   Number         0  atof.o ABSOLUTE
    ../mathlib/dunder.c                      0x00000000   Number         0  dunder.o ABSOLUTE
    ../mathlib/fmod.c                        0x00000000   Number         0  fmod_x.o ABSOLUTE
    ../mathlib/fmod.c                        0x00000000   Number         0  fmod.o ABSOLUTE
    ../mathlib/fpclassify.c                  0x00000000   Number         0  fpclassify.o ABSOLUTE
    ../mathlib/poly.c                        0x00000000   Number         0  poly.o ABSOLUTE
    ../mathlib/qnan.c                        0x00000000   Number         0  qnan.o ABSOLUTE
    Hardware\adc.c                           0x00000000   Number         0  adc.o ABSOLUTE
    Hardware\delay.c                         0x00000000   Number         0  delay.o ABSOLUTE
    Hardware\iic.c                           0x00000000   Number         0  iic.o ABSOLUTE
    Hardware\spi2.c                          0x00000000   Number         0  spi2.o ABSOLUTE
    Hardware\timer.c                         0x00000000   Number         0  timer.o ABSOLUTE
    Hardware\usart.c                         0x00000000   Number         0  usart.o ABSOLUTE
    SimpleFOC\BLDCMotor.c                    0x00000000   Number         0  bldcmotor.o ABSOLUTE
    SimpleFOC\CurrentSense.c                 0x00000000   Number         0  currentsense.o ABSOLUTE
    SimpleFOC\FOCMotor.c                     0x00000000   Number         0  focmotor.o ABSOLUTE
    SimpleFOC\InlineCurrentSense.c           0x00000000   Number         0  inlinecurrentsense.o ABSOLUTE
    SimpleFOC\MagneticSensorI2C.c            0x00000000   Number         0  magneticsensori2c.o ABSOLUTE
    SimpleFOC\MagneticSensorSPI.c            0x00000000   Number         0  magneticsensorspi.o ABSOLUTE
    SimpleFOC\PID.c                          0x00000000   Number         0  pid.o ABSOLUTE
    SimpleFOC\Sensor.c                       0x00000000   Number         0  sensor.o ABSOLUTE
    SimpleFOC\foc_utils.c                    0x00000000   Number         0  foc_utils.o ABSOLUTE
    SimpleFOC\lowpass_filter.c               0x00000000   Number         0  lowpass_filter.o ABSOLUTE
    cdcmple.s                                0x00000000   Number         0  cdcmple.o ABSOLUTE
    cdrcmple.s                               0x00000000   Number         0  cdrcmple.o ABSOLUTE
    cfcmple.s                                0x00000000   Number         0  cfcmple.o ABSOLUTE
    cfrcmple.s                               0x00000000   Number         0  cfrcmple.o ABSOLUTE
    dc.s                                     0x00000000   Number         0  dc.o ABSOLUTE
    handlers.s                               0x00000000   Number         0  handlers.o ABSOLUTE
    init.s                                   0x00000000   Number         0  init.o ABSOLUTE
    lib\src\misc.c                           0x00000000   Number         0  misc.o ABSOLUTE
    lib\src\stm32f10x_adc.c                  0x00000000   Number         0  stm32f10x_adc.o ABSOLUTE
    lib\src\stm32f10x_bkp.c                  0x00000000   Number         0  stm32f10x_bkp.o ABSOLUTE
    lib\src\stm32f10x_can.c                  0x00000000   Number         0  stm32f10x_can.o ABSOLUTE
    lib\src\stm32f10x_cec.c                  0x00000000   Number         0  stm32f10x_cec.o ABSOLUTE
    lib\src\stm32f10x_crc.c                  0x00000000   Number         0  stm32f10x_crc.o ABSOLUTE
    lib\src\stm32f10x_dac.c                  0x00000000   Number         0  stm32f10x_dac.o ABSOLUTE
    lib\src\stm32f10x_dbgmcu.c               0x00000000   Number         0  stm32f10x_dbgmcu.o ABSOLUTE
    lib\src\stm32f10x_dma.c                  0x00000000   Number         0  stm32f10x_dma.o ABSOLUTE
    lib\src\stm32f10x_exti.c                 0x00000000   Number         0  stm32f10x_exti.o ABSOLUTE
    lib\src\stm32f10x_flash.c                0x00000000   Number         0  stm32f10x_flash.o ABSOLUTE
    lib\src\stm32f10x_fsmc.c                 0x00000000   Number         0  stm32f10x_fsmc.o ABSOLUTE
    lib\src\stm32f10x_gpio.c                 0x00000000   Number         0  stm32f10x_gpio.o ABSOLUTE
    lib\src\stm32f10x_i2c.c                  0x00000000   Number         0  stm32f10x_i2c.o ABSOLUTE
    lib\src\stm32f10x_iwdg.c                 0x00000000   Number         0  stm32f10x_iwdg.o ABSOLUTE
    lib\src\stm32f10x_pwr.c                  0x00000000   Number         0  stm32f10x_pwr.o ABSOLUTE
    lib\src\stm32f10x_rcc.c                  0x00000000   Number         0  stm32f10x_rcc.o ABSOLUTE
    lib\src\stm32f10x_rtc.c                  0x00000000   Number         0  stm32f10x_rtc.o ABSOLUTE
    lib\src\stm32f10x_sdio.c                 0x00000000   Number         0  stm32f10x_sdio.o ABSOLUTE
    lib\src\stm32f10x_spi.c                  0x00000000   Number         0  stm32f10x_spi.o ABSOLUTE
    lib\src\stm32f10x_tim.c                  0x00000000   Number         0  stm32f10x_tim.o ABSOLUTE
    lib\src\stm32f10x_usart.c                0x00000000   Number         0  stm32f10x_usart.o ABSOLUTE
    lib\src\stm32f10x_wwdg.c                 0x00000000   Number         0  stm32f10x_wwdg.o ABSOLUTE
    startup\\core_cm3.c                      0x00000000   Number         0  core_cm3.o ABSOLUTE
    startup\core_cm3.c                       0x00000000   Number         0  core_cm3.o ABSOLUTE
    startup\startup_stm32f10x_md.s           0x00000000   Number         0  startup_stm32f10x_md.o ABSOLUTE
    startup\system_stm32f10x.c               0x00000000   Number         0  system_stm32f10x.o ABSOLUTE
    user\main.c                              0x00000000   Number         0  main.o ABSOLUTE
    RESET                                    0x08000000   Section      236  startup_stm32f10x_md.o(RESET)
    .ARM.Collect$$$$00000000                 0x080000ec   Section        0  entry.o(.ARM.Collect$$$$00000000)
    .ARM.Collect$$$$00000001                 0x080000ec   Section        4  entry2.o(.ARM.Collect$$$$00000001)
    .ARM.Collect$$$$00000004                 0x080000f0   Section        4  entry5.o(.ARM.Collect$$$$00000004)
    .ARM.Collect$$$$00000008                 0x080000f4   Section        0  entry7b.o(.ARM.Collect$$$$00000008)
    .ARM.Collect$$$$0000000A                 0x080000f4   Section        0  entry8b.o(.ARM.Collect$$$$0000000A)
    .ARM.Collect$$$$0000000B                 0x080000f4   Section        8  entry9a.o(.ARM.Collect$$$$0000000B)
    .ARM.Collect$$$$0000000D                 0x080000fc   Section        0  entry10a.o(.ARM.Collect$$$$0000000D)
    .ARM.Collect$$$$0000000F                 0x080000fc   Section        0  entry11a.o(.ARM.Collect$$$$0000000F)
    .ARM.Collect$$$$00002712                 0x080000fc   Section        4  entry2.o(.ARM.Collect$$$$00002712)
    __lit__00000000                          0x080000fc   Data           4  entry2.o(.ARM.Collect$$$$00002712)
    .text                                    0x08000100   Section       36  startup_stm32f10x_md.o(.text)
    .text                                    0x08000124   Section        0  fadd.o(.text)
    .text                                    0x080001d4   Section        0  fmul.o(.text)
    .text                                    0x08000238   Section        0  fdiv.o(.text)
    .text                                    0x080002b4   Section        0  dadd.o(.text)
    .text                                    0x08000402   Section        0  dmul.o(.text)
    .text                                    0x080004e6   Section        0  ddiv.o(.text)
    .text                                    0x080005c4   Section        0  fflti.o(.text)
    .text                                    0x080005d6   Section        0  ffltui.o(.text)
    .text                                    0x080005e0   Section        0  dflti.o(.text)
    .text                                    0x08000602   Section        0  dfltui.o(.text)
    .text                                    0x0800061c   Section        0  ffixui.o(.text)
    .text                                    0x08000644   Section        0  dfixi.o(.text)
    .text                                    0x08000682   Section        0  dfixui.o(.text)
    .text                                    0x080006b4   Section        0  f2d.o(.text)
    .text                                    0x080006dc   Section       48  cdcmple.o(.text)
    .text                                    0x0800070c   Section       48  cdrcmple.o(.text)
    .text                                    0x0800073c   Section        0  d2f.o(.text)
    .text                                    0x08000774   Section       20  cfcmple.o(.text)
    .text                                    0x08000788   Section       20  cfrcmple.o(.text)
    .text                                    0x0800079c   Section        0  uidiv.o(.text)
    .text                                    0x080007c8   Section        0  uldiv.o(.text)
    .text                                    0x0800082a   Section        0  llshl.o(.text)
    .text                                    0x08000848   Section        0  llushr.o(.text)
    .text                                    0x08000868   Section        0  llsshr.o(.text)
    .text                                    0x0800088c   Section        0  strtod.o(.text)
    _local_sscanf                            0x0800088d   Thumb Code    54  strtod.o(.text)
    .text                                    0x08000928   Section        0  iusefp.o(.text)
    .text                                    0x08000928   Section        0  fepilogue.o(.text)
    .text                                    0x08000996   Section        0  depilogue.o(.text)
    .text                                    0x08000a50   Section        0  drem.o(.text)
    .text                                    0x08000ad6   Section        0  dfixul.o(.text)
    .text                                    0x08000b08   Section       36  init.o(.text)
    .text                                    0x08000b2c   Section        0  isspace_c.o(.text)
    .text                                    0x08000b38   Section        0  scanf_fp.o(.text)
    _fp_value                                0x08000b39   Thumb Code   256  scanf_fp.o(.text)
    .text                                    0x08000e70   Section        0  _sgetc.o(.text)
    .text                                    0x08000eb0   Section        0  dscalb.o(.text)
    .text                                    0x08000ee0   Section        0  ctype_c.o(.text)
    .text                                    0x08000f08   Section        0  dfltul.o(.text)
    i.ADC_Cmd                                0x08000f20   Section        0  stm32f10x_adc.o(i.ADC_Cmd)
    i.ADC_DeInit                             0x08000f38   Section        0  stm32f10x_adc.o(i.ADC_DeInit)
    i.ADC_GetCalibrationStatus               0x08000f94   Section        0  stm32f10x_adc.o(i.ADC_GetCalibrationStatus)
    i.ADC_GetConversionValue                 0x08000fa8   Section        0  stm32f10x_adc.o(i.ADC_GetConversionValue)
    i.ADC_GetFlagStatus                      0x08000fb0   Section        0  stm32f10x_adc.o(i.ADC_GetFlagStatus)
    i.ADC_GetResetCalibrationStatus          0x08000fc2   Section        0  stm32f10x_adc.o(i.ADC_GetResetCalibrationStatus)
    i.ADC_Init                               0x08000fd8   Section        0  stm32f10x_adc.o(i.ADC_Init)
    i.ADC_RegularChannelConfig               0x08001028   Section        0  stm32f10x_adc.o(i.ADC_RegularChannelConfig)
    i.ADC_ResetCalibration                   0x080010e0   Section        0  stm32f10x_adc.o(i.ADC_ResetCalibration)
    i.ADC_SoftwareStartConvCmd               0x080010ea   Section        0  stm32f10x_adc.o(i.ADC_SoftwareStartConvCmd)
    i.ADC_StartCalibration                   0x08001100   Section        0  stm32f10x_adc.o(i.ADC_StartCalibration)
    i.Current_calibrateOffsets               0x0800110c   Section        0  inlinecurrentsense.o(i.Current_calibrateOffsets)
    i.GPIO_Config                            0x08001240   Section        0  main.o(i.GPIO_Config)
    i.GPIO_Init                              0x080012ac   Section        0  stm32f10x_gpio.o(i.GPIO_Init)
    i.GPIO_PinRemapConfig                    0x080013c4   Section        0  stm32f10x_gpio.o(i.GPIO_PinRemapConfig)
    i.GPIO_ResetBits                         0x08001454   Section        0  stm32f10x_gpio.o(i.GPIO_ResetBits)
    i.GPIO_SetBits                           0x08001458   Section        0  stm32f10x_gpio.o(i.GPIO_SetBits)
    i.I2C_Cmd                                0x0800145c   Section        0  stm32f10x_i2c.o(i.I2C_Cmd)
    i.I2C_DeInit                             0x08001474   Section        0  stm32f10x_i2c.o(i.I2C_DeInit)
    i.I2C_GenerateSTOP                       0x080014ac   Section        0  stm32f10x_i2c.o(i.I2C_GenerateSTOP)
    i.I2C_Init                               0x080014c4   Section        0  stm32f10x_i2c.o(i.I2C_Init)
    i.I2C_Init_                              0x080015b0   Section        0  iic.o(i.I2C_Init_)
    i.I2C_getRawCount                        0x08001634   Section        0  magneticsensori2c.o(i.I2C_getRawCount)
    i.InlineCurrentSense                     0x08001734   Section        0  inlinecurrentsense.o(i.InlineCurrentSense)
    i.InlineCurrentSense_Init                0x08001814   Section        0  inlinecurrentsense.o(i.InlineCurrentSense_Init)
    i.LPF_init                               0x08001838   Section        0  lowpass_filter.o(i.LPF_init)
    i.LPFoperator                            0x08001874   Section        0  lowpass_filter.o(i.LPFoperator)
    i.MagneticSensor_Init                    0x08001934   Section        0  sensor.o(i.MagneticSensor_Init)
    i.Motor_init                             0x080019c8   Section        0  bldcmotor.o(i.Motor_init)
    i.Motor_initFOC                          0x08001a74   Section        0  bldcmotor.o(i.Motor_initFOC)
    i.NVIC_Init                              0x08001ae8   Section        0  misc.o(i.NVIC_Init)
    i.PID_init                               0x08001b58   Section        0  pid.o(i.PID_init)
    i.PIDoperator                            0x08001bcc   Section        0  pid.o(i.PIDoperator)
    i.RCC_ADCCLKConfig                       0x08001d78   Section        0  stm32f10x_rcc.o(i.RCC_ADCCLKConfig)
    i.RCC_APB1PeriphClockCmd                 0x08001d90   Section        0  stm32f10x_rcc.o(i.RCC_APB1PeriphClockCmd)
    i.RCC_APB1PeriphResetCmd                 0x08001db0   Section        0  stm32f10x_rcc.o(i.RCC_APB1PeriphResetCmd)
    i.RCC_APB2PeriphClockCmd                 0x08001dd0   Section        0  stm32f10x_rcc.o(i.RCC_APB2PeriphClockCmd)
    i.RCC_APB2PeriphResetCmd                 0x08001df0   Section        0  stm32f10x_rcc.o(i.RCC_APB2PeriphResetCmd)
    i.RCC_GetClocksFreq                      0x08001e10   Section        0  stm32f10x_rcc.o(i.RCC_GetClocksFreq)
    i.SetSysClock                            0x08001ee4   Section        0  system_stm32f10x.o(i.SetSysClock)
    SetSysClock                              0x08001ee5   Thumb Code     8  system_stm32f10x.o(i.SetSysClock)
    i.SetSysClockTo72                        0x08001eec   Section        0  system_stm32f10x.o(i.SetSysClockTo72)
    SetSysClockTo72                          0x08001eed   Thumb Code   214  system_stm32f10x.o(i.SetSysClockTo72)
    i.SystemInit                             0x08001fcc   Section        0  system_stm32f10x.o(i.SystemInit)
    i.TIM2_PWM_Init                          0x0800202c   Section        0  timer.o(i.TIM2_PWM_Init)
    i.TIM_ARRPreloadConfig                   0x080020ec   Section        0  stm32f10x_tim.o(i.TIM_ARRPreloadConfig)
    i.TIM_Cmd                                0x08002104   Section        0  stm32f10x_tim.o(i.TIM_Cmd)
    i.TIM_DeInit                             0x0800211c   Section        0  stm32f10x_tim.o(i.TIM_DeInit)
    i.TIM_OC1Init                            0x08002304   Section        0  stm32f10x_tim.o(i.TIM_OC1Init)
    i.TIM_OC1PreloadConfig                   0x0800239c   Section        0  stm32f10x_tim.o(i.TIM_OC1PreloadConfig)
    i.TIM_OC2Init                            0x080023b0   Section        0  stm32f10x_tim.o(i.TIM_OC2Init)
    i.TIM_OC2PreloadConfig                   0x08002454   Section        0  stm32f10x_tim.o(i.TIM_OC2PreloadConfig)
    i.TIM_OC3Init                            0x08002470   Section        0  stm32f10x_tim.o(i.TIM_OC3Init)
    i.TIM_OC3PreloadConfig                   0x08002510   Section        0  stm32f10x_tim.o(i.TIM_OC3PreloadConfig)
    i.TIM_SetCompare1                        0x08002522   Section        0  stm32f10x_tim.o(i.TIM_SetCompare1)
    i.TIM_SetCompare2                        0x08002526   Section        0  stm32f10x_tim.o(i.TIM_SetCompare2)
    i.TIM_SetCompare3                        0x0800252a   Section        0  stm32f10x_tim.o(i.TIM_SetCompare3)
    i.TIM_TimeBaseInit                       0x08002530   Section        0  stm32f10x_tim.o(i.TIM_TimeBaseInit)
    i.USART1_IRQHandler                      0x080025d4   Section        0  usart.o(i.USART1_IRQHandler)
    i.USART_Cmd                              0x08002668   Section        0  stm32f10x_usart.o(i.USART_Cmd)
    i.USART_GetITStatus                      0x08002680   Section        0  stm32f10x_usart.o(i.USART_GetITStatus)
    i.USART_ITConfig                         0x080026d4   Section        0  stm32f10x_usart.o(i.USART_ITConfig)
    i.USART_Init                             0x08002720   Section        0  stm32f10x_usart.o(i.USART_Init)
    i.USART_ReceiveData                      0x080027f8   Section        0  stm32f10x_usart.o(i.USART_ReceiveData)
    i.__0printf                              0x08002804   Section        0  printfa.o(i.__0printf)
    i.__ARM_fpclassify                       0x08002824   Section        0  fpclassify.o(i.__ARM_fpclassify)
    i.__kernel_poly                          0x0800284c   Section        0  poly.o(i.__kernel_poly)
    i.__mathlib_dbl_infnan                   0x080028f6   Section        0  dunder.o(i.__mathlib_dbl_infnan)
    i.__mathlib_dbl_infnan2                  0x080028fc   Section        0  dunder.o(i.__mathlib_dbl_infnan2)
    i.__mathlib_dbl_invalid                  0x08002900   Section        0  dunder.o(i.__mathlib_dbl_invalid)
    i.__mathlib_dbl_underflow                0x0800290c   Section        0  dunder.o(i.__mathlib_dbl_underflow)
    i.__read_errno                           0x0800291c   Section        0  errno.o(i.__read_errno)
    i.__scatterload_copy                     0x08002928   Section       14  handlers.o(i.__scatterload_copy)
    i.__scatterload_null                     0x08002936   Section        2  handlers.o(i.__scatterload_null)
    i.__scatterload_zeroinit                 0x08002938   Section       14  handlers.o(i.__scatterload_zeroinit)
    i.__set_errno                            0x08002948   Section        0  errno.o(i.__set_errno)
    i._cos                                   0x08002954   Section        0  foc_utils.o(i._cos)
    i._electricalAngle                       0x080029c0   Section        0  foc_utils.o(i._electricalAngle)
    i._fp_digits                             0x080029d8   Section        0  printfa.o(i._fp_digits)
    _fp_digits                               0x080029d9   Thumb Code   334  printfa.o(i._fp_digits)
    i._is_digit                              0x08002b3c   Section        0  scanf_fp.o(i._is_digit)
    i._normalizeAngle                        0x08002b4c   Section        0  foc_utils.o(i._normalizeAngle)
    i._printf_core                           0x08002ba0   Section        0  printfa.o(i._printf_core)
    _printf_core                             0x08002ba1   Thumb Code  1744  printfa.o(i._printf_core)
    i._printf_post_padding                   0x0800327c   Section        0  printfa.o(i._printf_post_padding)
    _printf_post_padding                     0x0800327d   Thumb Code    36  printfa.o(i._printf_post_padding)
    i._printf_pre_padding                    0x080032a0   Section        0  printfa.o(i._printf_pre_padding)
    _printf_pre_padding                      0x080032a1   Thumb Code    46  printfa.o(i._printf_pre_padding)
    i._readADCVoltageInline                  0x080032d0   Section        0  adc.o(i._readADCVoltageInline)
    i._sin                                   0x08003314   Section        0  foc_utils.o(i._sin)
    i._sqrtApprox                            0x080035ac   Section        0  foc_utils.o(i._sqrtApprox)
    i.alignSensor                            0x080035cc   Section        0  bldcmotor.o(i.alignSensor)
    i.analogRead                             0x080039a8   Section        0  adc.o(i.analogRead)
    i.angleOpenloop                          0x080039dc   Section        0  bldcmotor.o(i.angleOpenloop)
    i.atan                                   0x08003b54   Section        0  atan.o(i.atan)
    i.atan2                                  0x08003d74   Section        0  atan2.o(i.atan2)
    i.atof                                   0x08003ef4   Section        0  atof.o(i.atof)
    i.commander_run                          0x08003f20   Section        0  main.o(i.commander_run)
    i.configureADCInline                     0x0800403c   Section        0  adc.o(i.configureADCInline)
    i.delay_ms                               0x08004178   Section        0  delay.o(i.delay_ms)
    i.electricalAngle                        0x080041c0   Section        0  focmotor.o(i.electricalAngle)
    i.fmod                                   0x08004208   Section        0  fmod.o(i.fmod)
    i.fputc                                  0x0800429c   Section        0  usart.o(i.fputc)
    i.getAngle                               0x080042b8   Section        0  sensor.o(i.getAngle)
    i.getDCCurrent                           0x08004418   Section        0  currentsense.o(i.getDCCurrent)
    i.getFOCCurrents                         0x0800456c   Section        0  currentsense.o(i.getFOCCurrents)
    i.getPhaseCurrents                       0x0800469c   Section        0  inlinecurrentsense.o(i.getPhaseCurrents)
    i.getRawCount                            0x08004748   Section        0  sensor.o(i.getRawCount)
    i.getVelocity                            0x0800475c   Section        0  sensor.o(i.getVelocity)
    i.loopFOC                                0x0800482c   Section        0  bldcmotor.o(i.loopFOC)
    i.main                                   0x08004968   Section        0  main.o(i.main)
    i.move                                   0x08004ad8   Section        0  bldcmotor.o(i.move)
    i.setPhaseVoltage                        0x08004bdc   Section        0  bldcmotor.o(i.setPhaseVoltage)
    i.shaftAngle                             0x08005064   Section        0  focmotor.o(i.shaftAngle)
    i.shaftVelocity                          0x08005094   Section        0  focmotor.o(i.shaftVelocity)
    i.systick_CountMode                      0x080050c0   Section        0  delay.o(i.systick_CountMode)
    i.timecount                              0x080050d8   Section        0  main.o(i.timecount)
    i.uart_init                              0x0800511c   Section        0  usart.o(i.uart_init)
    i.velocityOpenloop                       0x080051bc   Section        0  bldcmotor.o(i.velocityOpenloop)
    .constdata                               0x080052b4   Section      800  foc_utils.o(.constdata)
    .constdata                               0x080055d8   Section      152  atan.o(.constdata)
    atanhi                                   0x080055d8   Data          32  atan.o(.constdata)
    atanlo                                   0x080055f8   Data          32  atan.o(.constdata)
    aTodd                                    0x08005618   Data          40  atan.o(.constdata)
    aTeven                                   0x08005640   Data          48  atan.o(.constdata)
    .constdata                               0x08005670   Section        8  qnan.o(.constdata)
    .constdata                               0x08005678   Section       64  ctype_c.o(.constdata)
    .data                                    0x20000000   Section       20  stm32f10x_rcc.o(.data)
    APBAHBPrescTable                         0x20000000   Data          16  stm32f10x_rcc.o(.data)
    ADCPrescTable                            0x20000010   Data           4  stm32f10x_rcc.o(.data)
    .data                                    0x20000014   Section        6  usart.o(.data)
    .data                                    0x2000001c   Section       40  sensor.o(.data)
    .data                                    0x20000044   Section       52  focmotor.o(.data)
    .data                                    0x20000078   Section       32  bldcmotor.o(.data)
    .data                                    0x20000098   Section       36  inlinecurrentsense.o(.data)
    .data                                    0x200000bc   Section       12  main.o(.data)
    .data                                    0x200000c8   Section        4  errno.o(.data)
    _errno                                   0x200000c8   Data           4  errno.o(.data)
    .bss                                     0x200000cc   Section      256  usart.o(.bss)
    .bss                                     0x200001cc   Section      144  pid.o(.bss)
    .bss                                     0x2000025c   Section       36  lowpass_filter.o(.bss)
    STACK                                    0x20000280   Section     1024  startup_stm32f10x_md.o(STACK)

    Global Symbols

    Symbol Name                              Value     Ov Type        Size  Object(Section)

    BuildAttributes$$THM_ISAv4$P$D$K$B$S$PE$A:L22UL41UL21$X:L11$S22US41US21$IEEE1$IW$USESV6$~STKCKD$USESV7$~SHL$OTIME$ROPI$IEEEX$EBA8$MICROLIB$REQ8$PRES8$EABIv2 0x00000000   Number         0  anon$$obj.o ABSOLUTE
    __ARM_use_no_argv                        0x00000000   Number         0  main.o ABSOLUTE
    __use_no_errno                           0x00000000   Number         0  useno.o ABSOLUTE
    __use_no_exception_handling              0x00000000   Number         0  useno.o ABSOLUTE
    __use_no_fp                              0x00000000   Number         0  useno.o ABSOLUTE
    __use_no_heap                            0x00000000   Number         0  useno.o ABSOLUTE
    __use_no_heap_region                     0x00000000   Number         0  useno.o ABSOLUTE
    __use_no_semihosting                     0x00000000   Number         0  useno.o ABSOLUTE
    __use_no_semihosting_swi                 0x00000000   Number         0  useno.o ABSOLUTE
    __use_no_signal_handling                 0x00000000   Number         0  useno.o ABSOLUTE
    _printf_a                                0x00000000   Number         0  stubs.o ABSOLUTE
    _printf_c                                0x00000000   Number         0  stubs.o ABSOLUTE
    _printf_charcount                        0x00000000   Number         0  stubs.o ABSOLUTE
    _printf_d                                0x00000000   Number         0  stubs.o ABSOLUTE
    _printf_e                                0x00000000   Number         0  stubs.o ABSOLUTE
    _printf_f                                0x00000000   Number         0  stubs.o ABSOLUTE
    _printf_flags                            0x00000000   Number         0  stubs.o ABSOLUTE
    _printf_fp_dec                           0x00000000   Number         0  stubs.o ABSOLUTE
    _printf_fp_hex                           0x00000000   Number         0  stubs.o ABSOLUTE
    _printf_g                                0x00000000   Number         0  stubs.o ABSOLUTE
    _printf_i                                0x00000000   Number         0  stubs.o ABSOLUTE
    _printf_int_dec                          0x00000000   Number         0  stubs.o ABSOLUTE
    _printf_l                                0x00000000   Number         0  stubs.o ABSOLUTE
    _printf_lc                               0x00000000   Number         0  stubs.o ABSOLUTE
    _printf_ll                               0x00000000   Number         0  stubs.o ABSOLUTE
    _printf_lld                              0x00000000   Number         0  stubs.o ABSOLUTE
    _printf_lli                              0x00000000   Number         0  stubs.o ABSOLUTE
    _printf_llo                              0x00000000   Number         0  stubs.o ABSOLUTE
    _printf_llu                              0x00000000   Number         0  stubs.o ABSOLUTE
    _printf_llx                              0x00000000   Number         0  stubs.o ABSOLUTE
    _printf_longlong_dec                     0x00000000   Number         0  stubs.o ABSOLUTE
    _printf_longlong_hex                     0x00000000   Number         0  stubs.o ABSOLUTE
    _printf_longlong_oct                     0x00000000   Number         0  stubs.o ABSOLUTE
    _printf_ls                               0x00000000   Number         0  stubs.o ABSOLUTE
    _printf_mbtowc                           0x00000000   Number         0  stubs.o ABSOLUTE
    _printf_n                                0x00000000   Number         0  stubs.o ABSOLUTE
    _printf_o                                0x00000000   Number         0  stubs.o ABSOLUTE
    _printf_p                                0x00000000   Number         0  stubs.o ABSOLUTE
    _printf_percent                          0x00000000   Number         0  stubs.o ABSOLUTE
    _printf_pre_padding                      0x00000000   Number         0  stubs.o ABSOLUTE
    _printf_return_value                     0x00000000   Number         0  stubs.o ABSOLUTE
    _printf_s                                0x00000000   Number         0  stubs.o ABSOLUTE
    _printf_sizespec                         0x00000000   Number         0  stubs.o ABSOLUTE
    _printf_str                              0x00000000   Number         0  stubs.o ABSOLUTE
    _printf_truncate_signed                  0x00000000   Number         0  stubs.o ABSOLUTE
    _printf_truncate_unsigned                0x00000000   Number         0  stubs.o ABSOLUTE
    _printf_u                                0x00000000   Number         0  stubs.o ABSOLUTE
    _printf_wc                               0x00000000   Number         0  stubs.o ABSOLUTE
    _printf_wctomb                           0x00000000   Number         0  stubs.o ABSOLUTE
    _printf_widthprec                        0x00000000   Number         0  stubs.o ABSOLUTE
    _printf_x                                0x00000000   Number         0  stubs.o ABSOLUTE
    __cpp_initialize__aeabi_                  - Undefined Weak Reference
    __cxa_finalize                            - Undefined Weak Reference
    __decompress                              - Undefined Weak Reference
    _clock_init                               - Undefined Weak Reference
    _microlib_exit                            - Undefined Weak Reference
    __Vectors_Size                           0x000000ec   Number         0  startup_stm32f10x_md.o ABSOLUTE
    __Vectors                                0x08000000   Data           4  startup_stm32f10x_md.o(RESET)
    __Vectors_End                            0x080000ec   Data           0  startup_stm32f10x_md.o(RESET)
    __main                                   0x080000ed   Thumb Code     0  entry.o(.ARM.Collect$$$$00000000)
    _main_stk                                0x080000ed   Thumb Code     0  entry2.o(.ARM.Collect$$$$00000001)
    _main_scatterload                        0x080000f1   Thumb Code     0  entry5.o(.ARM.Collect$$$$00000004)
    __main_after_scatterload                 0x080000f5   Thumb Code     0  entry5.o(.ARM.Collect$$$$00000004)
    _main_clock                              0x080000f5   Thumb Code     0  entry7b.o(.ARM.Collect$$$$00000008)
    _main_cpp_init                           0x080000f5   Thumb Code     0  entry8b.o(.ARM.Collect$$$$0000000A)
    _main_init                               0x080000f5   Thumb Code     0  entry9a.o(.ARM.Collect$$$$0000000B)
    __rt_final_cpp                           0x080000fd   Thumb Code     0  entry10a.o(.ARM.Collect$$$$0000000D)
    __rt_final_exit                          0x080000fd   Thumb Code     0  entry11a.o(.ARM.Collect$$$$0000000F)
    Reset_Handler                            0x08000101   Thumb Code     8  startup_stm32f10x_md.o(.text)
    NMI_Handler                              0x08000109   Thumb Code     2  startup_stm32f10x_md.o(.text)
    HardFault_Handler                        0x0800010b   Thumb Code     2  startup_stm32f10x_md.o(.text)
    MemManage_Handler                        0x0800010d   Thumb Code     2  startup_stm32f10x_md.o(.text)
    BusFault_Handler                         0x0800010f   Thumb Code     2  startup_stm32f10x_md.o(.text)
    UsageFault_Handler                       0x08000111   Thumb Code     2  startup_stm32f10x_md.o(.text)
    SVC_Handler                              0x08000113   Thumb Code     2  startup_stm32f10x_md.o(.text)
    DebugMon_Handler                         0x08000115   Thumb Code     2  startup_stm32f10x_md.o(.text)
    PendSV_Handler                           0x08000117   Thumb Code     2  startup_stm32f10x_md.o(.text)
    SysTick_Handler                          0x08000119   Thumb Code     2  startup_stm32f10x_md.o(.text)
    ADC1_2_IRQHandler                        0x0800011b   Thumb Code     0  startup_stm32f10x_md.o(.text)
    CAN1_RX1_IRQHandler                      0x0800011b   Thumb Code     0  startup_stm32f10x_md.o(.text)
    CAN1_SCE_IRQHandler                      0x0800011b   Thumb Code     0  startup_stm32f10x_md.o(.text)
    DMA1_Channel1_IRQHandler                 0x0800011b   Thumb Code     0  startup_stm32f10x_md.o(.text)
    DMA1_Channel2_IRQHandler                 0x0800011b   Thumb Code     0  startup_stm32f10x_md.o(.text)
    DMA1_Channel3_IRQHandler                 0x0800011b   Thumb Code     0  startup_stm32f10x_md.o(.text)
    DMA1_Channel4_IRQHandler                 0x0800011b   Thumb Code     0  startup_stm32f10x_md.o(.text)
    DMA1_Channel5_IRQHandler                 0x0800011b   Thumb Code     0  startup_stm32f10x_md.o(.text)
    DMA1_Channel6_IRQHandler                 0x0800011b   Thumb Code     0  startup_stm32f10x_md.o(.text)
    DMA1_Channel7_IRQHandler                 0x0800011b   Thumb Code     0  startup_stm32f10x_md.o(.text)
    EXTI0_IRQHandler                         0x0800011b   Thumb Code     0  startup_stm32f10x_md.o(.text)
    EXTI15_10_IRQHandler                     0x0800011b   Thumb Code     0  startup_stm32f10x_md.o(.text)
    EXTI1_IRQHandler                         0x0800011b   Thumb Code     0  startup_stm32f10x_md.o(.text)
    EXTI2_IRQHandler                         0x0800011b   Thumb Code     0  startup_stm32f10x_md.o(.text)
    EXTI3_IRQHandler                         0x0800011b   Thumb Code     0  startup_stm32f10x_md.o(.text)
    EXTI4_IRQHandler                         0x0800011b   Thumb Code     0  startup_stm32f10x_md.o(.text)
    EXTI9_5_IRQHandler                       0x0800011b   Thumb Code     0  startup_stm32f10x_md.o(.text)
    FLASH_IRQHandler                         0x0800011b   Thumb Code     0  startup_stm32f10x_md.o(.text)
    I2C1_ER_IRQHandler                       0x0800011b   Thumb Code     0  startup_stm32f10x_md.o(.text)
    I2C1_EV_IRQHandler                       0x0800011b   Thumb Code     0  startup_stm32f10x_md.o(.text)
    I2C2_ER_IRQHandler                       0x0800011b   Thumb Code     0  startup_stm32f10x_md.o(.text)
    I2C2_EV_IRQHandler                       0x0800011b   Thumb Code     0  startup_stm32f10x_md.o(.text)
    PVD_IRQHandler                           0x0800011b   Thumb Code     0  startup_stm32f10x_md.o(.text)
    RCC_IRQHandler                           0x0800011b   Thumb Code     0  startup_stm32f10x_md.o(.text)
    RTCAlarm_IRQHandler                      0x0800011b   Thumb Code     0  startup_stm32f10x_md.o(.text)
    RTC_IRQHandler                           0x0800011b   Thumb Code     0  startup_stm32f10x_md.o(.text)
    SPI1_IRQHandler                          0x0800011b   Thumb Code     0  startup_stm32f10x_md.o(.text)
    SPI2_IRQHandler                          0x0800011b   Thumb Code     0  startup_stm32f10x_md.o(.text)
    TAMPER_IRQHandler                        0x0800011b   Thumb Code     0  startup_stm32f10x_md.o(.text)
    TIM1_BRK_IRQHandler                      0x0800011b   Thumb Code     0  startup_stm32f10x_md.o(.text)
    TIM1_CC_IRQHandler                       0x0800011b   Thumb Code     0  startup_stm32f10x_md.o(.text)
    TIM1_TRG_COM_IRQHandler                  0x0800011b   Thumb Code     0  startup_stm32f10x_md.o(.text)
    TIM1_UP_IRQHandler                       0x0800011b   Thumb Code     0  startup_stm32f10x_md.o(.text)
    TIM2_IRQHandler                          0x0800011b   Thumb Code     0  startup_stm32f10x_md.o(.text)
    TIM3_IRQHandler                          0x0800011b   Thumb Code     0  startup_stm32f10x_md.o(.text)
    TIM4_IRQHandler                          0x0800011b   Thumb Code     0  startup_stm32f10x_md.o(.text)
    USART2_IRQHandler                        0x0800011b   Thumb Code     0  startup_stm32f10x_md.o(.text)
    USART3_IRQHandler                        0x0800011b   Thumb Code     0  startup_stm32f10x_md.o(.text)
    USBWakeUp_IRQHandler                     0x0800011b   Thumb Code     0  startup_stm32f10x_md.o(.text)
    USB_HP_CAN1_TX_IRQHandler                0x0800011b   Thumb Code     0  startup_stm32f10x_md.o(.text)
    USB_LP_CAN1_RX0_IRQHandler               0x0800011b   Thumb Code     0  startup_stm32f10x_md.o(.text)
    WWDG_IRQHandler                          0x0800011b   Thumb Code     0  startup_stm32f10x_md.o(.text)
    __aeabi_fadd                             0x08000125   Thumb Code   164  fadd.o(.text)
    __aeabi_fsub                             0x080001c9   Thumb Code     6  fadd.o(.text)
    __aeabi_frsub                            0x080001cf   Thumb Code     6  fadd.o(.text)
    __aeabi_fmul                             0x080001d5   Thumb Code   100  fmul.o(.text)
    __aeabi_fdiv                             0x08000239   Thumb Code   124  fdiv.o(.text)
    __aeabi_dadd                             0x080002b5   Thumb Code   322  dadd.o(.text)
    __aeabi_dsub                             0x080003f7   Thumb Code     6  dadd.o(.text)
    __aeabi_drsub                            0x080003fd   Thumb Code     6  dadd.o(.text)
    __aeabi_dmul                             0x08000403   Thumb Code   228  dmul.o(.text)
    __aeabi_ddiv                             0x080004e7   Thumb Code   222  ddiv.o(.text)
    __aeabi_i2f                              0x080005c5   Thumb Code    18  fflti.o(.text)
    __aeabi_ui2f                             0x080005d7   Thumb Code    10  ffltui.o(.text)
    __aeabi_i2d                              0x080005e1   Thumb Code    34  dflti.o(.text)
    __aeabi_ui2d                             0x08000603   Thumb Code    26  dfltui.o(.text)
    __aeabi_f2uiz                            0x0800061d   Thumb Code    40  ffixui.o(.text)
    __aeabi_d2iz                             0x08000645   Thumb Code    62  dfixi.o(.text)
    __aeabi_d2uiz                            0x08000683   Thumb Code    50  dfixui.o(.text)
    __aeabi_f2d                              0x080006b5   Thumb Code    38  f2d.o(.text)
    __aeabi_cdcmpeq                          0x080006dd   Thumb Code     0  cdcmple.o(.text)
    __aeabi_cdcmple                          0x080006dd   Thumb Code    48  cdcmple.o(.text)
    __aeabi_cdrcmple                         0x0800070d   Thumb Code    48  cdrcmple.o(.text)
    __aeabi_d2f                              0x0800073d   Thumb Code    56  d2f.o(.text)
    __aeabi_cfcmpeq                          0x08000775   Thumb Code     0  cfcmple.o(.text)
    __aeabi_cfcmple                          0x08000775   Thumb Code    20  cfcmple.o(.text)
    __aeabi_cfrcmple                         0x08000789   Thumb Code    20  cfrcmple.o(.text)
    __aeabi_uidiv                            0x0800079d   Thumb Code     0  uidiv.o(.text)
    __aeabi_uidivmod                         0x0800079d   Thumb Code    44  uidiv.o(.text)
    __aeabi_uldivmod                         0x080007c9   Thumb Code    98  uldiv.o(.text)
    __aeabi_llsl                             0x0800082b   Thumb Code    30  llshl.o(.text)
    _ll_shift_l                              0x0800082b   Thumb Code     0  llshl.o(.text)
    __aeabi_llsr                             0x08000849   Thumb Code    32  llushr.o(.text)
    _ll_ushift_r                             0x08000849   Thumb Code     0  llushr.o(.text)
    __aeabi_lasr                             0x08000869   Thumb Code    36  llsshr.o(.text)
    _ll_sshift_r                             0x08000869   Thumb Code     0  llsshr.o(.text)
    __strtod_int                             0x080008c3   Thumb Code    88  strtod.o(.text)
    __I$use$fp                               0x08000929   Thumb Code     0  iusefp.o(.text)
    _float_round                             0x08000929   Thumb Code    18  fepilogue.o(.text)
    _float_epilogue                          0x0800093b   Thumb Code    92  fepilogue.o(.text)
    _double_round                            0x08000997   Thumb Code    30  depilogue.o(.text)
    _double_epilogue                         0x080009b5   Thumb Code   156  depilogue.o(.text)
    _drem                                    0x08000a51   Thumb Code   134  drem.o(.text)
    __aeabi_d2ulz                            0x08000ad7   Thumb Code    48  dfixul.o(.text)
    __scatterload                            0x08000b09   Thumb Code    28  init.o(.text)
    __scatterload_rt2                        0x08000b09   Thumb Code     0  init.o(.text)
    isspace                                  0x08000b2d   Thumb Code    10  isspace_c.o(.text)
    _scanf_real                              0x08000c39   Thumb Code     0  scanf_fp.o(.text)
    _scanf_really_real                       0x08000c39   Thumb Code   556  scanf_fp.o(.text)
    _sgetc                                   0x08000e71   Thumb Code    30  _sgetc.o(.text)
    _sbackspace                              0x08000e8f   Thumb Code    34  _sgetc.o(.text)
    __ARM_scalbn                             0x08000eb1   Thumb Code    46  dscalb.o(.text)
    scalbn                                   0x08000eb1   Thumb Code     0  dscalb.o(.text)
    __ctype_lookup                           0x08000ee1   Thumb Code    34  ctype_c.o(.text)
    __aeabi_ul2d                             0x08000f09   Thumb Code    24  dfltul.o(.text)
    ADC_Cmd                                  0x08000f21   Thumb Code    22  stm32f10x_adc.o(i.ADC_Cmd)
    ADC_DeInit                               0x08000f39   Thumb Code    78  stm32f10x_adc.o(i.ADC_DeInit)
    ADC_GetCalibrationStatus                 0x08000f95   Thumb Code    20  stm32f10x_adc.o(i.ADC_GetCalibrationStatus)
    ADC_GetConversionValue                   0x08000fa9   Thumb Code     8  stm32f10x_adc.o(i.ADC_GetConversionValue)
    ADC_GetFlagStatus                        0x08000fb1   Thumb Code    18  stm32f10x_adc.o(i.ADC_GetFlagStatus)
    ADC_GetResetCalibrationStatus            0x08000fc3   Thumb Code    20  stm32f10x_adc.o(i.ADC_GetResetCalibrationStatus)
    ADC_Init                                 0x08000fd9   Thumb Code    70  stm32f10x_adc.o(i.ADC_Init)
    ADC_RegularChannelConfig                 0x08001029   Thumb Code   184  stm32f10x_adc.o(i.ADC_RegularChannelConfig)
    ADC_ResetCalibration                     0x080010e1   Thumb Code    10  stm32f10x_adc.o(i.ADC_ResetCalibration)
    ADC_SoftwareStartConvCmd                 0x080010eb   Thumb Code    22  stm32f10x_adc.o(i.ADC_SoftwareStartConvCmd)
    ADC_StartCalibration                     0x08001101   Thumb Code    10  stm32f10x_adc.o(i.ADC_StartCalibration)
    Current_calibrateOffsets                 0x0800110d   Thumb Code   228  inlinecurrentsense.o(i.Current_calibrateOffsets)
    GPIO_Config                              0x08001241   Thumb Code    96  main.o(i.GPIO_Config)
    GPIO_Init                                0x080012ad   Thumb Code   278  stm32f10x_gpio.o(i.GPIO_Init)
    GPIO_PinRemapConfig                      0x080013c5   Thumb Code   138  stm32f10x_gpio.o(i.GPIO_PinRemapConfig)
    GPIO_ResetBits                           0x08001455   Thumb Code     4  stm32f10x_gpio.o(i.GPIO_ResetBits)
    GPIO_SetBits                             0x08001459   Thumb Code     4  stm32f10x_gpio.o(i.GPIO_SetBits)
    I2C_Cmd                                  0x0800145d   Thumb Code    24  stm32f10x_i2c.o(i.I2C_Cmd)
    I2C_DeInit                               0x08001475   Thumb Code    50  stm32f10x_i2c.o(i.I2C_DeInit)
    I2C_GenerateSTOP                         0x080014ad   Thumb Code    24  stm32f10x_i2c.o(i.I2C_GenerateSTOP)
    I2C_Init                                 0x080014c5   Thumb Code   222  stm32f10x_i2c.o(i.I2C_Init)
    I2C_Init_                                0x080015b1   Thumb Code   118  iic.o(i.I2C_Init_)
    I2C_getRawCount                          0x08001635   Thumb Code   256  magneticsensori2c.o(i.I2C_getRawCount)
    InlineCurrentSense                       0x08001735   Thumb Code   156  inlinecurrentsense.o(i.InlineCurrentSense)
    InlineCurrentSense_Init                  0x08001815   Thumb Code    24  inlinecurrentsense.o(i.InlineCurrentSense_Init)
    LPF_init                                 0x08001839   Thumb Code    38  lowpass_filter.o(i.LPF_init)
    LPFoperator                              0x08001875   Thumb Code   178  lowpass_filter.o(i.LPFoperator)
    MagneticSensor_Init                      0x08001935   Thumb Code   102  sensor.o(i.MagneticSensor_Init)
    Motor_init                               0x080019c9   Thumb Code    96  bldcmotor.o(i.Motor_init)
    Motor_initFOC                            0x08001a75   Thumb Code    88  bldcmotor.o(i.Motor_initFOC)
    NVIC_Init                                0x08001ae9   Thumb Code   100  misc.o(i.NVIC_Init)
    PID_init                                 0x08001b59   Thumb Code    96  pid.o(i.PID_init)
    PIDoperator                              0x08001bcd   Thumb Code   410  pid.o(i.PIDoperator)
    RCC_ADCCLKConfig                         0x08001d79   Thumb Code    18  stm32f10x_rcc.o(i.RCC_ADCCLKConfig)
    RCC_APB1PeriphClockCmd                   0x08001d91   Thumb Code    26  stm32f10x_rcc.o(i.RCC_APB1PeriphClockCmd)
    RCC_APB1PeriphResetCmd                   0x08001db1   Thumb Code    26  stm32f10x_rcc.o(i.RCC_APB1PeriphResetCmd)
    RCC_APB2PeriphClockCmd                   0x08001dd1   Thumb Code    26  stm32f10x_rcc.o(i.RCC_APB2PeriphClockCmd)
    RCC_APB2PeriphResetCmd                   0x08001df1   Thumb Code    26  stm32f10x_rcc.o(i.RCC_APB2PeriphResetCmd)
    RCC_GetClocksFreq                        0x08001e11   Thumb Code   192  stm32f10x_rcc.o(i.RCC_GetClocksFreq)
    SystemInit                               0x08001fcd   Thumb Code    78  system_stm32f10x.o(i.SystemInit)
    TIM2_PWM_Init                            0x0800202d   Thumb Code   186  timer.o(i.TIM2_PWM_Init)
    TIM_ARRPreloadConfig                     0x080020ed   Thumb Code    24  stm32f10x_tim.o(i.TIM_ARRPreloadConfig)
    TIM_Cmd                                  0x08002105   Thumb Code    24  stm32f10x_tim.o(i.TIM_Cmd)
    TIM_DeInit                               0x0800211d   Thumb Code   424  stm32f10x_tim.o(i.TIM_DeInit)
    TIM_OC1Init                              0x08002305   Thumb Code   132  stm32f10x_tim.o(i.TIM_OC1Init)
    TIM_OC1PreloadConfig                     0x0800239d   Thumb Code    18  stm32f10x_tim.o(i.TIM_OC1PreloadConfig)
    TIM_OC2Init                              0x080023b1   Thumb Code   154  stm32f10x_tim.o(i.TIM_OC2Init)
    TIM_OC2PreloadConfig                     0x08002455   Thumb Code    26  stm32f10x_tim.o(i.TIM_OC2PreloadConfig)
    TIM_OC3Init                              0x08002471   Thumb Code   150  stm32f10x_tim.o(i.TIM_OC3Init)
    TIM_OC3PreloadConfig                     0x08002511   Thumb Code    18  stm32f10x_tim.o(i.TIM_OC3PreloadConfig)
    TIM_SetCompare1                          0x08002523   Thumb Code     4  stm32f10x_tim.o(i.TIM_SetCompare1)
    TIM_SetCompare2                          0x08002527   Thumb Code     4  stm32f10x_tim.o(i.TIM_SetCompare2)
    TIM_SetCompare3                          0x0800252b   Thumb Code     4  stm32f10x_tim.o(i.TIM_SetCompare3)
    TIM_TimeBaseInit                         0x08002531   Thumb Code   122  stm32f10x_tim.o(i.TIM_TimeBaseInit)
    USART1_IRQHandler                        0x080025d5   Thumb Code   136  usart.o(i.USART1_IRQHandler)
    USART_Cmd                                0x08002669   Thumb Code    24  stm32f10x_usart.o(i.USART_Cmd)
    USART_GetITStatus                        0x08002681   Thumb Code    84  stm32f10x_usart.o(i.USART_GetITStatus)
    USART_ITConfig                           0x080026d5   Thumb Code    74  stm32f10x_usart.o(i.USART_ITConfig)
    USART_Init                               0x08002721   Thumb Code   210  stm32f10x_usart.o(i.USART_Init)
    USART_ReceiveData                        0x080027f9   Thumb Code    10  stm32f10x_usart.o(i.USART_ReceiveData)
    __0printf                                0x08002805   Thumb Code    22  printfa.o(i.__0printf)
    __1printf                                0x08002805   Thumb Code     0  printfa.o(i.__0printf)
    __2printf                                0x08002805   Thumb Code     0  printfa.o(i.__0printf)
    __c89printf                              0x08002805   Thumb Code     0  printfa.o(i.__0printf)
    printf                                   0x08002805   Thumb Code     0  printfa.o(i.__0printf)
    __ARM_fpclassify                         0x08002825   Thumb Code    40  fpclassify.o(i.__ARM_fpclassify)
    __kernel_poly                            0x0800284d   Thumb Code   170  poly.o(i.__kernel_poly)
    __mathlib_dbl_infnan                     0x080028f7   Thumb Code     6  dunder.o(i.__mathlib_dbl_infnan)
    __mathlib_dbl_infnan2                    0x080028fd   Thumb Code     4  dunder.o(i.__mathlib_dbl_infnan2)
    __mathlib_dbl_invalid                    0x08002901   Thumb Code    12  dunder.o(i.__mathlib_dbl_invalid)
    __mathlib_dbl_underflow                  0x0800290d   Thumb Code    10  dunder.o(i.__mathlib_dbl_underflow)
    __read_errno                             0x0800291d   Thumb Code     6  errno.o(i.__read_errno)
    __scatterload_copy                       0x08002929   Thumb Code    14  handlers.o(i.__scatterload_copy)
    __scatterload_null                       0x08002937   Thumb Code     2  handlers.o(i.__scatterload_null)
    __scatterload_zeroinit                   0x08002939   Thumb Code    14  handlers.o(i.__scatterload_zeroinit)
    __set_errno                              0x08002949   Thumb Code     6  errno.o(i.__set_errno)
    _cos                                     0x08002955   Thumb Code    90  foc_utils.o(i._cos)
    _electricalAngle                         0x080029c1   Thumb Code    22  foc_utils.o(i._electricalAngle)
    _is_digit                                0x08002b3d   Thumb Code    14  scanf_fp.o(i._is_digit)
    _normalizeAngle                          0x08002b4d   Thumb Code    74  foc_utils.o(i._normalizeAngle)
    _readADCVoltageInline                    0x080032d1   Thumb Code    58  adc.o(i._readADCVoltageInline)
    _sin                                     0x08003315   Thumb Code   612  foc_utils.o(i._sin)
    _sqrtApprox                              0x080035ad   Thumb Code    26  foc_utils.o(i._sqrtApprox)
    alignSensor                              0x080035cd   Thumb Code   624  bldcmotor.o(i.alignSensor)
    analogRead                               0x080039a9   Thumb Code    46  adc.o(i.analogRead)
    angleOpenloop                            0x080039dd   Thumb Code   334  bldcmotor.o(i.angleOpenloop)
    atan                                     0x08003b55   Thumb Code   474  atan.o(i.atan)
    atan2                                    0x08003d75   Thumb Code   346  atan2.o(i.atan2)
    atof                                     0x08003ef5   Thumb Code    42  atof.o(i.atof)
    commander_run                            0x08003f21   Thumb Code   200  main.o(i.commander_run)
    configureADCInline                       0x0800403d   Thumb Code   298  adc.o(i.configureADCInline)
    delay_ms                                 0x08004179   Thumb Code    72  delay.o(i.delay_ms)
    electricalAngle                          0x080041c1   Thumb Code    56  focmotor.o(i.electricalAngle)
    fmod                                     0x08004209   Thumb Code   144  fmod.o(i.fmod)
    fputc                                    0x0800429d   Thumb Code    24  usart.o(i.fputc)
    getAngle                                 0x080042b9   Thumb Code   302  sensor.o(i.getAngle)
    getDCCurrent                             0x08004419   Thumb Code   322  currentsense.o(i.getDCCurrent)
    getFOCCurrents                           0x0800456d   Thumb Code   288  currentsense.o(i.getFOCCurrents)
    getPhaseCurrents                         0x0800469d   Thumb Code   130  inlinecurrentsense.o(i.getPhaseCurrents)
    getRawCount                              0x08004749   Thumb Code    14  sensor.o(i.getRawCount)
    getVelocity                              0x0800475d   Thumb Code   180  sensor.o(i.getVelocity)
    loopFOC                                  0x0800482d   Thumb Code   234  bldcmotor.o(i.loopFOC)
    main                                     0x08004969   Thumb Code   248  main.o(i.main)
    move                                     0x08004ad9   Thumb Code   218  bldcmotor.o(i.move)
    setPhaseVoltage                          0x08004bdd   Thumb Code  1156  bldcmotor.o(i.setPhaseVoltage)
    shaftAngle                               0x08005065   Thumb Code    38  focmotor.o(i.shaftAngle)
    shaftVelocity                            0x08005095   Thumb Code    36  focmotor.o(i.shaftVelocity)
    systick_CountMode                        0x080050c1   Thumb Code    18  delay.o(i.systick_CountMode)
    timecount                                0x080050d9   Thumb Code    60  main.o(i.timecount)
    uart_init                                0x0800511d   Thumb Code   152  usart.o(i.uart_init)
    velocityOpenloop                         0x080051bd   Thumb Code   212  bldcmotor.o(i.velocityOpenloop)
    sine_array                               0x080052b4   Data         800  foc_utils.o(.constdata)
    __mathlib_zero                           0x08005670   Data           8  qnan.o(.constdata)
    __ctype_categories                       0x08005678   Data          64  ctype_c.o(.constdata)
    Region$$Table$$Base                      0x080056b8   Number         0  anon$$obj.o(Region$$Table)
    Region$$Table$$Limit                     0x080056d8   Number         0  anon$$obj.o(Region$$Table)
    __stdout                                 0x20000014   Data           4  usart.o(.data)
    USART_RX_STA                             0x20000018   Data           2  usart.o(.data)
    AS5047P_para                             0x2000001c   Data           6  sensor.o(.data)
    TLE5012B_para                            0x20000022   Data           6  sensor.o(.data)
    MA730_para                               0x20000028   Data           6  sensor.o(.data)
    cpr                                      0x20000030   Data           4  sensor.o(.data)
    full_rotation_offset                     0x20000034   Data           4  sensor.o(.data)
    angle_data_prev                          0x20000038   Data           4  sensor.o(.data)
    angle_prev                               0x2000003c   Data           4  sensor.o(.data)
    velocity_calc_timestamp                  0x20000040   Data           4  sensor.o(.data)
    shaft_angle                              0x20000044   Data           4  focmotor.o(.data)
    electrical_angle                         0x20000048   Data           4  focmotor.o(.data)
    shaft_velocity                           0x2000004c   Data           4  focmotor.o(.data)
    current_sp                               0x20000050   Data           4  focmotor.o(.data)
    shaft_velocity_sp                        0x20000054   Data           4  focmotor.o(.data)
    shaft_angle_sp                           0x20000058   Data           4  focmotor.o(.data)
    voltage                                  0x2000005c   Data           8  focmotor.o(.data)
    current                                  0x20000064   Data           8  focmotor.o(.data)
    torque_controller                        0x2000006c   Data           1  focmotor.o(.data)
    controller                               0x2000006d   Data           1  focmotor.o(.data)
    sensor_offset                            0x20000070   Data           4  focmotor.o(.data)
    zero_electric_angle                      0x20000074   Data           4  focmotor.o(.data)
    sensor_direction                         0x20000078   Data           4  bldcmotor.o(.data)
    voltage_power_supply                     0x2000007c   Data           4  bldcmotor.o(.data)
    voltage_limit                            0x20000080   Data           4  bldcmotor.o(.data)
    voltage_sensor_align                     0x20000084   Data           4  bldcmotor.o(.data)
    pole_pairs                               0x20000088   Data           4  bldcmotor.o(.data)
    open_loop_timestamp                      0x2000008c   Data           4  bldcmotor.o(.data)
    velocity_limit                           0x20000090   Data           4  bldcmotor.o(.data)
    current_limit                            0x20000094   Data           4  bldcmotor.o(.data)
    pinA                                     0x20000098   Data           4  inlinecurrentsense.o(.data)
    pinB                                     0x2000009c   Data           4  inlinecurrentsense.o(.data)
    pinC                                     0x200000a0   Data           4  inlinecurrentsense.o(.data)
    gain_a                                   0x200000a4   Data           4  inlinecurrentsense.o(.data)
    gain_b                                   0x200000a8   Data           4  inlinecurrentsense.o(.data)
    gain_c                                   0x200000ac   Data           4  inlinecurrentsense.o(.data)
    offset_ia                                0x200000b0   Data           4  inlinecurrentsense.o(.data)
    offset_ib                                0x200000b4   Data           4  inlinecurrentsense.o(.data)
    offset_ic                                0x200000b8   Data           4  inlinecurrentsense.o(.data)
    target                                   0x200000bc   Data           4  main.o(.data)
    timecntr_pre                             0x200000c0   Data           4  main.o(.data)
    time_cntr                                0x200000c4   Data           4  main.o(.data)
    USART_RX_BUF                             0x200000cc   Data         256  usart.o(.bss)
    PID_current_q                            0x200001cc   Data          36  pid.o(.bss)
    PID_current_d                            0x200001f0   Data          36  pid.o(.bss)
    PID_velocity                             0x20000214   Data          36  pid.o(.bss)
    P_angle                                  0x20000238   Data          36  pid.o(.bss)
    LPF_current_q                            0x2000025c   Data          12  lowpass_filter.o(.bss)
    LPF_current_d                            0x20000268   Data          12  lowpass_filter.o(.bss)
    LPF_velocity                             0x20000274   Data          12  lowpass_filter.o(.bss)
    __initial_sp                             0x20000680   Data           0  startup_stm32f10x_md.o(STACK)



==============================================================================

Memory Map of the image

  Image Entry point : 0x080000ed

  Load Region LR_IROM1 (Base: 0x08000000, Size: 0x000057a4, Max: 0x00010000, ABSOLUTE)

    Execution Region ER_IROM1 (Base: 0x08000000, Size: 0x000056d8, Max: 0x00010000, ABSOLUTE)

    Base Addr    Size         Type   Attr      Idx    E Section Name        Object

    0x08000000   0x000000ec   Data   RO          132    RESET               startup_stm32f10x_md.o
    0x080000ec   0x00000000   Code   RO         3714  * .ARM.Collect$$$$00000000  mc_w.l(entry.o)
    0x080000ec   0x00000004   Code   RO         4041    .ARM.Collect$$$$00000001  mc_w.l(entry2.o)
    0x080000f0   0x00000004   Code   RO         4044    .ARM.Collect$$$$00000004  mc_w.l(entry5.o)
    0x080000f4   0x00000000   Code   RO         4046    .ARM.Collect$$$$00000008  mc_w.l(entry7b.o)
    0x080000f4   0x00000000   Code   RO         4048    .ARM.Collect$$$$0000000A  mc_w.l(entry8b.o)
    0x080000f4   0x00000008   Code   RO         4049    .ARM.Collect$$$$0000000B  mc_w.l(entry9a.o)
    0x080000fc   0x00000000   Code   RO         4051    .ARM.Collect$$$$0000000D  mc_w.l(entry10a.o)
    0x080000fc   0x00000000   Code   RO         4053    .ARM.Collect$$$$0000000F  mc_w.l(entry11a.o)
    0x080000fc   0x00000004   Code   RO         4042    .ARM.Collect$$$$00002712  mc_w.l(entry2.o)
    0x08000100   0x00000024   Code   RO          133    .text               startup_stm32f10x_md.o
    0x08000124   0x000000b0   Code   RO         3978    .text               mf_w.l(fadd.o)
    0x080001d4   0x00000064   Code   RO         3980    .text               mf_w.l(fmul.o)
    0x08000238   0x0000007c   Code   RO         3982    .text               mf_w.l(fdiv.o)
    0x080002b4   0x0000014e   Code   RO         3984    .text               mf_w.l(dadd.o)
    0x08000402   0x000000e4   Code   RO         3986    .text               mf_w.l(dmul.o)
    0x080004e6   0x000000de   Code   RO         3988    .text               mf_w.l(ddiv.o)
    0x080005c4   0x00000012   Code   RO         3990    .text               mf_w.l(fflti.o)
    0x080005d6   0x0000000a   Code   RO         3992    .text               mf_w.l(ffltui.o)
    0x080005e0   0x00000022   Code   RO         3994    .text               mf_w.l(dflti.o)
    0x08000602   0x0000001a   Code   RO         3996    .text               mf_w.l(dfltui.o)
    0x0800061c   0x00000028   Code   RO         3998    .text               mf_w.l(ffixui.o)
    0x08000644   0x0000003e   Code   RO         4000    .text               mf_w.l(dfixi.o)
    0x08000682   0x00000032   Code   RO         4002    .text               mf_w.l(dfixui.o)
    0x080006b4   0x00000026   Code   RO         4004    .text               mf_w.l(f2d.o)
    0x080006da   0x00000002   PAD
    0x080006dc   0x00000030   Code   RO         4006    .text               mf_w.l(cdcmple.o)
    0x0800070c   0x00000030   Code   RO         4008    .text               mf_w.l(cdrcmple.o)
    0x0800073c   0x00000038   Code   RO         4010    .text               mf_w.l(d2f.o)
    0x08000774   0x00000014   Code   RO         4012    .text               mf_w.l(cfcmple.o)
    0x08000788   0x00000014   Code   RO         4014    .text               mf_w.l(cfrcmple.o)
    0x0800079c   0x0000002c   Code   RO         4055    .text               mc_w.l(uidiv.o)
    0x080007c8   0x00000062   Code   RO         4057    .text               mc_w.l(uldiv.o)
    0x0800082a   0x0000001e   Code   RO         4059    .text               mc_w.l(llshl.o)
    0x08000848   0x00000020   Code   RO         4061    .text               mc_w.l(llushr.o)
    0x08000868   0x00000024   Code   RO         4063    .text               mc_w.l(llsshr.o)
    0x0800088c   0x0000009c   Code   RO         4072    .text               mc_w.l(strtod.o)
    0x08000928   0x00000000   Code   RO         4074    .text               mc_w.l(iusefp.o)
    0x08000928   0x0000006e   Code   RO         4075    .text               mf_w.l(fepilogue.o)
    0x08000996   0x000000ba   Code   RO         4077    .text               mf_w.l(depilogue.o)
    0x08000a50   0x00000086   Code   RO         4079    .text               mf_w.l(drem.o)
    0x08000ad6   0x00000030   Code   RO         4081    .text               mf_w.l(dfixul.o)
    0x08000b06   0x00000002   PAD
    0x08000b08   0x00000024   Code   RO         4087    .text               mc_w.l(init.o)
    0x08000b2c   0x0000000a   Code   RO         4089    .text               mc_w.l(isspace_c.o)
    0x08000b36   0x00000002   PAD
    0x08000b38   0x00000338   Code   RO         4091    .text               mc_w.l(scanf_fp.o)
    0x08000e70   0x00000040   Code   RO         4095    .text               mc_w.l(_sgetc.o)
    0x08000eb0   0x0000002e   Code   RO         4097    .text               mf_w.l(dscalb.o)
    0x08000ede   0x00000002   PAD
    0x08000ee0   0x00000028   Code   RO         4099    .text               mc_w.l(ctype_c.o)
    0x08000f08   0x00000018   Code   RO         4102    .text               mf_w.l(dfltul.o)
    0x08000f20   0x00000016   Code   RO          202    i.ADC_Cmd           stm32f10x_adc.o
    0x08000f36   0x00000002   PAD
    0x08000f38   0x0000005c   Code   RO          204    i.ADC_DeInit        stm32f10x_adc.o
    0x08000f94   0x00000014   Code   RO          210    i.ADC_GetCalibrationStatus  stm32f10x_adc.o
    0x08000fa8   0x00000008   Code   RO          211    i.ADC_GetConversionValue  stm32f10x_adc.o
    0x08000fb0   0x00000012   Code   RO          213    i.ADC_GetFlagStatus  stm32f10x_adc.o
    0x08000fc2   0x00000014   Code   RO          216    i.ADC_GetResetCalibrationStatus  stm32f10x_adc.o
    0x08000fd6   0x00000002   PAD
    0x08000fd8   0x00000050   Code   RO          220    i.ADC_Init          stm32f10x_adc.o
    0x08001028   0x000000b8   Code   RO          224    i.ADC_RegularChannelConfig  stm32f10x_adc.o
    0x080010e0   0x0000000a   Code   RO          225    i.ADC_ResetCalibration  stm32f10x_adc.o
    0x080010ea   0x00000016   Code   RO          227    i.ADC_SoftwareStartConvCmd  stm32f10x_adc.o
    0x08001100   0x0000000a   Code   RO          229    i.ADC_StartCalibration  stm32f10x_adc.o
    0x0800110a   0x00000002   PAD
    0x0800110c   0x00000134   Code   RO         3615    i.Current_calibrateOffsets  inlinecurrentsense.o
    0x08001240   0x0000006c   Code   RO         3648    i.GPIO_Config       main.o
    0x080012ac   0x00000116   Code   RO         1311    i.GPIO_Init         stm32f10x_gpio.o
    0x080013c2   0x00000002   PAD
    0x080013c4   0x00000090   Code   RO         1313    i.GPIO_PinRemapConfig  stm32f10x_gpio.o
    0x08001454   0x00000004   Code   RO         1318    i.GPIO_ResetBits    stm32f10x_gpio.o
    0x08001458   0x00000004   Code   RO         1319    i.GPIO_SetBits      stm32f10x_gpio.o
    0x0800145c   0x00000018   Code   RO         1425    i.I2C_Cmd           stm32f10x_i2c.o
    0x08001474   0x00000038   Code   RO         1428    i.I2C_DeInit        stm32f10x_i2c.o
    0x080014ac   0x00000018   Code   RO         1433    i.I2C_GenerateSTOP  stm32f10x_i2c.o
    0x080014c4   0x000000ec   Code   RO         1439    i.I2C_Init          stm32f10x_i2c.o
    0x080015b0   0x00000084   Code   RO         3210    i.I2C_Init_         iic.o
    0x08001634   0x00000100   Code   RO         3338    i.I2C_getRawCount   magneticsensori2c.o
    0x08001734   0x000000e0   Code   RO         3616    i.InlineCurrentSense  inlinecurrentsense.o
    0x08001814   0x00000024   Code   RO         3617    i.InlineCurrentSense_Init  inlinecurrentsense.o
    0x08001838   0x0000003c   Code   RO         3573    i.LPF_init          lowpass_filter.o
    0x08001874   0x000000c0   Code   RO         3574    i.LPFoperator       lowpass_filter.o
    0x08001934   0x00000094   Code   RO         3383    i.MagneticSensor_Init  sensor.o
    0x080019c8   0x000000ac   Code   RO         3488    i.Motor_init        bldcmotor.o
    0x08001a74   0x00000074   Code   RO         3489    i.Motor_initFOC     bldcmotor.o
    0x08001ae8   0x00000070   Code   RO          137    i.NVIC_Init         misc.o
    0x08001b58   0x00000074   Code   RO         3549    i.PID_init          pid.o
    0x08001bcc   0x000001ac   Code   RO         3550    i.PIDoperator       pid.o
    0x08001d78   0x00000018   Code   RO         1725    i.RCC_ADCCLKConfig  stm32f10x_rcc.o
    0x08001d90   0x00000020   Code   RO         1727    i.RCC_APB1PeriphClockCmd  stm32f10x_rcc.o
    0x08001db0   0x00000020   Code   RO         1728    i.RCC_APB1PeriphResetCmd  stm32f10x_rcc.o
    0x08001dd0   0x00000020   Code   RO         1729    i.RCC_APB2PeriphClockCmd  stm32f10x_rcc.o
    0x08001df0   0x00000020   Code   RO         1730    i.RCC_APB2PeriphResetCmd  stm32f10x_rcc.o
    0x08001e10   0x000000d4   Code   RO         1737    i.RCC_GetClocksFreq  stm32f10x_rcc.o
    0x08001ee4   0x00000008   Code   RO           17    i.SetSysClock       system_stm32f10x.o
    0x08001eec   0x000000e0   Code   RO           18    i.SetSysClockTo72   system_stm32f10x.o
    0x08001fcc   0x00000060   Code   RO           20    i.SystemInit        system_stm32f10x.o
    0x0800202c   0x000000c0   Code   RO         3127    i.TIM2_PWM_Init     timer.o
    0x080020ec   0x00000018   Code   RO         2349    i.TIM_ARRPreloadConfig  stm32f10x_tim.o
    0x08002104   0x00000018   Code   RO         2361    i.TIM_Cmd           stm32f10x_tim.o
    0x0800211c   0x000001e8   Code   RO         2366    i.TIM_DeInit        stm32f10x_tim.o
    0x08002304   0x00000098   Code   RO         2390    i.TIM_OC1Init       stm32f10x_tim.o
    0x0800239c   0x00000012   Code   RO         2393    i.TIM_OC1PreloadConfig  stm32f10x_tim.o
    0x080023ae   0x00000002   PAD
    0x080023b0   0x000000a4   Code   RO         2395    i.TIM_OC2Init       stm32f10x_tim.o
    0x08002454   0x0000001a   Code   RO         2398    i.TIM_OC2PreloadConfig  stm32f10x_tim.o
    0x0800246e   0x00000002   PAD
    0x08002470   0x000000a0   Code   RO         2400    i.TIM_OC3Init       stm32f10x_tim.o
    0x08002510   0x00000012   Code   RO         2403    i.TIM_OC3PreloadConfig  stm32f10x_tim.o
    0x08002522   0x00000004   Code   RO         2422    i.TIM_SetCompare1   stm32f10x_tim.o
    0x08002526   0x00000004   Code   RO         2423    i.TIM_SetCompare2   stm32f10x_tim.o
    0x0800252a   0x00000004   Code   RO         2424    i.TIM_SetCompare3   stm32f10x_tim.o
    0x0800252e   0x00000002   PAD
    0x08002530   0x000000a4   Code   RO         2432    i.TIM_TimeBaseInit  stm32f10x_tim.o
    0x080025d4   0x00000094   Code   RO         3169    i.USART1_IRQHandler  usart.o
    0x08002668   0x00000018   Code   RO         2897    i.USART_Cmd         stm32f10x_usart.o
    0x08002680   0x00000054   Code   RO         2901    i.USART_GetITStatus  stm32f10x_usart.o
    0x080026d4   0x0000004a   Code   RO         2903    i.USART_ITConfig    stm32f10x_usart.o
    0x0800271e   0x00000002   PAD
    0x08002720   0x000000d8   Code   RO         2904    i.USART_Init        stm32f10x_usart.o
    0x080027f8   0x0000000a   Code   RO         2911    i.USART_ReceiveData  stm32f10x_usart.o
    0x08002802   0x00000002   PAD
    0x08002804   0x00000020   Code   RO         3950    i.__0printf         mc_w.l(printfa.o)
    0x08002824   0x00000028   Code   RO         4083    i.__ARM_fpclassify  m_ws.l(fpclassify.o)
    0x0800284c   0x000000aa   Code   RO         4085    i.__kernel_poly     m_ws.l(poly.o)
    0x080028f6   0x00000006   Code   RO         4027    i.__mathlib_dbl_infnan  m_ws.l(dunder.o)
    0x080028fc   0x00000004   Code   RO         4028    i.__mathlib_dbl_infnan2  m_ws.l(dunder.o)
    0x08002900   0x0000000c   Code   RO         4029    i.__mathlib_dbl_invalid  m_ws.l(dunder.o)
    0x0800290c   0x00000010   Code   RO         4032    i.__mathlib_dbl_underflow  m_ws.l(dunder.o)
    0x0800291c   0x0000000c   Code   RO         4066    i.__read_errno      mc_w.l(errno.o)
    0x08002928   0x0000000e   Code   RO         4106    i.__scatterload_copy  mc_w.l(handlers.o)
    0x08002936   0x00000002   Code   RO         4107    i.__scatterload_null  mc_w.l(handlers.o)
    0x08002938   0x0000000e   Code   RO         4108    i.__scatterload_zeroinit  mc_w.l(handlers.o)
    0x08002946   0x00000002   PAD
    0x08002948   0x0000000c   Code   RO         4067    i.__set_errno       mc_w.l(errno.o)
    0x08002954   0x0000006c   Code   RO         3419    i._cos              foc_utils.o
    0x080029c0   0x00000016   Code   RO         3420    i._electricalAngle  foc_utils.o
    0x080029d6   0x00000002   PAD
    0x080029d8   0x00000164   Code   RO         3957    i._fp_digits        mc_w.l(printfa.o)
    0x08002b3c   0x0000000e   Code   RO         4093    i._is_digit         mc_w.l(scanf_fp.o)
    0x08002b4a   0x00000002   PAD
    0x08002b4c   0x00000054   Code   RO         3421    i._normalizeAngle   foc_utils.o
    0x08002ba0   0x000006dc   Code   RO         3958    i._printf_core      mc_w.l(printfa.o)
    0x0800327c   0x00000024   Code   RO         3959    i._printf_post_padding  mc_w.l(printfa.o)
    0x080032a0   0x0000002e   Code   RO         3960    i._printf_pre_padding  mc_w.l(printfa.o)
    0x080032ce   0x00000002   PAD
    0x080032d0   0x00000044   Code   RO         3250    i._readADCVoltageInline  adc.o
    0x08003314   0x00000298   Code   RO         3422    i._sin              foc_utils.o
    0x080035ac   0x00000020   Code   RO         3423    i._sqrtApprox       foc_utils.o
    0x080035cc   0x000003dc   Code   RO         3490    i.alignSensor       bldcmotor.o
    0x080039a8   0x00000034   Code   RO         3251    i.analogRead        adc.o
    0x080039dc   0x00000178   Code   RO         3491    i.angleOpenloop     bldcmotor.o
    0x08003b54   0x00000220   Code   RO         4017    i.atan              m_ws.l(atan.o)
    0x08003d74   0x00000180   Code   RO         3695    i.atan2             m_ws.l(atan2.o)
    0x08003ef4   0x0000002a   Code   RO         3703    i.atof              m_ws.l(atof.o)
    0x08003f1e   0x00000002   PAD
    0x08003f20   0x0000011c   Code   RO         3649    i.commander_run     main.o
    0x0800403c   0x0000013c   Code   RO         3252    i.configureADCInline  adc.o
    0x08004178   0x00000048   Code   RO         3142    i.delay_ms          delay.o
    0x080041c0   0x00000048   Code   RO         3458    i.electricalAngle   focmotor.o
    0x08004208   0x00000094   Code   RO         3707    i.fmod              m_ws.l(fmod.o)
    0x0800429c   0x0000001c   Code   RO         3171    i.fputc             usart.o
    0x080042b8   0x00000160   Code   RO         3384    i.getAngle          sensor.o
    0x08004418   0x00000154   Code   RO         3597    i.getDCCurrent      currentsense.o
    0x0800456c   0x00000130   Code   RO         3598    i.getFOCCurrents    currentsense.o
    0x0800469c   0x000000ac   Code   RO         3618    i.getPhaseCurrents  inlinecurrentsense.o
    0x08004748   0x00000014   Code   RO         3385    i.getRawCount       sensor.o
    0x0800475c   0x000000d0   Code   RO         3386    i.getVelocity       sensor.o
    0x0800482c   0x0000013c   Code   RO         3492    i.loopFOC           bldcmotor.o
    0x08004968   0x00000170   Code   RO         3650    i.main              main.o
    0x08004ad8   0x00000104   Code   RO         3493    i.move              bldcmotor.o
    0x08004bdc   0x00000488   Code   RO         3494    i.setPhaseVoltage   bldcmotor.o
    0x08005064   0x00000030   Code   RO         3459    i.shaftAngle        focmotor.o
    0x08005094   0x0000002c   Code   RO         3460    i.shaftVelocity     focmotor.o
    0x080050c0   0x00000018   Code   RO         3144    i.systick_CountMode  delay.o
    0x080050d8   0x00000044   Code   RO         3651    i.timecount         main.o
    0x0800511c   0x000000a0   Code   RO         3172    i.uart_init         usart.o
    0x080051bc   0x000000f8   Code   RO         3495    i.velocityOpenloop  bldcmotor.o
    0x080052b4   0x00000320   Data   RO         3424    .constdata          foc_utils.o
    0x080055d4   0x00000004   PAD
    0x080055d8   0x00000098   Data   RO         4018    .constdata          m_ws.l(atan.o)
    0x08005670   0x00000008   Data   RO         4040    .constdata          m_ws.l(qnan.o)
    0x08005678   0x00000040   Data   RO         4100    .constdata          mc_w.l(ctype_c.o)
    0x080056b8   0x00000020   Data   RO         4104    Region$$Table       anon$$obj.o


    Execution Region RW_IRAM1 (Base: 0x20000000, Size: 0x00000680, Max: 0x00005000, ABSOLUTE)

    Base Addr    Size         Type   Attr      Idx    E Section Name        Object

    0x20000000   0x00000014   Data   RW         1757    .data               stm32f10x_rcc.o
    0x20000014   0x00000006   Data   RW         3174    .data               usart.o
    0x2000001a   0x00000002   PAD
    0x2000001c   0x00000028   Data   RW         3387    .data               sensor.o
    0x20000044   0x00000034   Data   RW         3461    .data               focmotor.o
    0x20000078   0x00000020   Data   RW         3496    .data               bldcmotor.o
    0x20000098   0x00000024   Data   RW         3619    .data               inlinecurrentsense.o
    0x200000bc   0x0000000c   Data   RW         3652    .data               main.o
    0x200000c8   0x00000004   Data   RW         4068    .data               mc_w.l(errno.o)
    0x200000cc   0x00000100   Zero   RW         3173    .bss                usart.o
    0x200001cc   0x00000090   Zero   RW         3551    .bss                pid.o
    0x2000025c   0x00000024   Zero   RW         3575    .bss                lowpass_filter.o
    0x20000280   0x00000400   Zero   RW          130    STACK               startup_stm32f10x_md.o


==============================================================================

Image component sizes


      Code (inc. data)   RO Data    RW Data    ZI Data      Debug   Object Name

       436         34          0          0          0       2870   adc.o
      3636        744          0         32          0       6604   bldcmotor.o
         0          0          0          0          0       4536   core_cm3.o
       644         34          0          0          0       1988   currentsense.o
        96          6          0          0          0        931   delay.o
       910         86        800          0          0       3310   foc_utils.o
       164         34          0         52          0       2588   focmotor.o
       132         14          0          0          0        560   iic.o
       740        202          0         36          0       3165   inlinecurrentsense.o
       252         36          0          0         36       2200   lowpass_filter.o
       256          0          0          0          0       1214   magneticsensori2c.o
       828        224          0         12          0       2313   main.o
       112         12          0          0          0     213256   misc.o
       544         38          0          0        144       2324   pid.o
       728        130          0         40          0       3109   sensor.o
        36          8        236          0       1024        780   startup_stm32f10x_md.o
       486         24          0          0          0       7966   stm32f10x_adc.o
       430          6          0          0          0       3614   stm32f10x_gpio.o
       340         20          0          0          0       3805   stm32f10x_i2c.o
       364         50          0         20          0       5759   stm32f10x_rcc.o
      1250        146          0          0          0       7974   stm32f10x_tim.o
       408          6          0          0          0       4674   stm32f10x_usart.o
       328         28          0          0          0      53113   system_stm32f10x.o
       192          6          0          0          0        640   timer.o
       336         24          0          6        256       3568   usart.o

    ----------------------------------------------------------------------
     13668       1912       1072        200       1460     342861   Object Totals
         0          0         32          0          0          0   (incl. Generated)
        20          0          4          2          0          0   (incl. Padding)

    ----------------------------------------------------------------------

      Code (inc. data)   RO Data    RW Data    ZI Data      Debug   Library Member Name

       544         70        152          0          0        124   atan.o
       384         38          0          0          0        144   atan2.o
        42          0          0          0          0         84   atof.o
        38          6          0          0          0        272   dunder.o
       148          4          0          0          0         88   fmod.o
        40          0          0          0          0         68   fpclassify.o
       170          0          0          0          0         96   poly.o
         0          0          8          0          0          0   qnan.o
        64          0          0          0          0         84   _sgetc.o
        40          6         64          0          0         68   ctype_c.o
         0          0          0          0          0          0   entry.o
         0          0          0          0          0          0   entry10a.o
         0          0          0          0          0          0   entry11a.o
         8          4          0          0          0          0   entry2.o
         4          0          0          0          0          0   entry5.o
         0          0          0          0          0          0   entry7b.o
         0          0          0          0          0          0   entry8b.o
         8          4          0          0          0          0   entry9a.o
        24         12          0          4          0        136   errno.o
        30          0          0          0          0          0   handlers.o
        36          8          0          0          0         68   init.o
        10          0          0          0          0         68   isspace_c.o
         0          0          0          0          0          0   iusefp.o
        30          0          0          0          0         68   llshl.o
        36          0          0          0          0         68   llsshr.o
        32          0          0          0          0         68   llushr.o
      2226         90          0          0          0        444   printfa.o
       838         12          0          0          0        216   scanf_fp.o
       156         14          0          0          0        120   strtod.o
        44          0          0          0          0         80   uidiv.o
        98          0          0          0          0         92   uldiv.o
        48          0          0          0          0         68   cdcmple.o
        48          0          0          0          0         68   cdrcmple.o
        20          0          0          0          0         68   cfcmple.o
        20          0          0          0          0         68   cfrcmple.o
        56          0          0          0          0         88   d2f.o
       334          0          0          0          0        148   dadd.o
       222          0          0          0          0        100   ddiv.o
       186          0          0          0          0        176   depilogue.o
        62          0          0          0          0         80   dfixi.o
        50          0          0          0          0         76   dfixui.o
        48          0          0          0          0         68   dfixul.o
        34          0          0          0          0         76   dflti.o
        26          0          0          0          0         76   dfltui.o
        24          0          0          0          0         76   dfltul.o
       228          0          0          0          0         96   dmul.o
       134          0          0          0          0         96   drem.o
        46          0          0          0          0         80   dscalb.o
        38          0          0          0          0         68   f2d.o
       176          0          0          0          0        140   fadd.o
       124          0          0          0          0         88   fdiv.o
       110          0          0          0          0        168   fepilogue.o
        40          0          0          0          0         68   ffixui.o
        18          0          0          0          0         68   fflti.o
        10          0          0          0          0         68   ffltui.o
       100          0          0          0          0         76   fmul.o

    ----------------------------------------------------------------------
      7268        268        224          4          0       4708   Library Totals
        16          0          0          0          0          0   (incl. Padding)

    ----------------------------------------------------------------------

      Code (inc. data)   RO Data    RW Data    ZI Data      Debug   Library Name

      1366        118        160          0          0        876   m_ws.l
      3684        150         64          4          0       1580   mc_w.l
      2202          0          0          0          0       2252   mf_w.l

    ----------------------------------------------------------------------
      7268        268        224          4          0       4708   Library Totals

    ----------------------------------------------------------------------

==============================================================================


      Code (inc. data)   RO Data    RW Data    ZI Data      Debug   

     20936       2180       1296        204       1460     340441   Grand Totals
     20936       2180       1296        204       1460     340441   ELF Image Totals
     20936       2180       1296        204          0          0   ROM Totals

==============================================================================

    Total RO  Size (Code + RO Data)                22232 (  21.71kB)
    Total RW  Size (RW Data + ZI Data)              1664 (   1.63kB)
    Total ROM Size (Code + RO Data + RW Data)      22436 (  21.91kB)

==============================================================================

